<!doctype html public "-//w3c//dtd html 4.0 transitional//en">
<html><head>
<title>Static Call Graph - [.\Lab10_C++.axf]</title></head>
<body><HR>
<H1>Static Call Graph for image .\Lab10_C++.axf</H1><HR>
<BR><P>#&#060CALLGRAPH&#062# ARM Linker, 5060960: Last Updated: Sun May 01 15:37:19 2022
<BR><P>
<H3>Maximum Stack Usage =        144 bytes + Unknown(Functions without stacksize, Cycles, Untraceable Function Pointers)</H3><H3>
Call chain for Maximum Stack Depth:</H3>
__rt_entry_main &rArr; main &rArr; Display_UnrenderCursor(short, short, short, short, const unsigned short*) &rArr; Display_DrawPixel(short, short, unsigned short) &rArr; setAddrWindow(unsigned char, unsigned char, unsigned char, unsigned char) &rArr; xchg_spi
<P>
<H3>
Functions with no stack information
</H3><UL>
 <LI><a href="#[8]">Reset_Handler</a>
 <LI><a href="#[96]">DisableInterrupts</a>
 <LI><a href="#[99]">EnableInterrupts</a>
 <LI><a href="#[112]">StartCritical</a>
 <LI><a href="#[113]">EndCritical</a>
 <LI><a href="#[114]">WaitForInterrupt</a>
 <LI><a href="#[ea]">__user_initial_stackheap</a>
</UL>
</UL>
<P>
<H3>
Mutually Recursive functions
</H3> <LI><a href="#[9]">NMI_Handler</a>&nbsp;&nbsp;&nbsp;&rArr;&nbsp;&nbsp;&nbsp;<a href="#[9]">NMI_Handler</a><BR>
 <LI><a href="#[a]">HardFault_Handler</a>&nbsp;&nbsp;&nbsp;&rArr;&nbsp;&nbsp;&nbsp;<a href="#[a]">HardFault_Handler</a><BR>
 <LI><a href="#[b]">MemManage_Handler</a>&nbsp;&nbsp;&nbsp;&rArr;&nbsp;&nbsp;&nbsp;<a href="#[b]">MemManage_Handler</a><BR>
 <LI><a href="#[c]">BusFault_Handler</a>&nbsp;&nbsp;&nbsp;&rArr;&nbsp;&nbsp;&nbsp;<a href="#[c]">BusFault_Handler</a><BR>
 <LI><a href="#[d]">UsageFault_Handler</a>&nbsp;&nbsp;&nbsp;&rArr;&nbsp;&nbsp;&nbsp;<a href="#[d]">UsageFault_Handler</a><BR>
 <LI><a href="#[e]">SVC_Handler</a>&nbsp;&nbsp;&nbsp;&rArr;&nbsp;&nbsp;&nbsp;<a href="#[e]">SVC_Handler</a><BR>
 <LI><a href="#[f]">DebugMon_Handler</a>&nbsp;&nbsp;&nbsp;&rArr;&nbsp;&nbsp;&nbsp;<a href="#[f]">DebugMon_Handler</a><BR>
 <LI><a href="#[10]">PendSV_Handler</a>&nbsp;&nbsp;&nbsp;&rArr;&nbsp;&nbsp;&nbsp;<a href="#[10]">PendSV_Handler</a><BR>
 <LI><a href="#[11]">SysTick_Handler</a>&nbsp;&nbsp;&nbsp;&rArr;&nbsp;&nbsp;&nbsp;<a href="#[11]">SysTick_Handler</a><BR>
 <LI><a href="#[20]">ADC0Seq0_Handler</a>&nbsp;&nbsp;&nbsp;&rArr;&nbsp;&nbsp;&nbsp;<a href="#[20]">ADC0Seq0_Handler</a><BR>
</UL>
<P>
<H3>
Function Pointers
</H3><UL>
 <LI><a href="#[20]">ADC0Seq0_Handler</a> from startup_tm4c123.o(RESET) referenced from startup_tm4c123.o(RESET)
 <LI><a href="#[21]">ADC0Seq1_Handler</a> from startup_tm4c123.o(RESET) referenced from startup_tm4c123.o(RESET)
 <LI><a href="#[22]">ADC0Seq2_Handler</a> from startup_tm4c123.o(RESET) referenced from startup_tm4c123.o(RESET)
 <LI><a href="#[23]">ADC0Seq3_Handler</a> from startup_tm4c123.o(RESET) referenced from startup_tm4c123.o(RESET)
 <LI><a href="#[42]">ADC1Seq0_Handler</a> from startup_tm4c123.o(RESET) referenced from startup_tm4c123.o(RESET)
 <LI><a href="#[43]">ADC1Seq1_Handler</a> from startup_tm4c123.o(RESET) referenced from startup_tm4c123.o(RESET)
 <LI><a href="#[44]">ADC1Seq2_Handler</a> from startup_tm4c123.o(RESET) referenced from startup_tm4c123.o(RESET)
 <LI><a href="#[45]">ADC1Seq3_Handler</a> from startup_tm4c123.o(RESET) referenced from startup_tm4c123.o(RESET)
 <LI><a href="#[c]">BusFault_Handler</a> from startup_tm4c123.o(RESET) referenced from startup_tm4c123.o(RESET)
 <LI><a href="#[39]">CAN0_Handler</a> from startup_tm4c123.o(RESET) referenced from startup_tm4c123.o(RESET)
 <LI><a href="#[3a]">CAN1_Handler</a> from startup_tm4c123.o(RESET) referenced from startup_tm4c123.o(RESET)
 <LI><a href="#[3b]">CAN2_Handler</a> from startup_tm4c123.o(RESET) referenced from startup_tm4c123.o(RESET)
 <LI><a href="#[2b]">Comp0_Handler</a> from startup_tm4c123.o(RESET) referenced from startup_tm4c123.o(RESET)
 <LI><a href="#[2c]">Comp1_Handler</a> from startup_tm4c123.o(RESET) referenced from startup_tm4c123.o(RESET)
 <LI><a href="#[2d]">Comp2_Handler</a> from startup_tm4c123.o(RESET) referenced from startup_tm4c123.o(RESET)
 <LI><a href="#[f]">DebugMon_Handler</a> from startup_tm4c123.o(RESET) referenced from startup_tm4c123.o(RESET)
 <LI><a href="#[3c]">Ethernet_Handler</a> from startup_tm4c123.o(RESET) referenced from startup_tm4c123.o(RESET)
 <LI><a href="#[47]">ExtBus_Handler</a> from startup_tm4c123.o(RESET) referenced from startup_tm4c123.o(RESET)
 <LI><a href="#[64]">FPU_Handler</a> from startup_tm4c123.o(RESET) referenced from startup_tm4c123.o(RESET)
 <LI><a href="#[6c]">Fan0_Handler</a> from startup_tm4c123.o(RESET) referenced from startup_tm4c123.o(RESET)
 <LI><a href="#[2f]">FlashCtl_Handler</a> from startup_tm4c123.o(RESET) referenced from startup_tm4c123.o(RESET)
 <LI><a href="#[12]">GPIOPortA_Handler</a> from startup_tm4c123.o(RESET) referenced from startup_tm4c123.o(RESET)
 <LI><a href="#[13]">GPIOPortB_Handler</a> from startup_tm4c123.o(RESET) referenced from startup_tm4c123.o(RESET)
 <LI><a href="#[14]">GPIOPortC_Handler</a> from startup_tm4c123.o(RESET) referenced from startup_tm4c123.o(RESET)
 <LI><a href="#[15]">GPIOPortD_Handler</a> from startup_tm4c123.o(RESET) referenced from startup_tm4c123.o(RESET)
 <LI><a href="#[16]">GPIOPortE_Handler</a> from startup_tm4c123.o(RESET) referenced from startup_tm4c123.o(RESET)
 <LI><a href="#[30]">GPIOPortF_Handler</a> from startup_tm4c123.o(RESET) referenced from startup_tm4c123.o(RESET)
 <LI><a href="#[31]">GPIOPortG_Handler</a> from startup_tm4c123.o(RESET) referenced from startup_tm4c123.o(RESET)
 <LI><a href="#[32]">GPIOPortH_Handler</a> from startup_tm4c123.o(RESET) referenced from startup_tm4c123.o(RESET)
 <LI><a href="#[48]">GPIOPortJ_Handler</a> from startup_tm4c123.o(RESET) referenced from startup_tm4c123.o(RESET)
 <LI><a href="#[49]">GPIOPortK_Handler</a> from startup_tm4c123.o(RESET) referenced from startup_tm4c123.o(RESET)
 <LI><a href="#[4a]">GPIOPortL_Handler</a> from startup_tm4c123.o(RESET) referenced from startup_tm4c123.o(RESET)
 <LI><a href="#[69]">GPIOPortM_Handler</a> from startup_tm4c123.o(RESET) referenced from startup_tm4c123.o(RESET)
 <LI><a href="#[6a]">GPIOPortN_Handler</a> from startup_tm4c123.o(RESET) referenced from startup_tm4c123.o(RESET)
 <LI><a href="#[6e]">GPIOPortP1_Handler</a> from startup_tm4c123.o(RESET) referenced from startup_tm4c123.o(RESET)
 <LI><a href="#[6f]">GPIOPortP2_Handler</a> from startup_tm4c123.o(RESET) referenced from startup_tm4c123.o(RESET)
 <LI><a href="#[70]">GPIOPortP3_Handler</a> from startup_tm4c123.o(RESET) referenced from startup_tm4c123.o(RESET)
 <LI><a href="#[71]">GPIOPortP4_Handler</a> from startup_tm4c123.o(RESET) referenced from startup_tm4c123.o(RESET)
 <LI><a href="#[72]">GPIOPortP5_Handler</a> from startup_tm4c123.o(RESET) referenced from startup_tm4c123.o(RESET)
 <LI><a href="#[73]">GPIOPortP6_Handler</a> from startup_tm4c123.o(RESET) referenced from startup_tm4c123.o(RESET)
 <LI><a href="#[74]">GPIOPortP7_Handler</a> from startup_tm4c123.o(RESET) referenced from startup_tm4c123.o(RESET)
 <LI><a href="#[6d]">GPIOPortP_Handler</a> from startup_tm4c123.o(RESET) referenced from startup_tm4c123.o(RESET)
 <LI><a href="#[76]">GPIOPortQ1_Handler</a> from startup_tm4c123.o(RESET) referenced from startup_tm4c123.o(RESET)
 <LI><a href="#[77]">GPIOPortQ2_Handler</a> from startup_tm4c123.o(RESET) referenced from startup_tm4c123.o(RESET)
 <LI><a href="#[78]">GPIOPortQ3_Handler</a> from startup_tm4c123.o(RESET) referenced from startup_tm4c123.o(RESET)
 <LI><a href="#[79]">GPIOPortQ4_Handler</a> from startup_tm4c123.o(RESET) referenced from startup_tm4c123.o(RESET)
 <LI><a href="#[7a]">GPIOPortQ5_Handler</a> from startup_tm4c123.o(RESET) referenced from startup_tm4c123.o(RESET)
 <LI><a href="#[7b]">GPIOPortQ6_Handler</a> from startup_tm4c123.o(RESET) referenced from startup_tm4c123.o(RESET)
 <LI><a href="#[7c]">GPIOPortQ7_Handler</a> from startup_tm4c123.o(RESET) referenced from startup_tm4c123.o(RESET)
 <LI><a href="#[75]">GPIOPortQ_Handler</a> from startup_tm4c123.o(RESET) referenced from startup_tm4c123.o(RESET)
 <LI><a href="#[7d]">GPIOPortR_Handler</a> from startup_tm4c123.o(RESET) referenced from startup_tm4c123.o(RESET)
 <LI><a href="#[7e]">GPIOPortS_Handler</a> from startup_tm4c123.o(RESET) referenced from startup_tm4c123.o(RESET)
 <LI><a href="#[a]">HardFault_Handler</a> from startup_tm4c123.o(RESET) referenced from startup_tm4c123.o(RESET)
 <LI><a href="#[3d]">Hibernate_Handler</a> from startup_tm4c123.o(RESET) referenced from startup_tm4c123.o(RESET)
 <LI><a href="#[1a]">I2C0_Handler</a> from startup_tm4c123.o(RESET) referenced from startup_tm4c123.o(RESET)
 <LI><a href="#[37]">I2C1_Handler</a> from startup_tm4c123.o(RESET) referenced from startup_tm4c123.o(RESET)
 <LI><a href="#[52]">I2C2_Handler</a> from startup_tm4c123.o(RESET) referenced from startup_tm4c123.o(RESET)
 <LI><a href="#[53]">I2C3_Handler</a> from startup_tm4c123.o(RESET) referenced from startup_tm4c123.o(RESET)
 <LI><a href="#[67]">I2C4_Handler</a> from startup_tm4c123.o(RESET) referenced from startup_tm4c123.o(RESET)
 <LI><a href="#[68]">I2C5_Handler</a> from startup_tm4c123.o(RESET) referenced from startup_tm4c123.o(RESET)
 <LI><a href="#[46]">I2S0_Handler</a> from startup_tm4c123.o(RESET) referenced from startup_tm4c123.o(RESET)
 <LI><a href="#[66]">LPC0_Handler</a> from startup_tm4c123.o(RESET) referenced from startup_tm4c123.o(RESET)
 <LI><a href="#[b]">MemManage_Handler</a> from startup_tm4c123.o(RESET) referenced from startup_tm4c123.o(RESET)
 <LI><a href="#[9]">NMI_Handler</a> from startup_tm4c123.o(RESET) referenced from startup_tm4c123.o(RESET)
 <LI><a href="#[65]">PECI0_Handler</a> from startup_tm4c123.o(RESET) referenced from startup_tm4c123.o(RESET)
 <LI><a href="#[1b]">PWM0Fault_Handler</a> from startup_tm4c123.o(RESET) referenced from startup_tm4c123.o(RESET)
 <LI><a href="#[1c]">PWM0Generator0_Handler</a> from startup_tm4c123.o(RESET) referenced from startup_tm4c123.o(RESET)
 <LI><a href="#[1d]">PWM0Generator1_Handler</a> from startup_tm4c123.o(RESET) referenced from startup_tm4c123.o(RESET)
 <LI><a href="#[1e]">PWM0Generator2_Handler</a> from startup_tm4c123.o(RESET) referenced from startup_tm4c123.o(RESET)
 <LI><a href="#[3f]">PWM0Generator3_Handler</a> from startup_tm4c123.o(RESET) referenced from startup_tm4c123.o(RESET)
 <LI><a href="#[83]">PWM1Fault_Handler</a> from startup_tm4c123.o(RESET) referenced from startup_tm4c123.o(RESET)
 <LI><a href="#[7f]">PWM1Generator0_Handler</a> from startup_tm4c123.o(RESET) referenced from startup_tm4c123.o(RESET)
 <LI><a href="#[80]">PWM1Generator1_Handler</a> from startup_tm4c123.o(RESET) referenced from startup_tm4c123.o(RESET)
 <LI><a href="#[81]">PWM1Generator2_Handler</a> from startup_tm4c123.o(RESET) referenced from startup_tm4c123.o(RESET)
 <LI><a href="#[82]">PWM1Generator3_Handler</a> from startup_tm4c123.o(RESET) referenced from startup_tm4c123.o(RESET)
 <LI><a href="#[10]">PendSV_Handler</a> from startup_tm4c123.o(RESET) referenced from startup_tm4c123.o(RESET)
 <LI><a href="#[1f]">Quadrature0_Handler</a> from startup_tm4c123.o(RESET) referenced from startup_tm4c123.o(RESET)
 <LI><a href="#[38]">Quadrature1_Handler</a> from startup_tm4c123.o(RESET) referenced from startup_tm4c123.o(RESET)
 <LI><a href="#[6b]">Quadrature2_Handler</a> from startup_tm4c123.o(RESET) referenced from startup_tm4c123.o(RESET)
 <LI><a href="#[8]">Reset_Handler</a> from startup_tm4c123.o(RESET) referenced from startup_tm4c123.o(RESET)
 <LI><a href="#[19]">SSI0_Handler</a> from startup_tm4c123.o(RESET) referenced from startup_tm4c123.o(RESET)
 <LI><a href="#[34]">SSI1_Handler</a> from startup_tm4c123.o(RESET) referenced from startup_tm4c123.o(RESET)
 <LI><a href="#[4b]">SSI2_Handler</a> from startup_tm4c123.o(RESET) referenced from startup_tm4c123.o(RESET)
 <LI><a href="#[4c]">SSI3_Handler</a> from startup_tm4c123.o(RESET) referenced from startup_tm4c123.o(RESET)
 <LI><a href="#[e]">SVC_Handler</a> from startup_tm4c123.o(RESET) referenced from startup_tm4c123.o(RESET)
 <LI><a href="#[2e]">SysCtl_Handler</a> from startup_tm4c123.o(RESET) referenced from startup_tm4c123.o(RESET)
 <LI><a href="#[11]">SysTick_Handler</a> from startup_tm4c123.o(RESET) referenced from startup_tm4c123.o(RESET)
 <LI><a href="#[25]">Timer0A_Handler</a> from timer0.o(.text) referenced from startup_tm4c123.o(RESET)
 <LI><a href="#[26]">Timer0B_Handler</a> from startup_tm4c123.o(RESET) referenced from startup_tm4c123.o(RESET)
 <LI><a href="#[27]">Timer1A_Handler</a> from diskio.o(.text) referenced from startup_tm4c123.o(RESET)
 <LI><a href="#[28]">Timer1B_Handler</a> from startup_tm4c123.o(RESET) referenced from startup_tm4c123.o(RESET)
 <LI><a href="#[29]">Timer2A_Handler</a> from startup_tm4c123.o(RESET) referenced from startup_tm4c123.o(RESET)
 <LI><a href="#[2a]">Timer2B_Handler</a> from startup_tm4c123.o(RESET) referenced from startup_tm4c123.o(RESET)
 <LI><a href="#[35]">Timer3A_Handler</a> from startup_tm4c123.o(RESET) referenced from startup_tm4c123.o(RESET)
 <LI><a href="#[36]">Timer3B_Handler</a> from startup_tm4c123.o(RESET) referenced from startup_tm4c123.o(RESET)
 <LI><a href="#[54]">Timer4A_Handler</a> from startup_tm4c123.o(RESET) referenced from startup_tm4c123.o(RESET)
 <LI><a href="#[55]">Timer4B_Handler</a> from startup_tm4c123.o(RESET) referenced from startup_tm4c123.o(RESET)
 <LI><a href="#[56]">Timer5A_Handler</a> from startup_tm4c123.o(RESET) referenced from startup_tm4c123.o(RESET)
 <LI><a href="#[57]">Timer5B_Handler</a> from startup_tm4c123.o(RESET) referenced from startup_tm4c123.o(RESET)
 <LI><a href="#[17]">UART0_Handler</a> from startup_tm4c123.o(RESET) referenced from startup_tm4c123.o(RESET)
 <LI><a href="#[18]">UART1_Handler</a> from uart.o(.text) referenced from startup_tm4c123.o(RESET)
 <LI><a href="#[33]">UART2_Handler</a> from startup_tm4c123.o(RESET) referenced from startup_tm4c123.o(RESET)
 <LI><a href="#[4d]">UART3_Handler</a> from startup_tm4c123.o(RESET) referenced from startup_tm4c123.o(RESET)
 <LI><a href="#[4e]">UART4_Handler</a> from startup_tm4c123.o(RESET) referenced from startup_tm4c123.o(RESET)
 <LI><a href="#[4f]">UART5_Handler</a> from startup_tm4c123.o(RESET) referenced from startup_tm4c123.o(RESET)
 <LI><a href="#[50]">UART6_Handler</a> from startup_tm4c123.o(RESET) referenced from startup_tm4c123.o(RESET)
 <LI><a href="#[51]">UART7_Handler</a> from startup_tm4c123.o(RESET) referenced from startup_tm4c123.o(RESET)
 <LI><a href="#[3e]">USB0_Handler</a> from startup_tm4c123.o(RESET) referenced from startup_tm4c123.o(RESET)
 <LI><a href="#[d]">UsageFault_Handler</a> from startup_tm4c123.o(RESET) referenced from startup_tm4c123.o(RESET)
 <LI><a href="#[24]">WDT_Handler</a> from startup_tm4c123.o(RESET) referenced from startup_tm4c123.o(RESET)
 <LI><a href="#[58]">WideTimer0A_Handler</a> from startup_tm4c123.o(RESET) referenced from startup_tm4c123.o(RESET)
 <LI><a href="#[59]">WideTimer0B_Handler</a> from startup_tm4c123.o(RESET) referenced from startup_tm4c123.o(RESET)
 <LI><a href="#[5a]">WideTimer1A_Handler</a> from startup_tm4c123.o(RESET) referenced from startup_tm4c123.o(RESET)
 <LI><a href="#[5b]">WideTimer1B_Handler</a> from startup_tm4c123.o(RESET) referenced from startup_tm4c123.o(RESET)
 <LI><a href="#[5c]">WideTimer2A_Handler</a> from startup_tm4c123.o(RESET) referenced from startup_tm4c123.o(RESET)
 <LI><a href="#[5d]">WideTimer2B_Handler</a> from startup_tm4c123.o(RESET) referenced from startup_tm4c123.o(RESET)
 <LI><a href="#[5e]">WideTimer3A_Handler</a> from startup_tm4c123.o(RESET) referenced from startup_tm4c123.o(RESET)
 <LI><a href="#[5f]">WideTimer3B_Handler</a> from startup_tm4c123.o(RESET) referenced from startup_tm4c123.o(RESET)
 <LI><a href="#[60]">WideTimer4A_Handler</a> from startup_tm4c123.o(RESET) referenced from startup_tm4c123.o(RESET)
 <LI><a href="#[61]">WideTimer4B_Handler</a> from startup_tm4c123.o(RESET) referenced from startup_tm4c123.o(RESET)
 <LI><a href="#[62]">WideTimer5A_Handler</a> from startup_tm4c123.o(RESET) referenced from startup_tm4c123.o(RESET)
 <LI><a href="#[63]">WideTimer5B_Handler</a> from startup_tm4c123.o(RESET) referenced from startup_tm4c123.o(RESET)
 <LI><a href="#[84]">__sti___8_UART_cpp_RxFifo</a> from uart.o(.text) referenced from uart.o(.init_array)
 <LI><a href="#[41]">uDMA_Error</a> from startup_tm4c123.o(RESET) referenced from startup_tm4c123.o(RESET)
 <LI><a href="#[40]">uDMA_Handler</a> from startup_tm4c123.o(RESET) referenced from startup_tm4c123.o(RESET)
</UL>
<P>
<H3>
Global Symbols
</H3>
<P><STRONG><a name="[8]"></a>Reset_Handler</STRONG> (Thumb, 0 bytes, Stack size unknown bytes, startup_tm4c123.o(RESET))
<BR><BR>[Calls]<UL><LI><a href="#[85]">&gt;&gt;</a>&nbsp;&nbsp;&nbsp;__main
</UL>
<BR>[Address Reference Count : 1]<UL><LI> startup_tm4c123.o(RESET)
</UL>
<P><STRONG><a name="[9]"></a>NMI_Handler</STRONG> (Thumb, 2 bytes, Stack size 0 bytes, startup_tm4c123.o(RESET))
<BR><BR>[Calls]<UL><LI><a href="#[9]">&gt;&gt;</a>&nbsp;&nbsp;&nbsp;NMI_Handler
</UL>
<BR>[Called By]<UL><LI><a href="#[9]">&gt;&gt;</a>&nbsp;&nbsp;&nbsp;NMI_Handler
</UL>
<BR>[Address Reference Count : 1]<UL><LI> startup_tm4c123.o(RESET)
</UL>
<P><STRONG><a name="[a]"></a>HardFault_Handler</STRONG> (Thumb, 2 bytes, Stack size 0 bytes, startup_tm4c123.o(RESET))
<BR><BR>[Calls]<UL><LI><a href="#[a]">&gt;&gt;</a>&nbsp;&nbsp;&nbsp;HardFault_Handler
</UL>
<BR>[Called By]<UL><LI><a href="#[a]">&gt;&gt;</a>&nbsp;&nbsp;&nbsp;HardFault_Handler
</UL>
<BR>[Address Reference Count : 1]<UL><LI> startup_tm4c123.o(RESET)
</UL>
<P><STRONG><a name="[b]"></a>MemManage_Handler</STRONG> (Thumb, 2 bytes, Stack size 0 bytes, startup_tm4c123.o(RESET))
<BR><BR>[Calls]<UL><LI><a href="#[b]">&gt;&gt;</a>&nbsp;&nbsp;&nbsp;MemManage_Handler
</UL>
<BR>[Called By]<UL><LI><a href="#[b]">&gt;&gt;</a>&nbsp;&nbsp;&nbsp;MemManage_Handler
</UL>
<BR>[Address Reference Count : 1]<UL><LI> startup_tm4c123.o(RESET)
</UL>
<P><STRONG><a name="[c]"></a>BusFault_Handler</STRONG> (Thumb, 2 bytes, Stack size 0 bytes, startup_tm4c123.o(RESET))
<BR><BR>[Calls]<UL><LI><a href="#[c]">&gt;&gt;</a>&nbsp;&nbsp;&nbsp;BusFault_Handler
</UL>
<BR>[Called By]<UL><LI><a href="#[c]">&gt;&gt;</a>&nbsp;&nbsp;&nbsp;BusFault_Handler
</UL>
<BR>[Address Reference Count : 1]<UL><LI> startup_tm4c123.o(RESET)
</UL>
<P><STRONG><a name="[d]"></a>UsageFault_Handler</STRONG> (Thumb, 2 bytes, Stack size 0 bytes, startup_tm4c123.o(RESET))
<BR><BR>[Calls]<UL><LI><a href="#[d]">&gt;&gt;</a>&nbsp;&nbsp;&nbsp;UsageFault_Handler
</UL>
<BR>[Called By]<UL><LI><a href="#[d]">&gt;&gt;</a>&nbsp;&nbsp;&nbsp;UsageFault_Handler
</UL>
<BR>[Address Reference Count : 1]<UL><LI> startup_tm4c123.o(RESET)
</UL>
<P><STRONG><a name="[e]"></a>SVC_Handler</STRONG> (Thumb, 2 bytes, Stack size 0 bytes, startup_tm4c123.o(RESET))
<BR><BR>[Calls]<UL><LI><a href="#[e]">&gt;&gt;</a>&nbsp;&nbsp;&nbsp;SVC_Handler
</UL>
<BR>[Called By]<UL><LI><a href="#[e]">&gt;&gt;</a>&nbsp;&nbsp;&nbsp;SVC_Handler
</UL>
<BR>[Address Reference Count : 1]<UL><LI> startup_tm4c123.o(RESET)
</UL>
<P><STRONG><a name="[f]"></a>DebugMon_Handler</STRONG> (Thumb, 2 bytes, Stack size 0 bytes, startup_tm4c123.o(RESET))
<BR><BR>[Calls]<UL><LI><a href="#[f]">&gt;&gt;</a>&nbsp;&nbsp;&nbsp;DebugMon_Handler
</UL>
<BR>[Called By]<UL><LI><a href="#[f]">&gt;&gt;</a>&nbsp;&nbsp;&nbsp;DebugMon_Handler
</UL>
<BR>[Address Reference Count : 1]<UL><LI> startup_tm4c123.o(RESET)
</UL>
<P><STRONG><a name="[10]"></a>PendSV_Handler</STRONG> (Thumb, 2 bytes, Stack size 0 bytes, startup_tm4c123.o(RESET))
<BR><BR>[Calls]<UL><LI><a href="#[10]">&gt;&gt;</a>&nbsp;&nbsp;&nbsp;PendSV_Handler
</UL>
<BR>[Called By]<UL><LI><a href="#[10]">&gt;&gt;</a>&nbsp;&nbsp;&nbsp;PendSV_Handler
</UL>
<BR>[Address Reference Count : 1]<UL><LI> startup_tm4c123.o(RESET)
</UL>
<P><STRONG><a name="[11]"></a>SysTick_Handler</STRONG> (Thumb, 2 bytes, Stack size 0 bytes, startup_tm4c123.o(RESET))
<BR><BR>[Calls]<UL><LI><a href="#[11]">&gt;&gt;</a>&nbsp;&nbsp;&nbsp;SysTick_Handler
</UL>
<BR>[Called By]<UL><LI><a href="#[11]">&gt;&gt;</a>&nbsp;&nbsp;&nbsp;SysTick_Handler
</UL>
<BR>[Address Reference Count : 1]<UL><LI> startup_tm4c123.o(RESET)
</UL>
<P><STRONG><a name="[20]"></a>ADC0Seq0_Handler</STRONG> (Thumb, 0 bytes, Stack size 0 bytes, startup_tm4c123.o(RESET))
<BR><BR>[Calls]<UL><LI><a href="#[20]">&gt;&gt;</a>&nbsp;&nbsp;&nbsp;ADC0Seq0_Handler
</UL>
<BR>[Called By]<UL><LI><a href="#[20]">&gt;&gt;</a>&nbsp;&nbsp;&nbsp;ADC0Seq0_Handler
</UL>
<BR>[Address Reference Count : 1]<UL><LI> startup_tm4c123.o(RESET)
</UL>
<P><STRONG><a name="[21]"></a>ADC0Seq1_Handler</STRONG> (Thumb, 0 bytes, Stack size 0 bytes, startup_tm4c123.o(RESET))
<BR>[Address Reference Count : 1]<UL><LI> startup_tm4c123.o(RESET)
</UL>
<P><STRONG><a name="[22]"></a>ADC0Seq2_Handler</STRONG> (Thumb, 0 bytes, Stack size 0 bytes, startup_tm4c123.o(RESET))
<BR>[Address Reference Count : 1]<UL><LI> startup_tm4c123.o(RESET)
</UL>
<P><STRONG><a name="[23]"></a>ADC0Seq3_Handler</STRONG> (Thumb, 0 bytes, Stack size 0 bytes, startup_tm4c123.o(RESET))
<BR>[Address Reference Count : 1]<UL><LI> startup_tm4c123.o(RESET)
</UL>
<P><STRONG><a name="[42]"></a>ADC1Seq0_Handler</STRONG> (Thumb, 0 bytes, Stack size 0 bytes, startup_tm4c123.o(RESET))
<BR>[Address Reference Count : 1]<UL><LI> startup_tm4c123.o(RESET)
</UL>
<P><STRONG><a name="[43]"></a>ADC1Seq1_Handler</STRONG> (Thumb, 0 bytes, Stack size 0 bytes, startup_tm4c123.o(RESET))
<BR>[Address Reference Count : 1]<UL><LI> startup_tm4c123.o(RESET)
</UL>
<P><STRONG><a name="[44]"></a>ADC1Seq2_Handler</STRONG> (Thumb, 0 bytes, Stack size 0 bytes, startup_tm4c123.o(RESET))
<BR>[Address Reference Count : 1]<UL><LI> startup_tm4c123.o(RESET)
</UL>
<P><STRONG><a name="[45]"></a>ADC1Seq3_Handler</STRONG> (Thumb, 0 bytes, Stack size 0 bytes, startup_tm4c123.o(RESET))
<BR>[Address Reference Count : 1]<UL><LI> startup_tm4c123.o(RESET)
</UL>
<P><STRONG><a name="[39]"></a>CAN0_Handler</STRONG> (Thumb, 0 bytes, Stack size 0 bytes, startup_tm4c123.o(RESET))
<BR>[Address Reference Count : 1]<UL><LI> startup_tm4c123.o(RESET)
</UL>
<P><STRONG><a name="[3a]"></a>CAN1_Handler</STRONG> (Thumb, 0 bytes, Stack size 0 bytes, startup_tm4c123.o(RESET))
<BR>[Address Reference Count : 1]<UL><LI> startup_tm4c123.o(RESET)
</UL>
<P><STRONG><a name="[3b]"></a>CAN2_Handler</STRONG> (Thumb, 0 bytes, Stack size 0 bytes, startup_tm4c123.o(RESET))
<BR>[Address Reference Count : 1]<UL><LI> startup_tm4c123.o(RESET)
</UL>
<P><STRONG><a name="[2b]"></a>Comp0_Handler</STRONG> (Thumb, 0 bytes, Stack size 0 bytes, startup_tm4c123.o(RESET))
<BR>[Address Reference Count : 1]<UL><LI> startup_tm4c123.o(RESET)
</UL>
<P><STRONG><a name="[2c]"></a>Comp1_Handler</STRONG> (Thumb, 0 bytes, Stack size 0 bytes, startup_tm4c123.o(RESET))
<BR>[Address Reference Count : 1]<UL><LI> startup_tm4c123.o(RESET)
</UL>
<P><STRONG><a name="[2d]"></a>Comp2_Handler</STRONG> (Thumb, 0 bytes, Stack size 0 bytes, startup_tm4c123.o(RESET))
<BR>[Address Reference Count : 1]<UL><LI> startup_tm4c123.o(RESET)
</UL>
<P><STRONG><a name="[3c]"></a>Ethernet_Handler</STRONG> (Thumb, 0 bytes, Stack size 0 bytes, startup_tm4c123.o(RESET))
<BR>[Address Reference Count : 1]<UL><LI> startup_tm4c123.o(RESET)
</UL>
<P><STRONG><a name="[47]"></a>ExtBus_Handler</STRONG> (Thumb, 0 bytes, Stack size 0 bytes, startup_tm4c123.o(RESET))
<BR>[Address Reference Count : 1]<UL><LI> startup_tm4c123.o(RESET)
</UL>
<P><STRONG><a name="[64]"></a>FPU_Handler</STRONG> (Thumb, 0 bytes, Stack size 0 bytes, startup_tm4c123.o(RESET))
<BR>[Address Reference Count : 1]<UL><LI> startup_tm4c123.o(RESET)
</UL>
<P><STRONG><a name="[6c]"></a>Fan0_Handler</STRONG> (Thumb, 0 bytes, Stack size 0 bytes, startup_tm4c123.o(RESET))
<BR>[Address Reference Count : 1]<UL><LI> startup_tm4c123.o(RESET)
</UL>
<P><STRONG><a name="[2f]"></a>FlashCtl_Handler</STRONG> (Thumb, 0 bytes, Stack size 0 bytes, startup_tm4c123.o(RESET))
<BR>[Address Reference Count : 1]<UL><LI> startup_tm4c123.o(RESET)
</UL>
<P><STRONG><a name="[12]"></a>GPIOPortA_Handler</STRONG> (Thumb, 0 bytes, Stack size 0 bytes, startup_tm4c123.o(RESET))
<BR>[Address Reference Count : 1]<UL><LI> startup_tm4c123.o(RESET)
</UL>
<P><STRONG><a name="[13]"></a>GPIOPortB_Handler</STRONG> (Thumb, 0 bytes, Stack size 0 bytes, startup_tm4c123.o(RESET))
<BR>[Address Reference Count : 1]<UL><LI> startup_tm4c123.o(RESET)
</UL>
<P><STRONG><a name="[14]"></a>GPIOPortC_Handler</STRONG> (Thumb, 0 bytes, Stack size 0 bytes, startup_tm4c123.o(RESET))
<BR>[Address Reference Count : 1]<UL><LI> startup_tm4c123.o(RESET)
</UL>
<P><STRONG><a name="[15]"></a>GPIOPortD_Handler</STRONG> (Thumb, 0 bytes, Stack size 0 bytes, startup_tm4c123.o(RESET))
<BR>[Address Reference Count : 1]<UL><LI> startup_tm4c123.o(RESET)
</UL>
<P><STRONG><a name="[16]"></a>GPIOPortE_Handler</STRONG> (Thumb, 0 bytes, Stack size 0 bytes, startup_tm4c123.o(RESET))
<BR>[Address Reference Count : 1]<UL><LI> startup_tm4c123.o(RESET)
</UL>
<P><STRONG><a name="[30]"></a>GPIOPortF_Handler</STRONG> (Thumb, 0 bytes, Stack size 0 bytes, startup_tm4c123.o(RESET))
<BR>[Address Reference Count : 1]<UL><LI> startup_tm4c123.o(RESET)
</UL>
<P><STRONG><a name="[31]"></a>GPIOPortG_Handler</STRONG> (Thumb, 0 bytes, Stack size 0 bytes, startup_tm4c123.o(RESET))
<BR>[Address Reference Count : 1]<UL><LI> startup_tm4c123.o(RESET)
</UL>
<P><STRONG><a name="[32]"></a>GPIOPortH_Handler</STRONG> (Thumb, 0 bytes, Stack size 0 bytes, startup_tm4c123.o(RESET))
<BR>[Address Reference Count : 1]<UL><LI> startup_tm4c123.o(RESET)
</UL>
<P><STRONG><a name="[48]"></a>GPIOPortJ_Handler</STRONG> (Thumb, 0 bytes, Stack size 0 bytes, startup_tm4c123.o(RESET))
<BR>[Address Reference Count : 1]<UL><LI> startup_tm4c123.o(RESET)
</UL>
<P><STRONG><a name="[49]"></a>GPIOPortK_Handler</STRONG> (Thumb, 0 bytes, Stack size 0 bytes, startup_tm4c123.o(RESET))
<BR>[Address Reference Count : 1]<UL><LI> startup_tm4c123.o(RESET)
</UL>
<P><STRONG><a name="[4a]"></a>GPIOPortL_Handler</STRONG> (Thumb, 0 bytes, Stack size 0 bytes, startup_tm4c123.o(RESET))
<BR>[Address Reference Count : 1]<UL><LI> startup_tm4c123.o(RESET)
</UL>
<P><STRONG><a name="[69]"></a>GPIOPortM_Handler</STRONG> (Thumb, 0 bytes, Stack size 0 bytes, startup_tm4c123.o(RESET))
<BR>[Address Reference Count : 1]<UL><LI> startup_tm4c123.o(RESET)
</UL>
<P><STRONG><a name="[6a]"></a>GPIOPortN_Handler</STRONG> (Thumb, 0 bytes, Stack size 0 bytes, startup_tm4c123.o(RESET))
<BR>[Address Reference Count : 1]<UL><LI> startup_tm4c123.o(RESET)
</UL>
<P><STRONG><a name="[6e]"></a>GPIOPortP1_Handler</STRONG> (Thumb, 0 bytes, Stack size 0 bytes, startup_tm4c123.o(RESET))
<BR>[Address Reference Count : 1]<UL><LI> startup_tm4c123.o(RESET)
</UL>
<P><STRONG><a name="[6f]"></a>GPIOPortP2_Handler</STRONG> (Thumb, 0 bytes, Stack size 0 bytes, startup_tm4c123.o(RESET))
<BR>[Address Reference Count : 1]<UL><LI> startup_tm4c123.o(RESET)
</UL>
<P><STRONG><a name="[70]"></a>GPIOPortP3_Handler</STRONG> (Thumb, 0 bytes, Stack size 0 bytes, startup_tm4c123.o(RESET))
<BR>[Address Reference Count : 1]<UL><LI> startup_tm4c123.o(RESET)
</UL>
<P><STRONG><a name="[71]"></a>GPIOPortP4_Handler</STRONG> (Thumb, 0 bytes, Stack size 0 bytes, startup_tm4c123.o(RESET))
<BR>[Address Reference Count : 1]<UL><LI> startup_tm4c123.o(RESET)
</UL>
<P><STRONG><a name="[72]"></a>GPIOPortP5_Handler</STRONG> (Thumb, 0 bytes, Stack size 0 bytes, startup_tm4c123.o(RESET))
<BR>[Address Reference Count : 1]<UL><LI> startup_tm4c123.o(RESET)
</UL>
<P><STRONG><a name="[73]"></a>GPIOPortP6_Handler</STRONG> (Thumb, 0 bytes, Stack size 0 bytes, startup_tm4c123.o(RESET))
<BR>[Address Reference Count : 1]<UL><LI> startup_tm4c123.o(RESET)
</UL>
<P><STRONG><a name="[74]"></a>GPIOPortP7_Handler</STRONG> (Thumb, 0 bytes, Stack size 0 bytes, startup_tm4c123.o(RESET))
<BR>[Address Reference Count : 1]<UL><LI> startup_tm4c123.o(RESET)
</UL>
<P><STRONG><a name="[6d]"></a>GPIOPortP_Handler</STRONG> (Thumb, 0 bytes, Stack size 0 bytes, startup_tm4c123.o(RESET))
<BR>[Address Reference Count : 1]<UL><LI> startup_tm4c123.o(RESET)
</UL>
<P><STRONG><a name="[76]"></a>GPIOPortQ1_Handler</STRONG> (Thumb, 0 bytes, Stack size 0 bytes, startup_tm4c123.o(RESET))
<BR>[Address Reference Count : 1]<UL><LI> startup_tm4c123.o(RESET)
</UL>
<P><STRONG><a name="[77]"></a>GPIOPortQ2_Handler</STRONG> (Thumb, 0 bytes, Stack size 0 bytes, startup_tm4c123.o(RESET))
<BR>[Address Reference Count : 1]<UL><LI> startup_tm4c123.o(RESET)
</UL>
<P><STRONG><a name="[78]"></a>GPIOPortQ3_Handler</STRONG> (Thumb, 0 bytes, Stack size 0 bytes, startup_tm4c123.o(RESET))
<BR>[Address Reference Count : 1]<UL><LI> startup_tm4c123.o(RESET)
</UL>
<P><STRONG><a name="[79]"></a>GPIOPortQ4_Handler</STRONG> (Thumb, 0 bytes, Stack size 0 bytes, startup_tm4c123.o(RESET))
<BR>[Address Reference Count : 1]<UL><LI> startup_tm4c123.o(RESET)
</UL>
<P><STRONG><a name="[7a]"></a>GPIOPortQ5_Handler</STRONG> (Thumb, 0 bytes, Stack size 0 bytes, startup_tm4c123.o(RESET))
<BR>[Address Reference Count : 1]<UL><LI> startup_tm4c123.o(RESET)
</UL>
<P><STRONG><a name="[7b]"></a>GPIOPortQ6_Handler</STRONG> (Thumb, 0 bytes, Stack size 0 bytes, startup_tm4c123.o(RESET))
<BR>[Address Reference Count : 1]<UL><LI> startup_tm4c123.o(RESET)
</UL>
<P><STRONG><a name="[7c]"></a>GPIOPortQ7_Handler</STRONG> (Thumb, 0 bytes, Stack size 0 bytes, startup_tm4c123.o(RESET))
<BR>[Address Reference Count : 1]<UL><LI> startup_tm4c123.o(RESET)
</UL>
<P><STRONG><a name="[75]"></a>GPIOPortQ_Handler</STRONG> (Thumb, 0 bytes, Stack size 0 bytes, startup_tm4c123.o(RESET))
<BR>[Address Reference Count : 1]<UL><LI> startup_tm4c123.o(RESET)
</UL>
<P><STRONG><a name="[7d]"></a>GPIOPortR_Handler</STRONG> (Thumb, 0 bytes, Stack size 0 bytes, startup_tm4c123.o(RESET))
<BR>[Address Reference Count : 1]<UL><LI> startup_tm4c123.o(RESET)
</UL>
<P><STRONG><a name="[7e]"></a>GPIOPortS_Handler</STRONG> (Thumb, 0 bytes, Stack size 0 bytes, startup_tm4c123.o(RESET))
<BR>[Address Reference Count : 1]<UL><LI> startup_tm4c123.o(RESET)
</UL>
<P><STRONG><a name="[3d]"></a>Hibernate_Handler</STRONG> (Thumb, 0 bytes, Stack size 0 bytes, startup_tm4c123.o(RESET))
<BR>[Address Reference Count : 1]<UL><LI> startup_tm4c123.o(RESET)
</UL>
<P><STRONG><a name="[1a]"></a>I2C0_Handler</STRONG> (Thumb, 0 bytes, Stack size 0 bytes, startup_tm4c123.o(RESET))
<BR>[Address Reference Count : 1]<UL><LI> startup_tm4c123.o(RESET)
</UL>
<P><STRONG><a name="[37]"></a>I2C1_Handler</STRONG> (Thumb, 0 bytes, Stack size 0 bytes, startup_tm4c123.o(RESET))
<BR>[Address Reference Count : 1]<UL><LI> startup_tm4c123.o(RESET)
</UL>
<P><STRONG><a name="[52]"></a>I2C2_Handler</STRONG> (Thumb, 0 bytes, Stack size 0 bytes, startup_tm4c123.o(RESET))
<BR>[Address Reference Count : 1]<UL><LI> startup_tm4c123.o(RESET)
</UL>
<P><STRONG><a name="[53]"></a>I2C3_Handler</STRONG> (Thumb, 0 bytes, Stack size 0 bytes, startup_tm4c123.o(RESET))
<BR>[Address Reference Count : 1]<UL><LI> startup_tm4c123.o(RESET)
</UL>
<P><STRONG><a name="[67]"></a>I2C4_Handler</STRONG> (Thumb, 0 bytes, Stack size 0 bytes, startup_tm4c123.o(RESET))
<BR>[Address Reference Count : 1]<UL><LI> startup_tm4c123.o(RESET)
</UL>
<P><STRONG><a name="[68]"></a>I2C5_Handler</STRONG> (Thumb, 0 bytes, Stack size 0 bytes, startup_tm4c123.o(RESET))
<BR>[Address Reference Count : 1]<UL><LI> startup_tm4c123.o(RESET)
</UL>
<P><STRONG><a name="[46]"></a>I2S0_Handler</STRONG> (Thumb, 0 bytes, Stack size 0 bytes, startup_tm4c123.o(RESET))
<BR>[Address Reference Count : 1]<UL><LI> startup_tm4c123.o(RESET)
</UL>
<P><STRONG><a name="[66]"></a>LPC0_Handler</STRONG> (Thumb, 0 bytes, Stack size 0 bytes, startup_tm4c123.o(RESET))
<BR>[Address Reference Count : 1]<UL><LI> startup_tm4c123.o(RESET)
</UL>
<P><STRONG><a name="[65]"></a>PECI0_Handler</STRONG> (Thumb, 0 bytes, Stack size 0 bytes, startup_tm4c123.o(RESET))
<BR>[Address Reference Count : 1]<UL><LI> startup_tm4c123.o(RESET)
</UL>
<P><STRONG><a name="[1b]"></a>PWM0Fault_Handler</STRONG> (Thumb, 0 bytes, Stack size 0 bytes, startup_tm4c123.o(RESET))
<BR>[Address Reference Count : 1]<UL><LI> startup_tm4c123.o(RESET)
</UL>
<P><STRONG><a name="[1c]"></a>PWM0Generator0_Handler</STRONG> (Thumb, 0 bytes, Stack size 0 bytes, startup_tm4c123.o(RESET))
<BR>[Address Reference Count : 1]<UL><LI> startup_tm4c123.o(RESET)
</UL>
<P><STRONG><a name="[1d]"></a>PWM0Generator1_Handler</STRONG> (Thumb, 0 bytes, Stack size 0 bytes, startup_tm4c123.o(RESET))
<BR>[Address Reference Count : 1]<UL><LI> startup_tm4c123.o(RESET)
</UL>
<P><STRONG><a name="[1e]"></a>PWM0Generator2_Handler</STRONG> (Thumb, 0 bytes, Stack size 0 bytes, startup_tm4c123.o(RESET))
<BR>[Address Reference Count : 1]<UL><LI> startup_tm4c123.o(RESET)
</UL>
<P><STRONG><a name="[3f]"></a>PWM0Generator3_Handler</STRONG> (Thumb, 0 bytes, Stack size 0 bytes, startup_tm4c123.o(RESET))
<BR>[Address Reference Count : 1]<UL><LI> startup_tm4c123.o(RESET)
</UL>
<P><STRONG><a name="[83]"></a>PWM1Fault_Handler</STRONG> (Thumb, 0 bytes, Stack size 0 bytes, startup_tm4c123.o(RESET))
<BR>[Address Reference Count : 1]<UL><LI> startup_tm4c123.o(RESET)
</UL>
<P><STRONG><a name="[7f]"></a>PWM1Generator0_Handler</STRONG> (Thumb, 0 bytes, Stack size 0 bytes, startup_tm4c123.o(RESET))
<BR>[Address Reference Count : 1]<UL><LI> startup_tm4c123.o(RESET)
</UL>
<P><STRONG><a name="[80]"></a>PWM1Generator1_Handler</STRONG> (Thumb, 0 bytes, Stack size 0 bytes, startup_tm4c123.o(RESET))
<BR>[Address Reference Count : 1]<UL><LI> startup_tm4c123.o(RESET)
</UL>
<P><STRONG><a name="[81]"></a>PWM1Generator2_Handler</STRONG> (Thumb, 0 bytes, Stack size 0 bytes, startup_tm4c123.o(RESET))
<BR>[Address Reference Count : 1]<UL><LI> startup_tm4c123.o(RESET)
</UL>
<P><STRONG><a name="[82]"></a>PWM1Generator3_Handler</STRONG> (Thumb, 0 bytes, Stack size 0 bytes, startup_tm4c123.o(RESET))
<BR>[Address Reference Count : 1]<UL><LI> startup_tm4c123.o(RESET)
</UL>
<P><STRONG><a name="[1f]"></a>Quadrature0_Handler</STRONG> (Thumb, 0 bytes, Stack size 0 bytes, startup_tm4c123.o(RESET))
<BR>[Address Reference Count : 1]<UL><LI> startup_tm4c123.o(RESET)
</UL>
<P><STRONG><a name="[38]"></a>Quadrature1_Handler</STRONG> (Thumb, 0 bytes, Stack size 0 bytes, startup_tm4c123.o(RESET))
<BR>[Address Reference Count : 1]<UL><LI> startup_tm4c123.o(RESET)
</UL>
<P><STRONG><a name="[6b]"></a>Quadrature2_Handler</STRONG> (Thumb, 0 bytes, Stack size 0 bytes, startup_tm4c123.o(RESET))
<BR>[Address Reference Count : 1]<UL><LI> startup_tm4c123.o(RESET)
</UL>
<P><STRONG><a name="[19]"></a>SSI0_Handler</STRONG> (Thumb, 0 bytes, Stack size 0 bytes, startup_tm4c123.o(RESET))
<BR>[Address Reference Count : 1]<UL><LI> startup_tm4c123.o(RESET)
</UL>
<P><STRONG><a name="[34]"></a>SSI1_Handler</STRONG> (Thumb, 0 bytes, Stack size 0 bytes, startup_tm4c123.o(RESET))
<BR>[Address Reference Count : 1]<UL><LI> startup_tm4c123.o(RESET)
</UL>
<P><STRONG><a name="[4b]"></a>SSI2_Handler</STRONG> (Thumb, 0 bytes, Stack size 0 bytes, startup_tm4c123.o(RESET))
<BR>[Address Reference Count : 1]<UL><LI> startup_tm4c123.o(RESET)
</UL>
<P><STRONG><a name="[4c]"></a>SSI3_Handler</STRONG> (Thumb, 0 bytes, Stack size 0 bytes, startup_tm4c123.o(RESET))
<BR>[Address Reference Count : 1]<UL><LI> startup_tm4c123.o(RESET)
</UL>
<P><STRONG><a name="[2e]"></a>SysCtl_Handler</STRONG> (Thumb, 0 bytes, Stack size 0 bytes, startup_tm4c123.o(RESET))
<BR>[Address Reference Count : 1]<UL><LI> startup_tm4c123.o(RESET)
</UL>
<P><STRONG><a name="[26]"></a>Timer0B_Handler</STRONG> (Thumb, 0 bytes, Stack size 0 bytes, startup_tm4c123.o(RESET))
<BR>[Address Reference Count : 1]<UL><LI> startup_tm4c123.o(RESET)
</UL>
<P><STRONG><a name="[28]"></a>Timer1B_Handler</STRONG> (Thumb, 0 bytes, Stack size 0 bytes, startup_tm4c123.o(RESET))
<BR>[Address Reference Count : 1]<UL><LI> startup_tm4c123.o(RESET)
</UL>
<P><STRONG><a name="[29]"></a>Timer2A_Handler</STRONG> (Thumb, 0 bytes, Stack size 0 bytes, startup_tm4c123.o(RESET))
<BR>[Address Reference Count : 1]<UL><LI> startup_tm4c123.o(RESET)
</UL>
<P><STRONG><a name="[2a]"></a>Timer2B_Handler</STRONG> (Thumb, 0 bytes, Stack size 0 bytes, startup_tm4c123.o(RESET))
<BR>[Address Reference Count : 1]<UL><LI> startup_tm4c123.o(RESET)
</UL>
<P><STRONG><a name="[35]"></a>Timer3A_Handler</STRONG> (Thumb, 0 bytes, Stack size 0 bytes, startup_tm4c123.o(RESET))
<BR>[Address Reference Count : 1]<UL><LI> startup_tm4c123.o(RESET)
</UL>
<P><STRONG><a name="[36]"></a>Timer3B_Handler</STRONG> (Thumb, 0 bytes, Stack size 0 bytes, startup_tm4c123.o(RESET))
<BR>[Address Reference Count : 1]<UL><LI> startup_tm4c123.o(RESET)
</UL>
<P><STRONG><a name="[54]"></a>Timer4A_Handler</STRONG> (Thumb, 0 bytes, Stack size 0 bytes, startup_tm4c123.o(RESET))
<BR>[Address Reference Count : 1]<UL><LI> startup_tm4c123.o(RESET)
</UL>
<P><STRONG><a name="[55]"></a>Timer4B_Handler</STRONG> (Thumb, 0 bytes, Stack size 0 bytes, startup_tm4c123.o(RESET))
<BR>[Address Reference Count : 1]<UL><LI> startup_tm4c123.o(RESET)
</UL>
<P><STRONG><a name="[56]"></a>Timer5A_Handler</STRONG> (Thumb, 0 bytes, Stack size 0 bytes, startup_tm4c123.o(RESET))
<BR>[Address Reference Count : 1]<UL><LI> startup_tm4c123.o(RESET)
</UL>
<P><STRONG><a name="[57]"></a>Timer5B_Handler</STRONG> (Thumb, 0 bytes, Stack size 0 bytes, startup_tm4c123.o(RESET))
<BR>[Address Reference Count : 1]<UL><LI> startup_tm4c123.o(RESET)
</UL>
<P><STRONG><a name="[17]"></a>UART0_Handler</STRONG> (Thumb, 0 bytes, Stack size 0 bytes, startup_tm4c123.o(RESET))
<BR>[Address Reference Count : 1]<UL><LI> startup_tm4c123.o(RESET)
</UL>
<P><STRONG><a name="[33]"></a>UART2_Handler</STRONG> (Thumb, 0 bytes, Stack size 0 bytes, startup_tm4c123.o(RESET))
<BR>[Address Reference Count : 1]<UL><LI> startup_tm4c123.o(RESET)
</UL>
<P><STRONG><a name="[4d]"></a>UART3_Handler</STRONG> (Thumb, 0 bytes, Stack size 0 bytes, startup_tm4c123.o(RESET))
<BR>[Address Reference Count : 1]<UL><LI> startup_tm4c123.o(RESET)
</UL>
<P><STRONG><a name="[4e]"></a>UART4_Handler</STRONG> (Thumb, 0 bytes, Stack size 0 bytes, startup_tm4c123.o(RESET))
<BR>[Address Reference Count : 1]<UL><LI> startup_tm4c123.o(RESET)
</UL>
<P><STRONG><a name="[4f]"></a>UART5_Handler</STRONG> (Thumb, 0 bytes, Stack size 0 bytes, startup_tm4c123.o(RESET))
<BR>[Address Reference Count : 1]<UL><LI> startup_tm4c123.o(RESET)
</UL>
<P><STRONG><a name="[50]"></a>UART6_Handler</STRONG> (Thumb, 0 bytes, Stack size 0 bytes, startup_tm4c123.o(RESET))
<BR>[Address Reference Count : 1]<UL><LI> startup_tm4c123.o(RESET)
</UL>
<P><STRONG><a name="[51]"></a>UART7_Handler</STRONG> (Thumb, 0 bytes, Stack size 0 bytes, startup_tm4c123.o(RESET))
<BR>[Address Reference Count : 1]<UL><LI> startup_tm4c123.o(RESET)
</UL>
<P><STRONG><a name="[3e]"></a>USB0_Handler</STRONG> (Thumb, 0 bytes, Stack size 0 bytes, startup_tm4c123.o(RESET))
<BR>[Address Reference Count : 1]<UL><LI> startup_tm4c123.o(RESET)
</UL>
<P><STRONG><a name="[24]"></a>WDT_Handler</STRONG> (Thumb, 0 bytes, Stack size 0 bytes, startup_tm4c123.o(RESET))
<BR>[Address Reference Count : 1]<UL><LI> startup_tm4c123.o(RESET)
</UL>
<P><STRONG><a name="[58]"></a>WideTimer0A_Handler</STRONG> (Thumb, 0 bytes, Stack size 0 bytes, startup_tm4c123.o(RESET))
<BR>[Address Reference Count : 1]<UL><LI> startup_tm4c123.o(RESET)
</UL>
<P><STRONG><a name="[59]"></a>WideTimer0B_Handler</STRONG> (Thumb, 0 bytes, Stack size 0 bytes, startup_tm4c123.o(RESET))
<BR>[Address Reference Count : 1]<UL><LI> startup_tm4c123.o(RESET)
</UL>
<P><STRONG><a name="[5a]"></a>WideTimer1A_Handler</STRONG> (Thumb, 0 bytes, Stack size 0 bytes, startup_tm4c123.o(RESET))
<BR>[Address Reference Count : 1]<UL><LI> startup_tm4c123.o(RESET)
</UL>
<P><STRONG><a name="[5b]"></a>WideTimer1B_Handler</STRONG> (Thumb, 0 bytes, Stack size 0 bytes, startup_tm4c123.o(RESET))
<BR>[Address Reference Count : 1]<UL><LI> startup_tm4c123.o(RESET)
</UL>
<P><STRONG><a name="[5c]"></a>WideTimer2A_Handler</STRONG> (Thumb, 0 bytes, Stack size 0 bytes, startup_tm4c123.o(RESET))
<BR>[Address Reference Count : 1]<UL><LI> startup_tm4c123.o(RESET)
</UL>
<P><STRONG><a name="[5d]"></a>WideTimer2B_Handler</STRONG> (Thumb, 0 bytes, Stack size 0 bytes, startup_tm4c123.o(RESET))
<BR>[Address Reference Count : 1]<UL><LI> startup_tm4c123.o(RESET)
</UL>
<P><STRONG><a name="[5e]"></a>WideTimer3A_Handler</STRONG> (Thumb, 0 bytes, Stack size 0 bytes, startup_tm4c123.o(RESET))
<BR>[Address Reference Count : 1]<UL><LI> startup_tm4c123.o(RESET)
</UL>
<P><STRONG><a name="[5f]"></a>WideTimer3B_Handler</STRONG> (Thumb, 0 bytes, Stack size 0 bytes, startup_tm4c123.o(RESET))
<BR>[Address Reference Count : 1]<UL><LI> startup_tm4c123.o(RESET)
</UL>
<P><STRONG><a name="[60]"></a>WideTimer4A_Handler</STRONG> (Thumb, 0 bytes, Stack size 0 bytes, startup_tm4c123.o(RESET))
<BR>[Address Reference Count : 1]<UL><LI> startup_tm4c123.o(RESET)
</UL>
<P><STRONG><a name="[61]"></a>WideTimer4B_Handler</STRONG> (Thumb, 0 bytes, Stack size 0 bytes, startup_tm4c123.o(RESET))
<BR>[Address Reference Count : 1]<UL><LI> startup_tm4c123.o(RESET)
</UL>
<P><STRONG><a name="[62]"></a>WideTimer5A_Handler</STRONG> (Thumb, 0 bytes, Stack size 0 bytes, startup_tm4c123.o(RESET))
<BR>[Address Reference Count : 1]<UL><LI> startup_tm4c123.o(RESET)
</UL>
<P><STRONG><a name="[63]"></a>WideTimer5B_Handler</STRONG> (Thumb, 0 bytes, Stack size 0 bytes, startup_tm4c123.o(RESET))
<BR>[Address Reference Count : 1]<UL><LI> startup_tm4c123.o(RESET)
</UL>
<P><STRONG><a name="[41]"></a>uDMA_Error</STRONG> (Thumb, 0 bytes, Stack size 0 bytes, startup_tm4c123.o(RESET))
<BR>[Address Reference Count : 1]<UL><LI> startup_tm4c123.o(RESET)
</UL>
<P><STRONG><a name="[40]"></a>uDMA_Handler</STRONG> (Thumb, 0 bytes, Stack size 0 bytes, startup_tm4c123.o(RESET))
<BR>[Address Reference Count : 1]<UL><LI> startup_tm4c123.o(RESET)
</UL>
<P><STRONG><a name="[85]"></a>__main</STRONG> (Thumb, 8 bytes, Stack size 0 bytes, __main.o(!!!main))
<BR><BR>[Calls]<UL><LI><a href="#[88]">&gt;&gt;</a>&nbsp;&nbsp;&nbsp;__rt_entry
<LI><a href="#[87]">&gt;&gt;</a>&nbsp;&nbsp;&nbsp;__scatterload
</UL>
<BR>[Called By]<UL><LI><a href="#[8]">&gt;&gt;</a>&nbsp;&nbsp;&nbsp;Reset_Handler
</UL>

<P><STRONG><a name="[87]"></a>__scatterload</STRONG> (Thumb, 0 bytes, Stack size unknown bytes, __scatter.o(!!!scatter))
<BR><BR>[Called By]<UL><LI><a href="#[85]">&gt;&gt;</a>&nbsp;&nbsp;&nbsp;__main
</UL>

<P><STRONG><a name="[89]"></a>__scatterload_rt2</STRONG> (Thumb, 44 bytes, Stack size unknown bytes, __scatter.o(!!!scatter), UNUSED)
<BR><BR>[Calls]<UL><LI><a href="#[88]">&gt;&gt;</a>&nbsp;&nbsp;&nbsp;__rt_entry
</UL>

<P><STRONG><a name="[ec]"></a>__scatterload_rt2_thumb_only</STRONG> (Thumb, 0 bytes, Stack size unknown bytes, __scatter.o(!!!scatter), UNUSED)

<P><STRONG><a name="[ed]"></a>__scatterload_null</STRONG> (Thumb, 0 bytes, Stack size unknown bytes, __scatter.o(!!!scatter), UNUSED)

<P><STRONG><a name="[ee]"></a>__decompress</STRONG> (Thumb, 90 bytes, Stack size unknown bytes, __dczerorl2.o(!!dczerorl2), UNUSED)

<P><STRONG><a name="[ef]"></a>__decompress1</STRONG> (Thumb, 0 bytes, Stack size unknown bytes, __dczerorl2.o(!!dczerorl2), UNUSED)

<P><STRONG><a name="[f0]"></a>__scatterload_zeroinit</STRONG> (Thumb, 28 bytes, Stack size unknown bytes, __scatter_zi.o(!!handler_zi), UNUSED)

<P><STRONG><a name="[8e]"></a>__rt_lib_init</STRONG> (Thumb, 0 bytes, Stack size unknown bytes, libinit.o(.ARM.Collect$$libinit$$00000000))
<BR><BR>[Called By]<UL><LI><a href="#[8d]">&gt;&gt;</a>&nbsp;&nbsp;&nbsp;__rt_entry_li
</UL>

<P><STRONG><a name="[f1]"></a>__rt_lib_init_alloca_1</STRONG> (Thumb, 0 bytes, Stack size unknown bytes, libinit2.o(.ARM.Collect$$libinit$$0000002E))

<P><STRONG><a name="[f2]"></a>__rt_lib_init_argv_1</STRONG> (Thumb, 0 bytes, Stack size unknown bytes, libinit2.o(.ARM.Collect$$libinit$$0000002C))

<P><STRONG><a name="[f3]"></a>__rt_lib_init_atexit_1</STRONG> (Thumb, 0 bytes, Stack size unknown bytes, libinit2.o(.ARM.Collect$$libinit$$0000001B))

<P><STRONG><a name="[f4]"></a>__rt_lib_init_clock_1</STRONG> (Thumb, 0 bytes, Stack size unknown bytes, libinit2.o(.ARM.Collect$$libinit$$00000021))

<P><STRONG><a name="[8a]"></a>__rt_lib_init_cpp_2</STRONG> (Thumb, 0 bytes, Stack size unknown bytes, libinit2.o(.ARM.Collect$$libinit$$00000031))
<BR><BR>[Stack]<UL><LI>Max Depth = 16 + Unknown Stack Size
<LI>Call Chain = __rt_lib_init_cpp_2 &rArr; __cpp_initialize__aeabi_
</UL>
<BR>[Calls]<UL><LI><a href="#[86]">&gt;&gt;</a>&nbsp;&nbsp;&nbsp;__cpp_initialize__aeabi_
</UL>

<P><STRONG><a name="[f5]"></a>__rt_lib_init_exceptions_1</STRONG> (Thumb, 0 bytes, Stack size unknown bytes, libinit2.o(.ARM.Collect$$libinit$$00000030))

<P><STRONG><a name="[f6]"></a>__rt_lib_init_fp_1</STRONG> (Thumb, 0 bytes, Stack size unknown bytes, libinit2.o(.ARM.Collect$$libinit$$00000002))

<P><STRONG><a name="[f7]"></a>__rt_lib_init_fp_trap_1</STRONG> (Thumb, 0 bytes, Stack size unknown bytes, libinit2.o(.ARM.Collect$$libinit$$0000001F))

<P><STRONG><a name="[f8]"></a>__rt_lib_init_getenv_1</STRONG> (Thumb, 0 bytes, Stack size unknown bytes, libinit2.o(.ARM.Collect$$libinit$$00000023))

<P><STRONG><a name="[f9]"></a>__rt_lib_init_heap_1</STRONG> (Thumb, 0 bytes, Stack size unknown bytes, libinit2.o(.ARM.Collect$$libinit$$0000000A))

<P><STRONG><a name="[fa]"></a>__rt_lib_init_lc_collate_1</STRONG> (Thumb, 0 bytes, Stack size unknown bytes, libinit2.o(.ARM.Collect$$libinit$$00000011))

<P><STRONG><a name="[fb]"></a>__rt_lib_init_lc_ctype_1</STRONG> (Thumb, 0 bytes, Stack size unknown bytes, libinit2.o(.ARM.Collect$$libinit$$00000013))

<P><STRONG><a name="[fc]"></a>__rt_lib_init_lc_monetary_1</STRONG> (Thumb, 0 bytes, Stack size unknown bytes, libinit2.o(.ARM.Collect$$libinit$$00000015))

<P><STRONG><a name="[fd]"></a>__rt_lib_init_lc_numeric_1</STRONG> (Thumb, 0 bytes, Stack size unknown bytes, libinit2.o(.ARM.Collect$$libinit$$00000017))

<P><STRONG><a name="[fe]"></a>__rt_lib_init_lc_time_1</STRONG> (Thumb, 0 bytes, Stack size unknown bytes, libinit2.o(.ARM.Collect$$libinit$$00000019))

<P><STRONG><a name="[ff]"></a>__rt_lib_init_preinit_1</STRONG> (Thumb, 0 bytes, Stack size unknown bytes, libinit2.o(.ARM.Collect$$libinit$$00000004))

<P><STRONG><a name="[100]"></a>__rt_lib_init_rand_1</STRONG> (Thumb, 0 bytes, Stack size unknown bytes, libinit2.o(.ARM.Collect$$libinit$$0000000E))

<P><STRONG><a name="[101]"></a>__rt_lib_init_signal_1</STRONG> (Thumb, 0 bytes, Stack size unknown bytes, libinit2.o(.ARM.Collect$$libinit$$0000001D))

<P><STRONG><a name="[102]"></a>__rt_lib_init_stdio_1</STRONG> (Thumb, 0 bytes, Stack size unknown bytes, libinit2.o(.ARM.Collect$$libinit$$00000025))

<P><STRONG><a name="[103]"></a>__rt_lib_init_user_alloc_1</STRONG> (Thumb, 0 bytes, Stack size unknown bytes, libinit2.o(.ARM.Collect$$libinit$$0000000C))

<P><STRONG><a name="[104]"></a>__rt_lib_init_cpp_1</STRONG> (Thumb, 0 bytes, Stack size unknown bytes, libinit2.o(.ARM.Collect$$libinit$$00000032))

<P><STRONG><a name="[105]"></a>__rt_lib_init_return</STRONG> (Thumb, 0 bytes, Stack size unknown bytes, libinit2.o(.ARM.Collect$$libinit$$00000033))

<P><STRONG><a name="[93]"></a>__rt_lib_shutdown</STRONG> (Thumb, 0 bytes, Stack size unknown bytes, libshutdown.o(.ARM.Collect$$libshutdown$$00000000))
<BR><BR>[Called By]<UL><LI><a href="#[92]">&gt;&gt;</a>&nbsp;&nbsp;&nbsp;__rt_exit_ls
</UL>

<P><STRONG><a name="[106]"></a>__rt_lib_shutdown_cpp_1</STRONG> (Thumb, 0 bytes, Stack size unknown bytes, libshutdown2.o(.ARM.Collect$$libshutdown$$00000004))

<P><STRONG><a name="[107]"></a>__rt_lib_shutdown_fini_1</STRONG> (Thumb, 0 bytes, Stack size unknown bytes, libshutdown2.o(.ARM.Collect$$libshutdown$$00000002))

<P><STRONG><a name="[108]"></a>__rt_lib_shutdown_fp_trap_1</STRONG> (Thumb, 0 bytes, Stack size unknown bytes, libshutdown2.o(.ARM.Collect$$libshutdown$$00000009))

<P><STRONG><a name="[109]"></a>__rt_lib_shutdown_heap_1</STRONG> (Thumb, 0 bytes, Stack size unknown bytes, libshutdown2.o(.ARM.Collect$$libshutdown$$00000011))

<P><STRONG><a name="[10a]"></a>__rt_lib_shutdown_return</STRONG> (Thumb, 0 bytes, Stack size unknown bytes, libshutdown2.o(.ARM.Collect$$libshutdown$$00000012))

<P><STRONG><a name="[10b]"></a>__rt_lib_shutdown_signal_1</STRONG> (Thumb, 0 bytes, Stack size unknown bytes, libshutdown2.o(.ARM.Collect$$libshutdown$$0000000C))

<P><STRONG><a name="[10c]"></a>__rt_lib_shutdown_stdio_1</STRONG> (Thumb, 0 bytes, Stack size unknown bytes, libshutdown2.o(.ARM.Collect$$libshutdown$$00000006))

<P><STRONG><a name="[10d]"></a>__rt_lib_shutdown_user_alloc_1</STRONG> (Thumb, 0 bytes, Stack size unknown bytes, libshutdown2.o(.ARM.Collect$$libshutdown$$0000000E))

<P><STRONG><a name="[88]"></a>__rt_entry</STRONG> (Thumb, 0 bytes, Stack size unknown bytes, __rtentry.o(.ARM.Collect$$rtentry$$00000000))
<BR><BR>[Called By]<UL><LI><a href="#[85]">&gt;&gt;</a>&nbsp;&nbsp;&nbsp;__main
<LI><a href="#[89]">&gt;&gt;</a>&nbsp;&nbsp;&nbsp;__scatterload_rt2
</UL>

<P><STRONG><a name="[10e]"></a>__rt_entry_presh_1</STRONG> (Thumb, 0 bytes, Stack size unknown bytes, __rtentry2.o(.ARM.Collect$$rtentry$$00000002))

<P><STRONG><a name="[8b]"></a>__rt_entry_sh</STRONG> (Thumb, 0 bytes, Stack size unknown bytes, __rtentry4.o(.ARM.Collect$$rtentry$$00000004))
<BR><BR>[Stack]<UL><LI>Max Depth = 8 + Unknown Stack Size
<LI>Call Chain = __rt_entry_sh &rArr; __user_setup_stackheap
</UL>
<BR>[Calls]<UL><LI><a href="#[8c]">&gt;&gt;</a>&nbsp;&nbsp;&nbsp;__user_setup_stackheap
</UL>

<P><STRONG><a name="[8d]"></a>__rt_entry_li</STRONG> (Thumb, 0 bytes, Stack size unknown bytes, __rtentry2.o(.ARM.Collect$$rtentry$$0000000A))
<BR><BR>[Calls]<UL><LI><a href="#[8e]">&gt;&gt;</a>&nbsp;&nbsp;&nbsp;__rt_lib_init
</UL>

<P><STRONG><a name="[10f]"></a>__rt_entry_postsh_1</STRONG> (Thumb, 0 bytes, Stack size unknown bytes, __rtentry2.o(.ARM.Collect$$rtentry$$00000009))

<P><STRONG><a name="[8f]"></a>__rt_entry_main</STRONG> (Thumb, 0 bytes, Stack size unknown bytes, __rtentry2.o(.ARM.Collect$$rtentry$$0000000D))
<BR><BR>[Stack]<UL><LI>Max Depth = 144 + Unknown Stack Size
<LI>Call Chain = __rt_entry_main &rArr; main &rArr; Display_UnrenderCursor(short, short, short, short, const unsigned short*) &rArr; Display_DrawPixel(short, short, unsigned short) &rArr; setAddrWindow(unsigned char, unsigned char, unsigned char, unsigned char) &rArr; xchg_spi
</UL>
<BR>[Calls]<UL><LI><a href="#[90]">&gt;&gt;</a>&nbsp;&nbsp;&nbsp;main
<LI><a href="#[91]">&gt;&gt;</a>&nbsp;&nbsp;&nbsp;exit
</UL>

<P><STRONG><a name="[110]"></a>__rt_entry_postli_1</STRONG> (Thumb, 0 bytes, Stack size unknown bytes, __rtentry2.o(.ARM.Collect$$rtentry$$0000000C))

<P><STRONG><a name="[eb]"></a>__rt_exit</STRONG> (Thumb, 0 bytes, Stack size unknown bytes, rtexit.o(.ARM.Collect$$rtexit$$00000000))
<BR><BR>[Called By]<UL><LI><a href="#[91]">&gt;&gt;</a>&nbsp;&nbsp;&nbsp;exit
</UL>

<P><STRONG><a name="[92]"></a>__rt_exit_ls</STRONG> (Thumb, 0 bytes, Stack size unknown bytes, rtexit2.o(.ARM.Collect$$rtexit$$00000003))
<BR><BR>[Calls]<UL><LI><a href="#[93]">&gt;&gt;</a>&nbsp;&nbsp;&nbsp;__rt_lib_shutdown
</UL>

<P><STRONG><a name="[111]"></a>__rt_exit_prels_1</STRONG> (Thumb, 0 bytes, Stack size unknown bytes, rtexit2.o(.ARM.Collect$$rtexit$$00000002))

<P><STRONG><a name="[94]"></a>__rt_exit_exit</STRONG> (Thumb, 0 bytes, Stack size unknown bytes, rtexit2.o(.ARM.Collect$$rtexit$$00000004))
<BR><BR>[Calls]<UL><LI><a href="#[95]">&gt;&gt;</a>&nbsp;&nbsp;&nbsp;_sys_exit
</UL>

<P><STRONG><a name="[96]"></a>DisableInterrupts</STRONG> (Thumb, 0 bytes, Stack size unknown bytes, startup_tm4c123.o(.text))
<BR><BR>[Called By]<UL><LI><a href="#[90]">&gt;&gt;</a>&nbsp;&nbsp;&nbsp;main
</UL>

<P><STRONG><a name="[99]"></a>EnableInterrupts</STRONG> (Thumb, 0 bytes, Stack size unknown bytes, startup_tm4c123.o(.text))
<BR><BR>[Called By]<UL><LI><a href="#[90]">&gt;&gt;</a>&nbsp;&nbsp;&nbsp;main
</UL>

<P><STRONG><a name="[112]"></a>StartCritical</STRONG> (Thumb, 0 bytes, Stack size unknown bytes, startup_tm4c123.o(.text), UNUSED)

<P><STRONG><a name="[113]"></a>EndCritical</STRONG> (Thumb, 0 bytes, Stack size unknown bytes, startup_tm4c123.o(.text), UNUSED)

<P><STRONG><a name="[114]"></a>WaitForInterrupt</STRONG> (Thumb, 0 bytes, Stack size unknown bytes, startup_tm4c123.o(.text), UNUSED)

<P><STRONG><a name="[ea]"></a>__user_initial_stackheap</STRONG> (Thumb, 0 bytes, Stack size unknown bytes, startup_tm4c123.o(.text))
<BR><BR>[Called By]<UL><LI><a href="#[8c]">&gt;&gt;</a>&nbsp;&nbsp;&nbsp;__user_setup_stackheap
</UL>

<P><STRONG><a name="[90]"></a>main</STRONG> (Thumb, 116 bytes, Stack size 16 bytes, main.o(.text))
<BR><BR>[Stack]<UL><LI>Max Depth = 144 + Unknown Stack Size
<LI>Call Chain = main &rArr; Display_UnrenderCursor(short, short, short, short, const unsigned short*) &rArr; Display_DrawPixel(short, short, unsigned short) &rArr; setAddrWindow(unsigned char, unsigned char, unsigned char, unsigned char) &rArr; xchg_spi
</UL>
<BR>[Calls]<UL><LI><a href="#[97]">&gt;&gt;</a>&nbsp;&nbsp;&nbsp;PLL_Init(unsigned)
<LI><a href="#[9d]">&gt;&gt;</a>&nbsp;&nbsp;&nbsp;Display_UnrenderCursor(short, short, short, short, const unsigned short*)
<LI><a href="#[9b]">&gt;&gt;</a>&nbsp;&nbsp;&nbsp;Display_RenderSprite(short, short, const unsigned short*, short, short, unsigned short, const unsigned short*)
<LI><a href="#[9c]">&gt;&gt;</a>&nbsp;&nbsp;&nbsp;Display_RenderCursor(short, short, short, short, unsigned short)
<LI><a href="#[9a]">&gt;&gt;</a>&nbsp;&nbsp;&nbsp;Display_DrawBitmap(short, short, const unsigned short*, short, short)
<LI><a href="#[98]">&gt;&gt;</a>&nbsp;&nbsp;&nbsp;Output_Init()
<LI><a href="#[99]">&gt;&gt;</a>&nbsp;&nbsp;&nbsp;EnableInterrupts
<LI><a href="#[96]">&gt;&gt;</a>&nbsp;&nbsp;&nbsp;DisableInterrupts
</UL>
<BR>[Called By]<UL><LI><a href="#[8f]">&gt;&gt;</a>&nbsp;&nbsp;&nbsp;__rt_entry_main
</UL>

<P><STRONG><a name="[115]"></a>Systick_Handler()</STRONG> (Thumb, 2 bytes, Stack size 0 bytes, main.o(.text), UNUSED)

<P><STRONG><a name="[97]"></a>PLL_Init(unsigned)</STRONG> (Thumb, 120 bytes, Stack size 0 bytes, pll.o(.text))
<BR><BR>[Called By]<UL><LI><a href="#[90]">&gt;&gt;</a>&nbsp;&nbsp;&nbsp;main
</UL>

<P><STRONG><a name="[116]"></a>Timer0_Init(void(*)(), unsigned)</STRONG> (Thumb, 74 bytes, Stack size 0 bytes, timer0.o(.text), UNUSED)

<P><STRONG><a name="[25]"></a>Timer0A_Handler</STRONG> (Thumb, 16 bytes, Stack size 8 bytes, timer0.o(.text))
<BR><BR>[Stack]<UL><LI>Max Depth = 8<LI>Call Chain = Timer0A_Handler
</UL>
<BR>[Address Reference Count : 1]<UL><LI> startup_tm4c123.o(RESET)
</UL>
<P><STRONG><a name="[117]"></a>Timer0_Arm(unsigned char)</STRONG> (Thumb, 16 bytes, Stack size 0 bytes, timer0.o(.text), UNUSED)

<P><STRONG><a name="[118]"></a>UART_Init()</STRONG> (Thumb, 2 bytes, Stack size 0 bytes, uart.o(.text), UNUSED)

<P><STRONG><a name="[119]"></a>UART_InChar()</STRONG> (Thumb, 2 bytes, Stack size 0 bytes, uart.o(.text), UNUSED)

<P><STRONG><a name="[11a]"></a>UART_InStatus()</STRONG> (Thumb, 4 bytes, Stack size 0 bytes, uart.o(.text), UNUSED)

<P><STRONG><a name="[9f]"></a>UART_OutChar(char)</STRONG> (Thumb, 2 bytes, Stack size 0 bytes, uart.o(.text), UNUSED)
<BR><BR>[Called By]<UL><LI><a href="#[a0]">&gt;&gt;</a>&nbsp;&nbsp;&nbsp;UART_OutUDec(unsigned)
<LI><a href="#[9e]">&gt;&gt;</a>&nbsp;&nbsp;&nbsp;UART_OutString(char*)
</UL>

<P><STRONG><a name="[18]"></a>UART1_Handler</STRONG> (Thumb, 2 bytes, Stack size 0 bytes, uart.o(.text))
<BR>[Address Reference Count : 1]<UL><LI> startup_tm4c123.o(RESET)
</UL>
<P><STRONG><a name="[9e]"></a>UART_OutString(char*)</STRONG> (Thumb, 22 bytes, Stack size 4 bytes, uart.o(.text), UNUSED)
<BR><BR>[Calls]<UL><LI><a href="#[9f]">&gt;&gt;</a>&nbsp;&nbsp;&nbsp;UART_OutChar(char)
</UL>

<P><STRONG><a name="[a0]"></a>UART_OutUDec(unsigned)</STRONG> (Thumb, 42 bytes, Stack size 12 bytes, uart.o(.text), UNUSED)
<BR><BR>[Calls]<UL><LI><a href="#[a0]">&gt;&gt;</a>&nbsp;&nbsp;&nbsp;UART_OutUDec(unsigned)
<LI><a href="#[9f]">&gt;&gt;</a>&nbsp;&nbsp;&nbsp;UART_OutChar(char)
</UL>
<BR>[Called By]<UL><LI><a href="#[a0]">&gt;&gt;</a>&nbsp;&nbsp;&nbsp;UART_OutUDec(unsigned)
</UL>

<P><STRONG><a name="[11b]"></a>UART_InMessage(char*)</STRONG> (Thumb, 2 bytes, Stack size 0 bytes, uart.o(.text), UNUSED)

<P><STRONG><a name="[a1]"></a>Queue::Queue()</STRONG> (Thumb, 2 bytes, Stack size 0 bytes, fifo.o(.text))
<BR><BR>[Called By]<UL><LI><a href="#[84]">&gt;&gt;</a>&nbsp;&nbsp;&nbsp;__sti___8_UART_cpp_RxFifo
</UL>

<P><STRONG><a name="[11c]"></a>Queue::Queue__sub_object()</STRONG> (Thumb, 0 bytes, Stack size 0 bytes, fifo.o(.text), UNUSED)

<P><STRONG><a name="[11d]"></a>Queue::IsEmpty()</STRONG> (Thumb, 6 bytes, Stack size 0 bytes, fifo.o(.text), UNUSED)

<P><STRONG><a name="[11e]"></a>Queue::IsFull()</STRONG> (Thumb, 6 bytes, Stack size 0 bytes, fifo.o(.text), UNUSED)

<P><STRONG><a name="[11f]"></a>Queue::Put(char)</STRONG> (Thumb, 6 bytes, Stack size 0 bytes, fifo.o(.text), UNUSED)

<P><STRONG><a name="[120]"></a>Queue::Get(char*)</STRONG> (Thumb, 6 bytes, Stack size 0 bytes, fifo.o(.text), UNUSED)

<P><STRONG><a name="[121]"></a>Queue::Print()</STRONG> (Thumb, 2 bytes, Stack size 0 bytes, fifo.o(.text), UNUSED)

<P><STRONG><a name="[af]"></a>tx_SSI</STRONG> (Thumb, 30 bytes, Stack size 0 bytes, diskio.o(.text), UNUSED)
<BR><BR>[Called By]<UL><LI><a href="#[ad]">&gt;&gt;</a>&nbsp;&nbsp;&nbsp;dummy_clock
</UL>

<P><STRONG><a name="[ae]"></a>tx_high</STRONG> (Thumb, 44 bytes, Stack size 0 bytes, diskio.o(.text), UNUSED)
<BR><BR>[Called By]<UL><LI><a href="#[ad]">&gt;&gt;</a>&nbsp;&nbsp;&nbsp;dummy_clock
</UL>

<P><STRONG><a name="[a3]"></a>Timer1_Init</STRONG> (Thumb, 84 bytes, Stack size 0 bytes, diskio.o(.text), UNUSED)
<BR><BR>[Called By]<UL><LI><a href="#[a2]">&gt;&gt;</a>&nbsp;&nbsp;&nbsp;init_spi
</UL>

<P><STRONG><a name="[aa]"></a>Timer1_Arm</STRONG> (Thumb, 16 bytes, Stack size 0 bytes, diskio.o(.text), UNUSED)
<BR><BR>[Called By]<UL><LI><a href="#[b6]">&gt;&gt;</a>&nbsp;&nbsp;&nbsp;disk_initialize
<LI><a href="#[b2]">&gt;&gt;</a>&nbsp;&nbsp;&nbsp;rcvr_datablock
<LI><a href="#[a9]">&gt;&gt;</a>&nbsp;&nbsp;&nbsp;wait_ready
</UL>

<P><STRONG><a name="[ad]"></a>dummy_clock</STRONG> (Thumb, 46 bytes, Stack size 8 bytes, diskio.o(.text), UNUSED)
<BR><BR>[Calls]<UL><LI><a href="#[ac]">&gt;&gt;</a>&nbsp;&nbsp;&nbsp;xchg_spi
<LI><a href="#[a5]">&gt;&gt;</a>&nbsp;&nbsp;&nbsp;TurnSD
<LI><a href="#[ae]">&gt;&gt;</a>&nbsp;&nbsp;&nbsp;tx_high
<LI><a href="#[af]">&gt;&gt;</a>&nbsp;&nbsp;&nbsp;tx_SSI
</UL>
<BR>[Called By]<UL><LI><a href="#[b6]">&gt;&gt;</a>&nbsp;&nbsp;&nbsp;disk_initialize
</UL>

<P><STRONG><a name="[b6]"></a>disk_initialize</STRONG> (Thumb, 382 bytes, Stack size 24 bytes, diskio.o(.text), UNUSED)
<BR><BR>[Calls]<UL><LI><a href="#[ac]">&gt;&gt;</a>&nbsp;&nbsp;&nbsp;xchg_spi
<LI><a href="#[ad]">&gt;&gt;</a>&nbsp;&nbsp;&nbsp;dummy_clock
<LI><a href="#[aa]">&gt;&gt;</a>&nbsp;&nbsp;&nbsp;Timer1_Arm
<LI><a href="#[b5]">&gt;&gt;</a>&nbsp;&nbsp;&nbsp;send_cmd
<LI><a href="#[b0]">&gt;&gt;</a>&nbsp;&nbsp;&nbsp;deselect
<LI><a href="#[a2]">&gt;&gt;</a>&nbsp;&nbsp;&nbsp;init_spi
</UL>

<P><STRONG><a name="[122]"></a>disk_status</STRONG> (Thumb, 14 bytes, Stack size 0 bytes, diskio.o(.text), UNUSED)

<P><STRONG><a name="[b7]"></a>disk_read</STRONG> (Thumb, 136 bytes, Stack size 24 bytes, diskio.o(.text), UNUSED)
<BR><BR>[Calls]<UL><LI><a href="#[b5]">&gt;&gt;</a>&nbsp;&nbsp;&nbsp;send_cmd
<LI><a href="#[b2]">&gt;&gt;</a>&nbsp;&nbsp;&nbsp;rcvr_datablock
<LI><a href="#[b0]">&gt;&gt;</a>&nbsp;&nbsp;&nbsp;deselect
</UL>

<P><STRONG><a name="[b8]"></a>disk_write</STRONG> (Thumb, 170 bytes, Stack size 24 bytes, diskio.o(.text), UNUSED)
<BR><BR>[Calls]<UL><LI><a href="#[b5]">&gt;&gt;</a>&nbsp;&nbsp;&nbsp;send_cmd
<LI><a href="#[b3]">&gt;&gt;</a>&nbsp;&nbsp;&nbsp;xmit_datablock
<LI><a href="#[b0]">&gt;&gt;</a>&nbsp;&nbsp;&nbsp;deselect
</UL>

<P><STRONG><a name="[b9]"></a>disk_ioctl</STRONG> (Thumb, 552 bytes, Stack size 56 bytes, diskio.o(.text), UNUSED)
<BR><BR>[Calls]<UL><LI><a href="#[ac]">&gt;&gt;</a>&nbsp;&nbsp;&nbsp;xchg_spi
<LI><a href="#[ab]">&gt;&gt;</a>&nbsp;&nbsp;&nbsp;SwitchToSD
<LI><a href="#[b9]">&gt;&gt;</a>&nbsp;&nbsp;&nbsp;disk_ioctl
<LI><a href="#[b5]">&gt;&gt;</a>&nbsp;&nbsp;&nbsp;send_cmd
<LI><a href="#[b2]">&gt;&gt;</a>&nbsp;&nbsp;&nbsp;rcvr_datablock
<LI><a href="#[b1]">&gt;&gt;</a>&nbsp;&nbsp;&nbsp;select
<LI><a href="#[b0]">&gt;&gt;</a>&nbsp;&nbsp;&nbsp;deselect
<LI><a href="#[a9]">&gt;&gt;</a>&nbsp;&nbsp;&nbsp;wait_ready
</UL>
<BR>[Called By]<UL><LI><a href="#[b9]">&gt;&gt;</a>&nbsp;&nbsp;&nbsp;disk_ioctl
</UL>

<P><STRONG><a name="[ba]"></a>disk_timerproc</STRONG> (Thumb, 74 bytes, Stack size 0 bytes, diskio.o(.text))
<BR><BR>[Called By]<UL><LI><a href="#[27]">&gt;&gt;</a>&nbsp;&nbsp;&nbsp;Timer1A_Handler
</UL>

<P><STRONG><a name="[27]"></a>Timer1A_Handler</STRONG> (Thumb, 14 bytes, Stack size 4 bytes, diskio.o(.text))
<BR><BR>[Stack]<UL><LI>Max Depth = 4<LI>Call Chain = Timer1A_Handler
</UL>
<BR>[Calls]<UL><LI><a href="#[ba]">&gt;&gt;</a>&nbsp;&nbsp;&nbsp;disk_timerproc
</UL>
<BR>[Address Reference Count : 1]<UL><LI> startup_tm4c123.o(RESET)
</UL>
<P><STRONG><a name="[95]"></a>_sys_exit</STRONG> (Thumb, 6 bytes, Stack size 0 bytes, retarget.o(.text))
<BR><BR>[Called By]<UL><LI><a href="#[94]">&gt;&gt;</a>&nbsp;&nbsp;&nbsp;__rt_exit_exit
</UL>

<P><STRONG><a name="[123]"></a>_ttywrch</STRONG> (Thumb, 6 bytes, Stack size 0 bytes, retarget.o(.text), UNUSED)

<P><STRONG><a name="[c0]"></a>SDC_CS_Init</STRONG> (Thumb, 150 bytes, Stack size 0 bytes, st7735sd.o(.text))
<BR><BR>[Called By]<UL><LI><a href="#[a4]">&gt;&gt;</a>&nbsp;&nbsp;&nbsp;SSI0_Init
</UL>

<P><STRONG><a name="[bb]"></a>D_C</STRONG> (Thumb, 6 bytes, Stack size 0 bytes, st7735sd.o(.text))
<BR><BR>[Called By]<UL><LI><a href="#[ac]">&gt;&gt;</a>&nbsp;&nbsp;&nbsp;xchg_spi
</UL>

<P><STRONG><a name="[ac]"></a>xchg_spi</STRONG> (Thumb, 58 bytes, Stack size 8 bytes, st7735sd.o(.text))
<BR><BR>[Stack]<UL><LI>Max Depth = 8<LI>Call Chain = xchg_spi
</UL>
<BR>[Calls]<UL><LI><a href="#[bb]">&gt;&gt;</a>&nbsp;&nbsp;&nbsp;D_C
</UL>
<BR>[Called By]<UL><LI><a href="#[d8]">&gt;&gt;</a>&nbsp;&nbsp;&nbsp;Display_InvertDisplay(int)
<LI><a href="#[d7]">&gt;&gt;</a>&nbsp;&nbsp;&nbsp;Display_SetRotation(unsigned char)
<LI><a href="#[d1]">&gt;&gt;</a>&nbsp;&nbsp;&nbsp;Display_UnrenderSprite(short, short, short, short, const unsigned short*)
<LI><a href="#[d0]">&gt;&gt;</a>&nbsp;&nbsp;&nbsp;Display_DrawCircle(short, short, unsigned short)
<LI><a href="#[cf]">&gt;&gt;</a>&nbsp;&nbsp;&nbsp;Display_DrawSmallCircle(short, short, unsigned short)
<LI><a href="#[ce]">&gt;&gt;</a>&nbsp;&nbsp;&nbsp;Display_DrawFastHLine(short, short, short, unsigned short)
<LI><a href="#[cd]">&gt;&gt;</a>&nbsp;&nbsp;&nbsp;Display_DrawFastVLine(short, short, short, unsigned short)
<LI><a href="#[ca]">&gt;&gt;</a>&nbsp;&nbsp;&nbsp;Display_InitR(initRFlags)
<LI><a href="#[c6]">&gt;&gt;</a>&nbsp;&nbsp;&nbsp;Display_FillRect(short, short, short, short, unsigned short)
<LI><a href="#[cb]">&gt;&gt;</a>&nbsp;&nbsp;&nbsp;pushColor(unsigned short)
<LI><a href="#[c3]">&gt;&gt;</a>&nbsp;&nbsp;&nbsp;setAddrWindow(unsigned char, unsigned char, unsigned char, unsigned char)
<LI><a href="#[bd]">&gt;&gt;</a>&nbsp;&nbsp;&nbsp;commandList
<LI><a href="#[b9]">&gt;&gt;</a>&nbsp;&nbsp;&nbsp;disk_ioctl
<LI><a href="#[b6]">&gt;&gt;</a>&nbsp;&nbsp;&nbsp;disk_initialize
<LI><a href="#[ad]">&gt;&gt;</a>&nbsp;&nbsp;&nbsp;dummy_clock
<LI><a href="#[b5]">&gt;&gt;</a>&nbsp;&nbsp;&nbsp;send_cmd
<LI><a href="#[b3]">&gt;&gt;</a>&nbsp;&nbsp;&nbsp;xmit_datablock
<LI><a href="#[b2]">&gt;&gt;</a>&nbsp;&nbsp;&nbsp;rcvr_datablock
<LI><a href="#[b1]">&gt;&gt;</a>&nbsp;&nbsp;&nbsp;select
<LI><a href="#[b0]">&gt;&gt;</a>&nbsp;&nbsp;&nbsp;deselect
<LI><a href="#[a9]">&gt;&gt;</a>&nbsp;&nbsp;&nbsp;wait_ready
<LI><a href="#[9b]">&gt;&gt;</a>&nbsp;&nbsp;&nbsp;Display_RenderSprite(short, short, const unsigned short*, short, short, unsigned short, const unsigned short*)
<LI><a href="#[9a]">&gt;&gt;</a>&nbsp;&nbsp;&nbsp;Display_DrawBitmap(short, short, const unsigned short*, short, short)
</UL>

<P><STRONG><a name="[bc]"></a>Delay</STRONG> (Thumb, 14 bytes, Stack size 0 bytes, st7735sd.o(.text))
<BR><BR>[Called By]<UL><LI><a href="#[a6]">&gt;&gt;</a>&nbsp;&nbsp;&nbsp;Delay1ms
</UL>

<P><STRONG><a name="[a6]"></a>Delay1ms</STRONG> (Thumb, 22 bytes, Stack size 4 bytes, st7735sd.o(.text))
<BR><BR>[Stack]<UL><LI>Max Depth = 4<LI>Call Chain = Delay1ms
</UL>
<BR>[Calls]<UL><LI><a href="#[bc]">&gt;&gt;</a>&nbsp;&nbsp;&nbsp;Delay
</UL>
<BR>[Called By]<UL><LI><a href="#[bd]">&gt;&gt;</a>&nbsp;&nbsp;&nbsp;commandList
<LI><a href="#[a4]">&gt;&gt;</a>&nbsp;&nbsp;&nbsp;SSI0_Init
<LI><a href="#[a2]">&gt;&gt;</a>&nbsp;&nbsp;&nbsp;init_spi
</UL>

<P><STRONG><a name="[bd]"></a>commandList</STRONG> (Thumb, 128 bytes, Stack size 24 bytes, st7735sd.o(.text))
<BR><BR>[Stack]<UL><LI>Max Depth = 32<LI>Call Chain = commandList &rArr; xchg_spi
</UL>
<BR>[Calls]<UL><LI><a href="#[ac]">&gt;&gt;</a>&nbsp;&nbsp;&nbsp;xchg_spi
<LI><a href="#[a6]">&gt;&gt;</a>&nbsp;&nbsp;&nbsp;Delay1ms
</UL>
<BR>[Called By]<UL><LI><a href="#[ca]">&gt;&gt;</a>&nbsp;&nbsp;&nbsp;Display_InitR(initRFlags)
<LI><a href="#[c2]">&gt;&gt;</a>&nbsp;&nbsp;&nbsp;commonInit(const cmdList*)
</UL>

<P><STRONG><a name="[bf]"></a>TurnDisplay</STRONG> (Thumb, 16 bytes, Stack size 0 bytes, st7735sd.o(.text))
<BR><BR>[Called By]<UL><LI><a href="#[be]">&gt;&gt;</a>&nbsp;&nbsp;&nbsp;SwitchToDisplay
<LI><a href="#[ab]">&gt;&gt;</a>&nbsp;&nbsp;&nbsp;SwitchToSD
<LI><a href="#[a4]">&gt;&gt;</a>&nbsp;&nbsp;&nbsp;SSI0_Init
</UL>

<P><STRONG><a name="[c1]"></a>Reset</STRONG> (Thumb, 6 bytes, Stack size 0 bytes, st7735sd.o(.text))
<BR><BR>[Called By]<UL><LI><a href="#[a4]">&gt;&gt;</a>&nbsp;&nbsp;&nbsp;SSI0_Init
</UL>

<P><STRONG><a name="[a5]"></a>TurnSD</STRONG> (Thumb, 14 bytes, Stack size 0 bytes, st7735sd.o(.text))
<BR><BR>[Called By]<UL><LI><a href="#[be]">&gt;&gt;</a>&nbsp;&nbsp;&nbsp;SwitchToDisplay
<LI><a href="#[ab]">&gt;&gt;</a>&nbsp;&nbsp;&nbsp;SwitchToSD
<LI><a href="#[ad]">&gt;&gt;</a>&nbsp;&nbsp;&nbsp;dummy_clock
<LI><a href="#[b0]">&gt;&gt;</a>&nbsp;&nbsp;&nbsp;deselect
<LI><a href="#[a2]">&gt;&gt;</a>&nbsp;&nbsp;&nbsp;init_spi
</UL>

<P><STRONG><a name="[be]"></a>SwitchToDisplay</STRONG> (Thumb, 16 bytes, Stack size 4 bytes, st7735sd.o(.text))
<BR><BR>[Stack]<UL><LI>Max Depth = 4<LI>Call Chain = SwitchToDisplay
</UL>
<BR>[Calls]<UL><LI><a href="#[bf]">&gt;&gt;</a>&nbsp;&nbsp;&nbsp;TurnDisplay
<LI><a href="#[a5]">&gt;&gt;</a>&nbsp;&nbsp;&nbsp;TurnSD
</UL>
<BR>[Called By]<UL><LI><a href="#[d8]">&gt;&gt;</a>&nbsp;&nbsp;&nbsp;Display_InvertDisplay(int)
<LI><a href="#[d7]">&gt;&gt;</a>&nbsp;&nbsp;&nbsp;Display_SetRotation(unsigned char)
<LI><a href="#[d0]">&gt;&gt;</a>&nbsp;&nbsp;&nbsp;Display_DrawCircle(short, short, unsigned short)
<LI><a href="#[cf]">&gt;&gt;</a>&nbsp;&nbsp;&nbsp;Display_DrawSmallCircle(short, short, unsigned short)
<LI><a href="#[ce]">&gt;&gt;</a>&nbsp;&nbsp;&nbsp;Display_DrawFastHLine(short, short, short, unsigned short)
<LI><a href="#[cd]">&gt;&gt;</a>&nbsp;&nbsp;&nbsp;Display_DrawFastVLine(short, short, short, unsigned short)
<LI><a href="#[ca]">&gt;&gt;</a>&nbsp;&nbsp;&nbsp;Display_InitR(initRFlags)
<LI><a href="#[c6]">&gt;&gt;</a>&nbsp;&nbsp;&nbsp;Display_FillRect(short, short, short, short, unsigned short)
<LI><a href="#[cb]">&gt;&gt;</a>&nbsp;&nbsp;&nbsp;pushColor(unsigned short)
<LI><a href="#[c3]">&gt;&gt;</a>&nbsp;&nbsp;&nbsp;setAddrWindow(unsigned char, unsigned char, unsigned char, unsigned char)
<LI><a href="#[c2]">&gt;&gt;</a>&nbsp;&nbsp;&nbsp;commonInit(const cmdList*)
<LI><a href="#[a4]">&gt;&gt;</a>&nbsp;&nbsp;&nbsp;SSI0_Init
<LI><a href="#[9d]">&gt;&gt;</a>&nbsp;&nbsp;&nbsp;Display_UnrenderCursor(short, short, short, short, const unsigned short*)
<LI><a href="#[9b]">&gt;&gt;</a>&nbsp;&nbsp;&nbsp;Display_RenderSprite(short, short, const unsigned short*, short, short, unsigned short, const unsigned short*)
<LI><a href="#[9c]">&gt;&gt;</a>&nbsp;&nbsp;&nbsp;Display_RenderCursor(short, short, short, short, unsigned short)
<LI><a href="#[9a]">&gt;&gt;</a>&nbsp;&nbsp;&nbsp;Display_DrawBitmap(short, short, const unsigned short*, short, short)
</UL>

<P><STRONG><a name="[a4]"></a>SSI0_Init</STRONG> (Thumb, 378 bytes, Stack size 4 bytes, st7735sd.o(.text))
<BR><BR>[Stack]<UL><LI>Max Depth = 8<LI>Call Chain = SSI0_Init &rArr; SwitchToDisplay
</UL>
<BR>[Calls]<UL><LI><a href="#[be]">&gt;&gt;</a>&nbsp;&nbsp;&nbsp;SwitchToDisplay
<LI><a href="#[c1]">&gt;&gt;</a>&nbsp;&nbsp;&nbsp;Reset
<LI><a href="#[bf]">&gt;&gt;</a>&nbsp;&nbsp;&nbsp;TurnDisplay
<LI><a href="#[c0]">&gt;&gt;</a>&nbsp;&nbsp;&nbsp;SDC_CS_Init
<LI><a href="#[a6]">&gt;&gt;</a>&nbsp;&nbsp;&nbsp;Delay1ms
</UL>
<BR>[Called By]<UL><LI><a href="#[c2]">&gt;&gt;</a>&nbsp;&nbsp;&nbsp;commonInit(const cmdList*)
<LI><a href="#[a2]">&gt;&gt;</a>&nbsp;&nbsp;&nbsp;init_spi
</UL>

<P><STRONG><a name="[124]"></a>SSI0_Handler()</STRONG> (Thumb, 2 bytes, Stack size 0 bytes, st7735sd.o(.text), UNUSED)

<P><STRONG><a name="[ab]"></a>SwitchToSD</STRONG> (Thumb, 16 bytes, Stack size 4 bytes, st7735sd.o(.text), UNUSED)
<BR><BR>[Calls]<UL><LI><a href="#[bf]">&gt;&gt;</a>&nbsp;&nbsp;&nbsp;TurnDisplay
<LI><a href="#[a5]">&gt;&gt;</a>&nbsp;&nbsp;&nbsp;TurnSD
</UL>
<BR>[Called By]<UL><LI><a href="#[b9]">&gt;&gt;</a>&nbsp;&nbsp;&nbsp;disk_ioctl
<LI><a href="#[b3]">&gt;&gt;</a>&nbsp;&nbsp;&nbsp;xmit_datablock
<LI><a href="#[b2]">&gt;&gt;</a>&nbsp;&nbsp;&nbsp;rcvr_datablock
<LI><a href="#[b1]">&gt;&gt;</a>&nbsp;&nbsp;&nbsp;select
<LI><a href="#[a9]">&gt;&gt;</a>&nbsp;&nbsp;&nbsp;wait_ready
</UL>

<P><STRONG><a name="[c5]"></a>convY(unsigned char)</STRONG> (Thumb, 10 bytes, Stack size 0 bytes, display.o(.text))
<BR><BR>[Called By]<UL><LI><a href="#[d1]">&gt;&gt;</a>&nbsp;&nbsp;&nbsp;Display_UnrenderSprite(short, short, short, short, const unsigned short*)
<LI><a href="#[c3]">&gt;&gt;</a>&nbsp;&nbsp;&nbsp;setAddrWindow(unsigned char, unsigned char, unsigned char, unsigned char)
<LI><a href="#[9d]">&gt;&gt;</a>&nbsp;&nbsp;&nbsp;Display_UnrenderCursor(short, short, short, short, const unsigned short*)
<LI><a href="#[9b]">&gt;&gt;</a>&nbsp;&nbsp;&nbsp;Display_RenderSprite(short, short, const unsigned short*, short, short, unsigned short, const unsigned short*)
</UL>

<P><STRONG><a name="[c4]"></a>convX(unsigned char)</STRONG> (Thumb, 10 bytes, Stack size 0 bytes, display.o(.text))
<BR><BR>[Called By]<UL><LI><a href="#[c3]">&gt;&gt;</a>&nbsp;&nbsp;&nbsp;setAddrWindow(unsigned char, unsigned char, unsigned char, unsigned char)
</UL>

<P><STRONG><a name="[c6]"></a>Display_FillRect(short, short, short, short, unsigned short)</STRONG> (Thumb, 172 bytes, Stack size 32 bytes, display.o(.text))
<BR><BR>[Stack]<UL><LI>Max Depth = 96<LI>Call Chain = Display_FillRect(short, short, short, short, unsigned short) &rArr; setAddrWindow(unsigned char, unsigned char, unsigned char, unsigned char) &rArr; xchg_spi
</UL>
<BR>[Calls]<UL><LI><a href="#[c3]">&gt;&gt;</a>&nbsp;&nbsp;&nbsp;setAddrWindow(unsigned char, unsigned char, unsigned char, unsigned char)
<LI><a href="#[be]">&gt;&gt;</a>&nbsp;&nbsp;&nbsp;SwitchToDisplay
<LI><a href="#[ac]">&gt;&gt;</a>&nbsp;&nbsp;&nbsp;xchg_spi
</UL>
<BR>[Called By]<UL><LI><a href="#[d9]">&gt;&gt;</a>&nbsp;&nbsp;&nbsp;Display_PlotClear(int, int)
<LI><a href="#[d2]">&gt;&gt;</a>&nbsp;&nbsp;&nbsp;Display_DrawCharS(short, short, char, short, short, unsigned char)
<LI><a href="#[c7]">&gt;&gt;</a>&nbsp;&nbsp;&nbsp;Display_FillScreen(unsigned short)
</UL>

<P><STRONG><a name="[c7]"></a>Display_FillScreen(unsigned short)</STRONG> (Thumb, 28 bytes, Stack size 16 bytes, display.o(.text))
<BR><BR>[Stack]<UL><LI>Max Depth = 112<LI>Call Chain = Display_FillScreen(unsigned short) &rArr; Display_FillRect(short, short, short, short, unsigned short) &rArr; setAddrWindow(unsigned char, unsigned char, unsigned char, unsigned char) &rArr; xchg_spi
</UL>
<BR>[Calls]<UL><LI><a href="#[c6]">&gt;&gt;</a>&nbsp;&nbsp;&nbsp;Display_FillRect(short, short, short, short, unsigned short)
</UL>
<BR>[Called By]<UL><LI><a href="#[e4]">&gt;&gt;</a>&nbsp;&nbsp;&nbsp;Output_Clear()
<LI><a href="#[ca]">&gt;&gt;</a>&nbsp;&nbsp;&nbsp;Display_InitR(initRFlags)
<LI><a href="#[c8]">&gt;&gt;</a>&nbsp;&nbsp;&nbsp;Display_InitB()
<LI><a href="#[98]">&gt;&gt;</a>&nbsp;&nbsp;&nbsp;Output_Init()
</UL>

<P><STRONG><a name="[c9]"></a>Display_SetCursor(unsigned, unsigned)</STRONG> (Thumb, 22 bytes, Stack size 0 bytes, display.o(.text))
<BR><BR>[Called By]<UL><LI><a href="#[ca]">&gt;&gt;</a>&nbsp;&nbsp;&nbsp;Display_InitR(initRFlags)
<LI><a href="#[c8]">&gt;&gt;</a>&nbsp;&nbsp;&nbsp;Display_InitB()
</UL>

<P><STRONG><a name="[c8]"></a>Display_InitB()</STRONG> (Thumb, 32 bytes, Stack size 8 bytes, display.o(.text), UNUSED)
<BR><BR>[Calls]<UL><LI><a href="#[c9]">&gt;&gt;</a>&nbsp;&nbsp;&nbsp;Display_SetCursor(unsigned, unsigned)
<LI><a href="#[c7]">&gt;&gt;</a>&nbsp;&nbsp;&nbsp;Display_FillScreen(unsigned short)
<LI><a href="#[c2]">&gt;&gt;</a>&nbsp;&nbsp;&nbsp;commonInit(const cmdList*)
</UL>

<P><STRONG><a name="[ca]"></a>Display_InitR(initRFlags)</STRONG> (Thumb, 98 bytes, Stack size 8 bytes, display.o(.text))
<BR><BR>[Stack]<UL><LI>Max Depth = 120<LI>Call Chain = Display_InitR(initRFlags) &rArr; Display_FillScreen(unsigned short) &rArr; Display_FillRect(short, short, short, short, unsigned short) &rArr; setAddrWindow(unsigned char, unsigned char, unsigned char, unsigned char) &rArr; xchg_spi
</UL>
<BR>[Calls]<UL><LI><a href="#[c9]">&gt;&gt;</a>&nbsp;&nbsp;&nbsp;Display_SetCursor(unsigned, unsigned)
<LI><a href="#[c7]">&gt;&gt;</a>&nbsp;&nbsp;&nbsp;Display_FillScreen(unsigned short)
<LI><a href="#[c2]">&gt;&gt;</a>&nbsp;&nbsp;&nbsp;commonInit(const cmdList*)
<LI><a href="#[be]">&gt;&gt;</a>&nbsp;&nbsp;&nbsp;SwitchToDisplay
<LI><a href="#[bd]">&gt;&gt;</a>&nbsp;&nbsp;&nbsp;commandList
<LI><a href="#[ac]">&gt;&gt;</a>&nbsp;&nbsp;&nbsp;xchg_spi
</UL>
<BR>[Called By]<UL><LI><a href="#[98]">&gt;&gt;</a>&nbsp;&nbsp;&nbsp;Output_Init()
</UL>

<P><STRONG><a name="[cc]"></a>Display_DrawPixel(short, short, unsigned short)</STRONG> (Thumb, 64 bytes, Stack size 24 bytes, display.o(.text))
<BR><BR>[Stack]<UL><LI>Max Depth = 88<LI>Call Chain = Display_DrawPixel(short, short, unsigned short) &rArr; setAddrWindow(unsigned char, unsigned char, unsigned char, unsigned char) &rArr; xchg_spi
</UL>
<BR>[Calls]<UL><LI><a href="#[cb]">&gt;&gt;</a>&nbsp;&nbsp;&nbsp;pushColor(unsigned short)
<LI><a href="#[c3]">&gt;&gt;</a>&nbsp;&nbsp;&nbsp;setAddrWindow(unsigned char, unsigned char, unsigned char, unsigned char)
</UL>
<BR>[Called By]<UL><LI><a href="#[dd]">&gt;&gt;</a>&nbsp;&nbsp;&nbsp;Display_PlotPoints(int, int)
<LI><a href="#[dc]">&gt;&gt;</a>&nbsp;&nbsp;&nbsp;Display_PlotLine(int)
<LI><a href="#[db]">&gt;&gt;</a>&nbsp;&nbsp;&nbsp;Display_PlotPoint(int)
<LI><a href="#[d2]">&gt;&gt;</a>&nbsp;&nbsp;&nbsp;Display_DrawCharS(short, short, char, short, short, unsigned char)
<LI><a href="#[9d]">&gt;&gt;</a>&nbsp;&nbsp;&nbsp;Display_UnrenderCursor(short, short, short, short, const unsigned short*)
<LI><a href="#[9c]">&gt;&gt;</a>&nbsp;&nbsp;&nbsp;Display_RenderCursor(short, short, short, short, unsigned short)
</UL>

<P><STRONG><a name="[cd]"></a>Display_DrawFastVLine(short, short, short, unsigned short)</STRONG> (Thumb, 124 bytes, Stack size 32 bytes, display.o(.text), UNUSED)
<BR><BR>[Calls]<UL><LI><a href="#[c3]">&gt;&gt;</a>&nbsp;&nbsp;&nbsp;setAddrWindow(unsigned char, unsigned char, unsigned char, unsigned char)
<LI><a href="#[be]">&gt;&gt;</a>&nbsp;&nbsp;&nbsp;SwitchToDisplay
<LI><a href="#[ac]">&gt;&gt;</a>&nbsp;&nbsp;&nbsp;xchg_spi
</UL>
<BR>[Called By]<UL><LI><a href="#[e0]">&gt;&gt;</a>&nbsp;&nbsp;&nbsp;Display_PlotNextErase()
<LI><a href="#[df]">&gt;&gt;</a>&nbsp;&nbsp;&nbsp;Display_PlotdBfs(int)
<LI><a href="#[de]">&gt;&gt;</a>&nbsp;&nbsp;&nbsp;Display_PlotBar(int)
</UL>

<P><STRONG><a name="[ce]"></a>Display_DrawFastHLine(short, short, short, unsigned short)</STRONG> (Thumb, 124 bytes, Stack size 32 bytes, display.o(.text), UNUSED)
<BR><BR>[Calls]<UL><LI><a href="#[c3]">&gt;&gt;</a>&nbsp;&nbsp;&nbsp;setAddrWindow(unsigned char, unsigned char, unsigned char, unsigned char)
<LI><a href="#[be]">&gt;&gt;</a>&nbsp;&nbsp;&nbsp;SwitchToDisplay
<LI><a href="#[ac]">&gt;&gt;</a>&nbsp;&nbsp;&nbsp;xchg_spi
</UL>

<P><STRONG><a name="[cf]"></a>Display_DrawSmallCircle(short, short, unsigned short)</STRONG> (Thumb, 216 bytes, Stack size 40 bytes, display.o(.text), UNUSED)
<BR><BR>[Calls]<UL><LI><a href="#[c3]">&gt;&gt;</a>&nbsp;&nbsp;&nbsp;setAddrWindow(unsigned char, unsigned char, unsigned char, unsigned char)
<LI><a href="#[be]">&gt;&gt;</a>&nbsp;&nbsp;&nbsp;SwitchToDisplay
<LI><a href="#[ac]">&gt;&gt;</a>&nbsp;&nbsp;&nbsp;xchg_spi
</UL>

<P><STRONG><a name="[d0]"></a>Display_DrawCircle(short, short, unsigned short)</STRONG> (Thumb, 162 bytes, Stack size 40 bytes, display.o(.text), UNUSED)
<BR><BR>[Calls]<UL><LI><a href="#[c3]">&gt;&gt;</a>&nbsp;&nbsp;&nbsp;setAddrWindow(unsigned char, unsigned char, unsigned char, unsigned char)
<LI><a href="#[be]">&gt;&gt;</a>&nbsp;&nbsp;&nbsp;SwitchToDisplay
<LI><a href="#[ac]">&gt;&gt;</a>&nbsp;&nbsp;&nbsp;xchg_spi
</UL>

<P><STRONG><a name="[da]"></a>Display_Color565(unsigned char, unsigned char, unsigned char)</STRONG> (Thumb, 24 bytes, Stack size 8 bytes, display.o(.text), UNUSED)
<BR><BR>[Called By]<UL><LI><a href="#[e0]">&gt;&gt;</a>&nbsp;&nbsp;&nbsp;Display_PlotNextErase()
<LI><a href="#[d9]">&gt;&gt;</a>&nbsp;&nbsp;&nbsp;Display_PlotClear(int, int)
<LI><a href="#[e3]">&gt;&gt;</a>&nbsp;&nbsp;&nbsp;ferrorLCD(char*)
</UL>

<P><STRONG><a name="[125]"></a>Display_SwapColor(unsigned short)</STRONG> (Thumb, 18 bytes, Stack size 0 bytes, display.o(.text), UNUSED)

<P><STRONG><a name="[9a]"></a>Display_DrawBitmap(short, short, const unsigned short*, short, short)</STRONG> (Thumb, 264 bytes, Stack size 32 bytes, display.o(.text))
<BR><BR>[Stack]<UL><LI>Max Depth = 96<LI>Call Chain = Display_DrawBitmap(short, short, const unsigned short*, short, short) &rArr; setAddrWindow(unsigned char, unsigned char, unsigned char, unsigned char) &rArr; xchg_spi
</UL>
<BR>[Calls]<UL><LI><a href="#[c3]">&gt;&gt;</a>&nbsp;&nbsp;&nbsp;setAddrWindow(unsigned char, unsigned char, unsigned char, unsigned char)
<LI><a href="#[be]">&gt;&gt;</a>&nbsp;&nbsp;&nbsp;SwitchToDisplay
<LI><a href="#[ac]">&gt;&gt;</a>&nbsp;&nbsp;&nbsp;xchg_spi
</UL>
<BR>[Called By]<UL><LI><a href="#[90]">&gt;&gt;</a>&nbsp;&nbsp;&nbsp;main
</UL>

<P><STRONG><a name="[9b]"></a>Display_RenderSprite(short, short, const unsigned short*, short, short, unsigned short, const unsigned short*)</STRONG> (Thumb, 354 bytes, Stack size 48 bytes, display.o(.text))
<BR><BR>[Stack]<UL><LI>Max Depth = 112<LI>Call Chain = Display_RenderSprite(short, short, const unsigned short*, short, short, unsigned short, const unsigned short*) &rArr; setAddrWindow(unsigned char, unsigned char, unsigned char, unsigned char) &rArr; xchg_spi
</UL>
<BR>[Calls]<UL><LI><a href="#[c5]">&gt;&gt;</a>&nbsp;&nbsp;&nbsp;convY(unsigned char)
<LI><a href="#[c3]">&gt;&gt;</a>&nbsp;&nbsp;&nbsp;setAddrWindow(unsigned char, unsigned char, unsigned char, unsigned char)
<LI><a href="#[be]">&gt;&gt;</a>&nbsp;&nbsp;&nbsp;SwitchToDisplay
<LI><a href="#[ac]">&gt;&gt;</a>&nbsp;&nbsp;&nbsp;xchg_spi
</UL>
<BR>[Called By]<UL><LI><a href="#[90]">&gt;&gt;</a>&nbsp;&nbsp;&nbsp;main
</UL>

<P><STRONG><a name="[d1]"></a>Display_UnrenderSprite(short, short, short, short, const unsigned short*)</STRONG> (Thumb, 328 bytes, Stack size 48 bytes, display.o(.text), UNUSED)
<BR><BR>[Calls]<UL><LI><a href="#[c5]">&gt;&gt;</a>&nbsp;&nbsp;&nbsp;convY(unsigned char)
<LI><a href="#[c3]">&gt;&gt;</a>&nbsp;&nbsp;&nbsp;setAddrWindow(unsigned char, unsigned char, unsigned char, unsigned char)
<LI><a href="#[ac]">&gt;&gt;</a>&nbsp;&nbsp;&nbsp;xchg_spi
</UL>

<P><STRONG><a name="[9c]"></a>Display_RenderCursor(short, short, short, short, unsigned short)</STRONG> (Thumb, 258 bytes, Stack size 40 bytes, display.o(.text))
<BR><BR>[Stack]<UL><LI>Max Depth = 128<LI>Call Chain = Display_RenderCursor(short, short, short, short, unsigned short) &rArr; Display_DrawPixel(short, short, unsigned short) &rArr; setAddrWindow(unsigned char, unsigned char, unsigned char, unsigned char) &rArr; xchg_spi
</UL>
<BR>[Calls]<UL><LI><a href="#[cc]">&gt;&gt;</a>&nbsp;&nbsp;&nbsp;Display_DrawPixel(short, short, unsigned short)
<LI><a href="#[be]">&gt;&gt;</a>&nbsp;&nbsp;&nbsp;SwitchToDisplay
</UL>
<BR>[Called By]<UL><LI><a href="#[90]">&gt;&gt;</a>&nbsp;&nbsp;&nbsp;main
</UL>

<P><STRONG><a name="[9d]"></a>Display_UnrenderCursor(short, short, short, short, const unsigned short*)</STRONG> (Thumb, 308 bytes, Stack size 40 bytes, display.o(.text))
<BR><BR>[Stack]<UL><LI>Max Depth = 128<LI>Call Chain = Display_UnrenderCursor(short, short, short, short, const unsigned short*) &rArr; Display_DrawPixel(short, short, unsigned short) &rArr; setAddrWindow(unsigned char, unsigned char, unsigned char, unsigned char) &rArr; xchg_spi
</UL>
<BR>[Calls]<UL><LI><a href="#[cc]">&gt;&gt;</a>&nbsp;&nbsp;&nbsp;Display_DrawPixel(short, short, unsigned short)
<LI><a href="#[c5]">&gt;&gt;</a>&nbsp;&nbsp;&nbsp;convY(unsigned char)
<LI><a href="#[be]">&gt;&gt;</a>&nbsp;&nbsp;&nbsp;SwitchToDisplay
</UL>
<BR>[Called By]<UL><LI><a href="#[90]">&gt;&gt;</a>&nbsp;&nbsp;&nbsp;main
</UL>

<P><STRONG><a name="[d2]"></a>Display_DrawCharS(short, short, char, short, short, unsigned char)</STRONG> (Thumb, 236 bytes, Stack size 48 bytes, display.o(.text), UNUSED)
<BR><BR>[Calls]<UL><LI><a href="#[cc]">&gt;&gt;</a>&nbsp;&nbsp;&nbsp;Display_DrawPixel(short, short, unsigned short)
<LI><a href="#[c6]">&gt;&gt;</a>&nbsp;&nbsp;&nbsp;Display_FillRect(short, short, short, short, unsigned short)
</UL>
<BR>[Called By]<UL><LI><a href="#[e1]">&gt;&gt;</a>&nbsp;&nbsp;&nbsp;Display_OutChar(char)
<LI><a href="#[d6]">&gt;&gt;</a>&nbsp;&nbsp;&nbsp;Display_OutUDec(unsigned)
<LI><a href="#[d4]">&gt;&gt;</a>&nbsp;&nbsp;&nbsp;Display_DrawString(unsigned short, unsigned short, char*, short)
</UL>

<P><STRONG><a name="[d3]"></a>Display_DrawChar(short, short, char, short, short, unsigned char)</STRONG> (Thumb, 276 bytes, Stack size 56 bytes, display.o(.text), UNUSED)
<BR><BR>[Calls]<UL><LI><a href="#[cb]">&gt;&gt;</a>&nbsp;&nbsp;&nbsp;pushColor(unsigned short)
<LI><a href="#[c3]">&gt;&gt;</a>&nbsp;&nbsp;&nbsp;setAddrWindow(unsigned char, unsigned char, unsigned char, unsigned char)
</UL>

<P><STRONG><a name="[d4]"></a>Display_DrawString(unsigned short, unsigned short, char*, short)</STRONG> (Thumb, 84 bytes, Stack size 32 bytes, display.o(.text), UNUSED)
<BR><BR>[Calls]<UL><LI><a href="#[d2]">&gt;&gt;</a>&nbsp;&nbsp;&nbsp;Display_DrawCharS(short, short, char, short, short, unsigned char)
</UL>
<BR>[Called By]<UL><LI><a href="#[e1]">&gt;&gt;</a>&nbsp;&nbsp;&nbsp;Display_OutChar(char)
<LI><a href="#[d6]">&gt;&gt;</a>&nbsp;&nbsp;&nbsp;Display_OutUDec(unsigned)
<LI><a href="#[e3]">&gt;&gt;</a>&nbsp;&nbsp;&nbsp;ferrorLCD(char*)
</UL>

<P><STRONG><a name="[d5]"></a>fillmessage(unsigned)</STRONG> (Thumb, 64 bytes, Stack size 12 bytes, display.o(.text), UNUSED)
<BR><BR>[Calls]<UL><LI><a href="#[d5]">&gt;&gt;</a>&nbsp;&nbsp;&nbsp;fillmessage(unsigned)
</UL>
<BR>[Called By]<UL><LI><a href="#[d6]">&gt;&gt;</a>&nbsp;&nbsp;&nbsp;Display_OutUDec(unsigned)
<LI><a href="#[d5]">&gt;&gt;</a>&nbsp;&nbsp;&nbsp;fillmessage(unsigned)
</UL>

<P><STRONG><a name="[d6]"></a>Display_OutUDec(unsigned)</STRONG> (Thumb, 118 bytes, Stack size 16 bytes, display.o(.text), UNUSED)
<BR><BR>[Calls]<UL><LI><a href="#[d5]">&gt;&gt;</a>&nbsp;&nbsp;&nbsp;fillmessage(unsigned)
<LI><a href="#[d4]">&gt;&gt;</a>&nbsp;&nbsp;&nbsp;Display_DrawString(unsigned short, unsigned short, char*, short)
<LI><a href="#[d2]">&gt;&gt;</a>&nbsp;&nbsp;&nbsp;Display_DrawCharS(short, short, char, short, short, unsigned char)
</UL>

<P><STRONG><a name="[d7]"></a>Display_SetRotation(unsigned char)</STRONG> (Thumb, 218 bytes, Stack size 8 bytes, display.o(.text), UNUSED)
<BR><BR>[Calls]<UL><LI><a href="#[be]">&gt;&gt;</a>&nbsp;&nbsp;&nbsp;SwitchToDisplay
<LI><a href="#[ac]">&gt;&gt;</a>&nbsp;&nbsp;&nbsp;xchg_spi
</UL>

<P><STRONG><a name="[d8]"></a>Display_InvertDisplay(int)</STRONG> (Thumb, 30 bytes, Stack size 8 bytes, display.o(.text), UNUSED)
<BR><BR>[Calls]<UL><LI><a href="#[be]">&gt;&gt;</a>&nbsp;&nbsp;&nbsp;SwitchToDisplay
<LI><a href="#[ac]">&gt;&gt;</a>&nbsp;&nbsp;&nbsp;xchg_spi
</UL>

<P><STRONG><a name="[d9]"></a>Display_PlotClear(int, int)</STRONG> (Thumb, 74 bytes, Stack size 24 bytes, display.o(.text), UNUSED)
<BR><BR>[Calls]<UL><LI><a href="#[da]">&gt;&gt;</a>&nbsp;&nbsp;&nbsp;Display_Color565(unsigned char, unsigned char, unsigned char)
<LI><a href="#[c6]">&gt;&gt;</a>&nbsp;&nbsp;&nbsp;Display_FillRect(short, short, short, short, unsigned short)
</UL>

<P><STRONG><a name="[db]"></a>Display_PlotPoint(int)</STRONG> (Thumb, 136 bytes, Stack size 16 bytes, display.o(.text), UNUSED)
<BR><BR>[Calls]<UL><LI><a href="#[cc]">&gt;&gt;</a>&nbsp;&nbsp;&nbsp;Display_DrawPixel(short, short, unsigned short)
</UL>

<P><STRONG><a name="[dc]"></a>Display_PlotLine(int)</STRONG> (Thumb, 302 bytes, Stack size 16 bytes, display.o(.text), UNUSED)
<BR><BR>[Calls]<UL><LI><a href="#[cc]">&gt;&gt;</a>&nbsp;&nbsp;&nbsp;Display_DrawPixel(short, short, unsigned short)
</UL>

<P><STRONG><a name="[dd]"></a>Display_PlotPoints(int, int)</STRONG> (Thumb, 154 bytes, Stack size 16 bytes, display.o(.text), UNUSED)
<BR><BR>[Calls]<UL><LI><a href="#[cc]">&gt;&gt;</a>&nbsp;&nbsp;&nbsp;Display_DrawPixel(short, short, unsigned short)
</UL>

<P><STRONG><a name="[de]"></a>Display_PlotBar(int)</STRONG> (Thumb, 72 bytes, Stack size 16 bytes, display.o(.text), UNUSED)
<BR><BR>[Calls]<UL><LI><a href="#[cd]">&gt;&gt;</a>&nbsp;&nbsp;&nbsp;Display_DrawFastVLine(short, short, short, unsigned short)
</UL>

<P><STRONG><a name="[df]"></a>Display_PlotdBfs(int)</STRONG> (Thumb, 52 bytes, Stack size 16 bytes, display.o(.text), UNUSED)
<BR><BR>[Calls]<UL><LI><a href="#[cd]">&gt;&gt;</a>&nbsp;&nbsp;&nbsp;Display_DrawFastVLine(short, short, short, unsigned short)
</UL>

<P><STRONG><a name="[126]"></a>Display_PlotNext()</STRONG> (Thumb, 28 bytes, Stack size 0 bytes, display.o(.text), UNUSED)

<P><STRONG><a name="[e0]"></a>Display_PlotNextErase()</STRONG> (Thumb, 58 bytes, Stack size 8 bytes, display.o(.text), UNUSED)
<BR><BR>[Calls]<UL><LI><a href="#[da]">&gt;&gt;</a>&nbsp;&nbsp;&nbsp;Display_Color565(unsigned char, unsigned char, unsigned char)
<LI><a href="#[cd]">&gt;&gt;</a>&nbsp;&nbsp;&nbsp;Display_DrawFastVLine(short, short, short, unsigned short)
</UL>

<P><STRONG><a name="[e1]"></a>Display_OutChar(char)</STRONG> (Thumb, 176 bytes, Stack size 16 bytes, display.o(.text), UNUSED)
<BR><BR>[Calls]<UL><LI><a href="#[d4]">&gt;&gt;</a>&nbsp;&nbsp;&nbsp;Display_DrawString(unsigned short, unsigned short, char*, short)
<LI><a href="#[d2]">&gt;&gt;</a>&nbsp;&nbsp;&nbsp;Display_DrawCharS(short, short, char, short, short, unsigned char)
</UL>
<BR>[Called By]<UL><LI><a href="#[e2]">&gt;&gt;</a>&nbsp;&nbsp;&nbsp;Display_OutString(char*)
</UL>

<P><STRONG><a name="[e2]"></a>Display_OutString(char*)</STRONG> (Thumb, 22 bytes, Stack size 8 bytes, display.o(.text), UNUSED)
<BR><BR>[Calls]<UL><LI><a href="#[e1]">&gt;&gt;</a>&nbsp;&nbsp;&nbsp;Display_OutChar(char)
</UL>

<P><STRONG><a name="[e8]"></a>Display_SetTextColor(unsigned short)</STRONG> (Thumb, 6 bytes, Stack size 0 bytes, display.o(.text), UNUSED)
<BR><BR>[Called By]<UL><LI><a href="#[e7]">&gt;&gt;</a>&nbsp;&nbsp;&nbsp;Output_Color(unsigned)
</UL>

<P><STRONG><a name="[e3]"></a>ferrorLCD(char*)</STRONG> (Thumb, 54 bytes, Stack size 0 bytes, display.o(.text), UNUSED)
<BR><BR>[Calls]<UL><LI><a href="#[d4]">&gt;&gt;</a>&nbsp;&nbsp;&nbsp;Display_DrawString(unsigned short, unsigned short, char*, short)
<LI><a href="#[da]">&gt;&gt;</a>&nbsp;&nbsp;&nbsp;Display_Color565(unsigned char, unsigned char, unsigned char)
</UL>

<P><STRONG><a name="[98]"></a>Output_Init()</STRONG> (Thumb, 16 bytes, Stack size 8 bytes, display.o(.text))
<BR><BR>[Stack]<UL><LI>Max Depth = 128<LI>Call Chain = Output_Init() &rArr; Display_InitR(initRFlags) &rArr; Display_FillScreen(unsigned short) &rArr; Display_FillRect(short, short, short, short, unsigned short) &rArr; setAddrWindow(unsigned char, unsigned char, unsigned char, unsigned char) &rArr; xchg_spi
</UL>
<BR>[Calls]<UL><LI><a href="#[ca]">&gt;&gt;</a>&nbsp;&nbsp;&nbsp;Display_InitR(initRFlags)
<LI><a href="#[c7]">&gt;&gt;</a>&nbsp;&nbsp;&nbsp;Display_FillScreen(unsigned short)
</UL>
<BR>[Called By]<UL><LI><a href="#[e6]">&gt;&gt;</a>&nbsp;&nbsp;&nbsp;Output_On()
<LI><a href="#[90]">&gt;&gt;</a>&nbsp;&nbsp;&nbsp;main
</UL>

<P><STRONG><a name="[e4]"></a>Output_Clear()</STRONG> (Thumb, 10 bytes, Stack size 8 bytes, display.o(.text), UNUSED)
<BR><BR>[Calls]<UL><LI><a href="#[c7]">&gt;&gt;</a>&nbsp;&nbsp;&nbsp;Display_FillScreen(unsigned short)
</UL>
<BR>[Called By]<UL><LI><a href="#[e5]">&gt;&gt;</a>&nbsp;&nbsp;&nbsp;Output_Off()
</UL>

<P><STRONG><a name="[e5]"></a>Output_Off()</STRONG> (Thumb, 8 bytes, Stack size 8 bytes, display.o(.text), UNUSED)
<BR><BR>[Calls]<UL><LI><a href="#[e4]">&gt;&gt;</a>&nbsp;&nbsp;&nbsp;Output_Clear()
</UL>

<P><STRONG><a name="[e6]"></a>Output_On()</STRONG> (Thumb, 8 bytes, Stack size 8 bytes, display.o(.text), UNUSED)
<BR><BR>[Calls]<UL><LI><a href="#[98]">&gt;&gt;</a>&nbsp;&nbsp;&nbsp;Output_Init()
</UL>

<P><STRONG><a name="[e7]"></a>Output_Color(unsigned)</STRONG> (Thumb, 12 bytes, Stack size 4 bytes, display.o(.text), UNUSED)
<BR><BR>[Calls]<UL><LI><a href="#[e8]">&gt;&gt;</a>&nbsp;&nbsp;&nbsp;Display_SetTextColor(unsigned short)
</UL>

<P><STRONG><a name="[127]"></a>__I$use$semihosting</STRONG> (Thumb, 0 bytes, Stack size 0 bytes, use_no_semi.o(.text), UNUSED)

<P><STRONG><a name="[128]"></a>__use_no_semihosting_swi</STRONG> (Thumb, 2 bytes, Stack size 0 bytes, use_no_semi.o(.text), UNUSED)

<P><STRONG><a name="[129]"></a>__use_no_semihosting</STRONG> (Thumb, 2 bytes, Stack size 0 bytes, use_no_semi_2.o(.text), UNUSED)

<P><STRONG><a name="[12a]"></a>__use_two_region_memory</STRONG> (Thumb, 2 bytes, Stack size 0 bytes, heapauxi.o(.text), UNUSED)

<P><STRONG><a name="[4]"></a>__rt_heap_escrow</STRONG> (Thumb, 2 bytes, Stack size 0 bytes, heapauxi.o(.text), UNUSED)

<P><STRONG><a name="[3]"></a>__rt_heap_expand</STRONG> (Thumb, 2 bytes, Stack size 0 bytes, heapauxi.o(.text), UNUSED)

<P><STRONG><a name="[86]"></a>__cpp_initialize__aeabi_</STRONG> (Thumb, 26 bytes, Stack size 16 bytes, init_aeabi.o(.text))
<BR><BR>[Stack]<UL><LI>Max Depth = 16<LI>Call Chain = __cpp_initialize__aeabi_
</UL>
<BR>[Called By]<UL><LI><a href="#[8a]">&gt;&gt;</a>&nbsp;&nbsp;&nbsp;__rt_lib_init_cpp_2
</UL>

<P><STRONG><a name="[12b]"></a>__user_libspace</STRONG> (Thumb, 8 bytes, Stack size 0 bytes, libspace.o(.text), UNUSED)

<P><STRONG><a name="[e9]"></a>__user_perproc_libspace</STRONG> (Thumb, 0 bytes, Stack size 0 bytes, libspace.o(.text))
<BR><BR>[Called By]<UL><LI><a href="#[8c]">&gt;&gt;</a>&nbsp;&nbsp;&nbsp;__user_setup_stackheap
</UL>

<P><STRONG><a name="[12c]"></a>__user_perthread_libspace</STRONG> (Thumb, 0 bytes, Stack size 0 bytes, libspace.o(.text), UNUSED)

<P><STRONG><a name="[8c]"></a>__user_setup_stackheap</STRONG> (Thumb, 74 bytes, Stack size 8 bytes, sys_stackheap_outer.o(.text))
<BR><BR>[Stack]<UL><LI>Max Depth = 8 + Unknown Stack Size
<LI>Call Chain = __user_setup_stackheap
</UL>
<BR>[Calls]<UL><LI><a href="#[ea]">&gt;&gt;</a>&nbsp;&nbsp;&nbsp;__user_initial_stackheap
<LI><a href="#[e9]">&gt;&gt;</a>&nbsp;&nbsp;&nbsp;__user_perproc_libspace
</UL>
<BR>[Called By]<UL><LI><a href="#[8b]">&gt;&gt;</a>&nbsp;&nbsp;&nbsp;__rt_entry_sh
</UL>

<P><STRONG><a name="[91]"></a>exit</STRONG> (Thumb, 18 bytes, Stack size 8 bytes, exit.o(.text))
<BR><BR>[Stack]<UL><LI>Max Depth = 8 + Unknown Stack Size
<LI>Call Chain = exit
</UL>
<BR>[Calls]<UL><LI><a href="#[eb]">&gt;&gt;</a>&nbsp;&nbsp;&nbsp;__rt_exit
</UL>
<BR>[Called By]<UL><LI><a href="#[8f]">&gt;&gt;</a>&nbsp;&nbsp;&nbsp;__rt_entry_main
</UL>
<P>
<H3>
Local Symbols
</H3>
<P><STRONG><a name="[84]"></a>__sti___8_UART_cpp_RxFifo</STRONG> (Thumb, 10 bytes, Stack size 8 bytes, uart.o(.text))
<BR><BR>[Stack]<UL><LI>Max Depth = 8<LI>Call Chain = __sti___8_UART_cpp_RxFifo
</UL>
<BR>[Calls]<UL><LI><a href="#[a1]">&gt;&gt;</a>&nbsp;&nbsp;&nbsp;Queue::Queue()
</UL>
<BR>[Address Reference Count : 1]<UL><LI> uart.o(.init_array)
</UL>
<P><STRONG><a name="[a2]"></a>init_spi</STRONG> (Thumb, 26 bytes, Stack size 8 bytes, diskio.o(.text), UNUSED)
<BR><BR>[Calls]<UL><LI><a href="#[a5]">&gt;&gt;</a>&nbsp;&nbsp;&nbsp;TurnSD
<LI><a href="#[a4]">&gt;&gt;</a>&nbsp;&nbsp;&nbsp;SSI0_Init
<LI><a href="#[a6]">&gt;&gt;</a>&nbsp;&nbsp;&nbsp;Delay1ms
<LI><a href="#[a3]">&gt;&gt;</a>&nbsp;&nbsp;&nbsp;Timer1_Init
</UL>
<BR>[Called By]<UL><LI><a href="#[b6]">&gt;&gt;</a>&nbsp;&nbsp;&nbsp;disk_initialize
</UL>

<P><STRONG><a name="[a8]"></a>rcvr_spi</STRONG> (Thumb, 42 bytes, Stack size 0 bytes, diskio.o(.text), UNUSED)
<BR><BR>[Called By]<UL><LI><a href="#[a7]">&gt;&gt;</a>&nbsp;&nbsp;&nbsp;rcvr_spi_multi
</UL>

<P><STRONG><a name="[a7]"></a>rcvr_spi_multi</STRONG> (Thumb, 24 bytes, Stack size 16 bytes, diskio.o(.text), UNUSED)
<BR><BR>[Calls]<UL><LI><a href="#[a8]">&gt;&gt;</a>&nbsp;&nbsp;&nbsp;rcvr_spi
</UL>
<BR>[Called By]<UL><LI><a href="#[b2]">&gt;&gt;</a>&nbsp;&nbsp;&nbsp;rcvr_datablock
</UL>

<P><STRONG><a name="[b4]"></a>xmit_spi_multi</STRONG> (Thumb, 42 bytes, Stack size 8 bytes, diskio.o(.text), UNUSED)
<BR><BR>[Called By]<UL><LI><a href="#[b3]">&gt;&gt;</a>&nbsp;&nbsp;&nbsp;xmit_datablock
</UL>

<P><STRONG><a name="[a9]"></a>wait_ready</STRONG> (Thumb, 60 bytes, Stack size 16 bytes, diskio.o(.text), UNUSED)
<BR><BR>[Calls]<UL><LI><a href="#[ac]">&gt;&gt;</a>&nbsp;&nbsp;&nbsp;xchg_spi
<LI><a href="#[ab]">&gt;&gt;</a>&nbsp;&nbsp;&nbsp;SwitchToSD
<LI><a href="#[aa]">&gt;&gt;</a>&nbsp;&nbsp;&nbsp;Timer1_Arm
</UL>
<BR>[Called By]<UL><LI><a href="#[b9]">&gt;&gt;</a>&nbsp;&nbsp;&nbsp;disk_ioctl
<LI><a href="#[b3]">&gt;&gt;</a>&nbsp;&nbsp;&nbsp;xmit_datablock
<LI><a href="#[b1]">&gt;&gt;</a>&nbsp;&nbsp;&nbsp;select
</UL>

<P><STRONG><a name="[b0]"></a>deselect</STRONG> (Thumb, 18 bytes, Stack size 8 bytes, diskio.o(.text), UNUSED)
<BR><BR>[Calls]<UL><LI><a href="#[ac]">&gt;&gt;</a>&nbsp;&nbsp;&nbsp;xchg_spi
<LI><a href="#[a5]">&gt;&gt;</a>&nbsp;&nbsp;&nbsp;TurnSD
</UL>
<BR>[Called By]<UL><LI><a href="#[b9]">&gt;&gt;</a>&nbsp;&nbsp;&nbsp;disk_ioctl
<LI><a href="#[b8]">&gt;&gt;</a>&nbsp;&nbsp;&nbsp;disk_write
<LI><a href="#[b7]">&gt;&gt;</a>&nbsp;&nbsp;&nbsp;disk_read
<LI><a href="#[b6]">&gt;&gt;</a>&nbsp;&nbsp;&nbsp;disk_initialize
<LI><a href="#[b5]">&gt;&gt;</a>&nbsp;&nbsp;&nbsp;send_cmd
<LI><a href="#[b1]">&gt;&gt;</a>&nbsp;&nbsp;&nbsp;select
</UL>

<P><STRONG><a name="[b1]"></a>select</STRONG> (Thumb, 36 bytes, Stack size 8 bytes, diskio.o(.text), UNUSED)
<BR><BR>[Calls]<UL><LI><a href="#[ac]">&gt;&gt;</a>&nbsp;&nbsp;&nbsp;xchg_spi
<LI><a href="#[ab]">&gt;&gt;</a>&nbsp;&nbsp;&nbsp;SwitchToSD
<LI><a href="#[b0]">&gt;&gt;</a>&nbsp;&nbsp;&nbsp;deselect
<LI><a href="#[a9]">&gt;&gt;</a>&nbsp;&nbsp;&nbsp;wait_ready
</UL>
<BR>[Called By]<UL><LI><a href="#[b9]">&gt;&gt;</a>&nbsp;&nbsp;&nbsp;disk_ioctl
<LI><a href="#[b5]">&gt;&gt;</a>&nbsp;&nbsp;&nbsp;send_cmd
</UL>

<P><STRONG><a name="[b2]"></a>rcvr_datablock</STRONG> (Thumb, 88 bytes, Stack size 16 bytes, diskio.o(.text), UNUSED)
<BR><BR>[Calls]<UL><LI><a href="#[ac]">&gt;&gt;</a>&nbsp;&nbsp;&nbsp;xchg_spi
<LI><a href="#[ab]">&gt;&gt;</a>&nbsp;&nbsp;&nbsp;SwitchToSD
<LI><a href="#[aa]">&gt;&gt;</a>&nbsp;&nbsp;&nbsp;Timer1_Arm
<LI><a href="#[a7]">&gt;&gt;</a>&nbsp;&nbsp;&nbsp;rcvr_spi_multi
</UL>
<BR>[Called By]<UL><LI><a href="#[b9]">&gt;&gt;</a>&nbsp;&nbsp;&nbsp;disk_ioctl
<LI><a href="#[b7]">&gt;&gt;</a>&nbsp;&nbsp;&nbsp;disk_read
</UL>

<P><STRONG><a name="[b3]"></a>xmit_datablock</STRONG> (Thumb, 88 bytes, Stack size 16 bytes, diskio.o(.text), UNUSED)
<BR><BR>[Calls]<UL><LI><a href="#[ac]">&gt;&gt;</a>&nbsp;&nbsp;&nbsp;xchg_spi
<LI><a href="#[ab]">&gt;&gt;</a>&nbsp;&nbsp;&nbsp;SwitchToSD
<LI><a href="#[a9]">&gt;&gt;</a>&nbsp;&nbsp;&nbsp;wait_ready
<LI><a href="#[b4]">&gt;&gt;</a>&nbsp;&nbsp;&nbsp;xmit_spi_multi
</UL>
<BR>[Called By]<UL><LI><a href="#[b8]">&gt;&gt;</a>&nbsp;&nbsp;&nbsp;disk_write
</UL>

<P><STRONG><a name="[b5]"></a>send_cmd</STRONG> (Thumb, 176 bytes, Stack size 24 bytes, diskio.o(.text), UNUSED)
<BR><BR>[Calls]<UL><LI><a href="#[ac]">&gt;&gt;</a>&nbsp;&nbsp;&nbsp;xchg_spi
<LI><a href="#[b5]">&gt;&gt;</a>&nbsp;&nbsp;&nbsp;send_cmd
<LI><a href="#[b1]">&gt;&gt;</a>&nbsp;&nbsp;&nbsp;select
<LI><a href="#[b0]">&gt;&gt;</a>&nbsp;&nbsp;&nbsp;deselect
</UL>
<BR>[Called By]<UL><LI><a href="#[b9]">&gt;&gt;</a>&nbsp;&nbsp;&nbsp;disk_ioctl
<LI><a href="#[b8]">&gt;&gt;</a>&nbsp;&nbsp;&nbsp;disk_write
<LI><a href="#[b7]">&gt;&gt;</a>&nbsp;&nbsp;&nbsp;disk_read
<LI><a href="#[b6]">&gt;&gt;</a>&nbsp;&nbsp;&nbsp;disk_initialize
<LI><a href="#[b5]">&gt;&gt;</a>&nbsp;&nbsp;&nbsp;send_cmd
</UL>

<P><STRONG><a name="[c2]"></a>commonInit(const cmdList*)</STRONG> (Thumb, 34 bytes, Stack size 8 bytes, display.o(.text))
<BR><BR>[Stack]<UL><LI>Max Depth = 40<LI>Call Chain = commonInit(const cmdList*) &rArr; commandList &rArr; xchg_spi
</UL>
<BR>[Calls]<UL><LI><a href="#[be]">&gt;&gt;</a>&nbsp;&nbsp;&nbsp;SwitchToDisplay
<LI><a href="#[bd]">&gt;&gt;</a>&nbsp;&nbsp;&nbsp;commandList
<LI><a href="#[a4]">&gt;&gt;</a>&nbsp;&nbsp;&nbsp;SSI0_Init
</UL>
<BR>[Called By]<UL><LI><a href="#[ca]">&gt;&gt;</a>&nbsp;&nbsp;&nbsp;Display_InitR(initRFlags)
<LI><a href="#[c8]">&gt;&gt;</a>&nbsp;&nbsp;&nbsp;Display_InitB()
</UL>

<P><STRONG><a name="[c3]"></a>setAddrWindow(unsigned char, unsigned char, unsigned char, unsigned char)</STRONG> (Thumb, 196 bytes, Stack size 56 bytes, display.o(.text))
<BR><BR>[Stack]<UL><LI>Max Depth = 64<LI>Call Chain = setAddrWindow(unsigned char, unsigned char, unsigned char, unsigned char) &rArr; xchg_spi
</UL>
<BR>[Calls]<UL><LI><a href="#[c4]">&gt;&gt;</a>&nbsp;&nbsp;&nbsp;convX(unsigned char)
<LI><a href="#[c5]">&gt;&gt;</a>&nbsp;&nbsp;&nbsp;convY(unsigned char)
<LI><a href="#[be]">&gt;&gt;</a>&nbsp;&nbsp;&nbsp;SwitchToDisplay
<LI><a href="#[ac]">&gt;&gt;</a>&nbsp;&nbsp;&nbsp;xchg_spi
</UL>
<BR>[Called By]<UL><LI><a href="#[d3]">&gt;&gt;</a>&nbsp;&nbsp;&nbsp;Display_DrawChar(short, short, char, short, short, unsigned char)
<LI><a href="#[d1]">&gt;&gt;</a>&nbsp;&nbsp;&nbsp;Display_UnrenderSprite(short, short, short, short, const unsigned short*)
<LI><a href="#[d0]">&gt;&gt;</a>&nbsp;&nbsp;&nbsp;Display_DrawCircle(short, short, unsigned short)
<LI><a href="#[cf]">&gt;&gt;</a>&nbsp;&nbsp;&nbsp;Display_DrawSmallCircle(short, short, unsigned short)
<LI><a href="#[ce]">&gt;&gt;</a>&nbsp;&nbsp;&nbsp;Display_DrawFastHLine(short, short, short, unsigned short)
<LI><a href="#[cd]">&gt;&gt;</a>&nbsp;&nbsp;&nbsp;Display_DrawFastVLine(short, short, short, unsigned short)
<LI><a href="#[cc]">&gt;&gt;</a>&nbsp;&nbsp;&nbsp;Display_DrawPixel(short, short, unsigned short)
<LI><a href="#[c6]">&gt;&gt;</a>&nbsp;&nbsp;&nbsp;Display_FillRect(short, short, short, short, unsigned short)
<LI><a href="#[9b]">&gt;&gt;</a>&nbsp;&nbsp;&nbsp;Display_RenderSprite(short, short, const unsigned short*, short, short, unsigned short, const unsigned short*)
<LI><a href="#[9a]">&gt;&gt;</a>&nbsp;&nbsp;&nbsp;Display_DrawBitmap(short, short, const unsigned short*, short, short)
</UL>

<P><STRONG><a name="[cb]"></a>pushColor(unsigned short)</STRONG> (Thumb, 26 bytes, Stack size 8 bytes, display.o(.text))
<BR><BR>[Stack]<UL><LI>Max Depth = 16<LI>Call Chain = pushColor(unsigned short) &rArr; xchg_spi
</UL>
<BR>[Calls]<UL><LI><a href="#[be]">&gt;&gt;</a>&nbsp;&nbsp;&nbsp;SwitchToDisplay
<LI><a href="#[ac]">&gt;&gt;</a>&nbsp;&nbsp;&nbsp;xchg_spi
</UL>
<BR>[Called By]<UL><LI><a href="#[d3]">&gt;&gt;</a>&nbsp;&nbsp;&nbsp;Display_DrawChar(short, short, char, short, short, unsigned char)
<LI><a href="#[cc]">&gt;&gt;</a>&nbsp;&nbsp;&nbsp;Display_DrawPixel(short, short, unsigned short)
</UL>
<P>
<H3>
Undefined Global Symbols
</H3><HR></body></html>
