Component: ARM Compiler 5.06 update 7 (build 960) Tool: armlink [4d3601]

==============================================================================

Section Cross References

    startup_tm4c123.o(STACK) refers (Special) to heapauxi.o(.text) for __use_two_region_memory
    startup_tm4c123.o(HEAP) refers (Special) to heapauxi.o(.text) for __use_two_region_memory
    startup_tm4c123.o(RESET) refers (Special) to heapauxi.o(.text) for __use_two_region_memory
    startup_tm4c123.o(RESET) refers to startup_tm4c123.o(STACK) for StackMem
    startup_tm4c123.o(RESET) refers to uart.o(.text) for UART1_Handler
    startup_tm4c123.o(RESET) refers to timer0.o(.text) for Timer0A_Handler
    startup_tm4c123.o(RESET) refers to diskio.o(.text) for Timer1A_Handler
    startup_tm4c123.o(RESET) refers to __main.o(!!!main) for __main
    startup_tm4c123.o(.text) refers (Special) to heapauxi.o(.text) for __use_two_region_memory
    startup_tm4c123.o(.text) refers to startup_tm4c123.o(HEAP) for HeapMem
    startup_tm4c123.o(.text) refers to startup_tm4c123.o(STACK) for StackMem
    main.o(.text) refers to startup_tm4c123.o(.text) for DisableInterrupts
    main.o(.text) refers to pll.o(.text) for PLL_Init(unsigned)
    main.o(.text) refers to display.o(.text) for Output_Init()
    main.o(.text) refers to inputs.o(.text) for Inputs_Init()
    main.o(.text) refers to dac.o(.text) for DAC_Init()
    main.o(.text) refers to new.o(i._Znwj) for operator new(unsigned)
    main.o(.text) refers to main.o(.constdata) for background
    main.o(.text) refers to main.o(.data) for biteSound
    main.o(.ARM.exidx) refers to main.o(.text) for .text
    dac.o(.text) refers to timer0.o(.text) for Timer0_Init(void(*)(), unsigned)
    dac.o(.text) refers to dac.o(.bss) for sounds
    dac.o(.ARM.exidx) refers to dac.o(.text) for .text
    pll.o(.ARM.exidx) refers to pll.o(.text) for .text
    random.o(.text) refers to random.o(.data) for M
    random.o(.ARM.exidx) refers to random.o(.text) for .text
    slidepot.o(.ARM.exidx) refers to slidepot.o(.text) for .text
    timer0.o(.text) refers to timer0.o(.data) for PeriodicTask0
    timer0.o(.ARM.exidx) refers to timer0.o(.text) for .text
    uart.o(.text) refers to fifo.o(.text) for Queue::Queue()
    uart.o(.text) refers to uart.o(.bss) for RxFifo
    uart.o(.ARM.exidx) refers to uart.o(.text) for .text
    uart.o(.init_array) refers to uart.o(.text) for __sti___8_UART_cpp_RxFifo
    uart.o(.init_array) refers to init_aeabi.o(.text) for __cpp_initialize__aeabi_
    fifo.o(.ARM.exidx) refers to fifo.o(.text) for .text
    diskio.o(.text) refers to st7735sd.o(.text) for SSI0_Init
    diskio.o(.text) refers to diskio.o(.data) for Timer2
    ff.o(.text) refers to diskio.o(.text) for disk_write
    ff.o(.text) refers to ff.o(.data) for FatFs
    ff.o(.text) refers to ff.o(.constdata) for vst
    retarget.o(.text) refers (Special) to use_no_semi_2.o(.text) for __use_no_semihosting
    retarget.o(.text) refers (Special) to use_no_semi.o(.text) for __use_no_semihosting_swi
    retarget.o(.data) refers (Special) to use_no_semi_2.o(.text) for __use_no_semihosting
    retarget.o(.data) refers (Special) to use_no_semi.o(.text) for __use_no_semihosting_swi
    texas.o(.text) refers to pll.o(.text) for PLL_Init(unsigned)
    texas.o(.ARM.exidx) refers to texas.o(.text) for .text
    st7735sd.o(.text) refers to startup_tm4c123.o(.text) for DisableInterrupts
    st7735sd.o(.ARM.exidx) refers to st7735sd.o(.text) for .text
    display.o(.text) refers to st7735sd.o(.text) for SSI0_Init
    display.o(.text) refers to display.o(.data) for RowStart
    display.o(.text) refers to display.o(.constdata) for Rcmd2green
    display.o(.text) refers to display.o(.bss) for Message
    display.o(.ARM.exidx) refers to display.o(.text) for .text
    udma.o(.text) refers to udma.o(.bss) for udma_control_structure
    udma.o(.ARM.exidx) refers to udma.o(.text) for .text
    testfs.o(.text) refers to pll.o(.text) for PLL_Init(unsigned)
    testfs.o(.text) refers to display.o(.text) for Output_Init()
    testfs.o(.text) refers to startup_tm4c123.o(.text) for EnableInterrupts
    testfs.o(.text) refers to ff.o(.text) for f_mount
    testfs.o(.text) refers to testfs.o(.bss) for g_sFatFs
    testfs.o(.text) refers to testfs.o(.data) for MountFresult
    testfs.o(.text) refers to testfs.o(.constdata) for inFilename
    testfs.o(.ARM.exidx) refers to testfs.o(.text) for .text
    inputs.o(.ARM.exidx) refers to inputs.o(.text) for .text
    use_no_semi_2.o(.text) refers (Special) to use_no_semi.o(.text) for __use_no_semihosting_swi
    __main.o(!!!main) refers to __rtentry.o(.ARM.Collect$$rtentry$$00000000) for __rt_entry
    init_aeabi.o(.emb_text) refers (Special) to libinit2.o(.ARM.Collect$$libinit$$00000031) for __rt_lib_init_cpp_2
    init_aeabi.o(.init_array) refers (Special) to libinit2.o(.ARM.Collect$$libinit$$00000031) for __rt_lib_init_cpp_2
[...]
    lib_rtti_impl.o(.constdata__ZTVN10__cxxabiv129__pointer_to_member_type_infoE) refers to lib_rtti_impl.o(.constdata__ZTIN10__cxxabiv129__pointer_to_member_type_infoE) for typeinfo for __cxxabiv1::__pointer_to_member_type_info
    lib_rtti_impl.o(.constdata__ZTVN10__cxxabiv129__pointer_to_member_type_infoE) refers to lib_rtti_impl.o(i._ZN10__cxxabiv129__pointer_to_member_type_infoD1Ev) for __cxxabiv1::__pointer_to_member_type_info::~__pointer_to_member_type_info()
    lib_rtti_impl.o(.constdata__ZTVN10__cxxabiv129__pointer_to_member_type_infoE) refers to lib_rtti_impl.o(i._ZN10__cxxabiv129__pointer_to_member_type_infoD0Ev) for __cxxabiv1::__pointer_to_member_type_info::~__pointer_to_member_type_info__deallocating()
    lib_rtti_impl.o(.ARM.exidx) refers to lib_rtti_impl.o(i._ZNSt9type_infodlEPv) for i._ZNSt9type_infodlEPv
    lib_rtti_impl.o(.constdata__ZTIN10__cxxabiv123__fundamental_type_infoE) refers to lib_rtti_impl.o(.constdata__ZTVN10__cxxabiv120__si_class_type_infoE) for vtable for __cxxabiv1::__si_class_type_info
    lib_rtti_impl.o(.constdata__ZTIN10__cxxabiv123__fundamental_type_infoE) refers to lib_rtti_impl.o(.constdata__ZTSN10__cxxabiv123__fundamental_type_infoE) for typeinfo name for __cxxabiv1::__fundamental_type_info
    lib_rtti_impl.o(.constdata__ZTIN10__cxxabiv123__fundamental_type_infoE) refers to type_info_dtor.o(.constdata__ZTISt9type_info) for typeinfo for std::type_info
    lib_rtti_impl.o(.constdata__ZTIN10__cxxabiv117__array_type_infoE) refers to lib_rtti_impl.o(.constdata__ZTVN10__cxxabiv120__si_class_type_infoE) for vtable for __cxxabiv1::__si_class_type_info
    lib_rtti_impl.o(.constdata__ZTIN10__cxxabiv117__array_type_infoE) refers to lib_rtti_impl.o(.constdata__ZTSN10__cxxabiv117__array_type_infoE) for typeinfo name for __cxxabiv1::__array_type_info
    lib_rtti_impl.o(.constdata__ZTIN10__cxxabiv117__array_type_infoE) refers to type_info_dtor.o(.constdata__ZTISt9type_info) for typeinfo for std::type_info
    lib_rtti_impl.o(.constdata__ZTIN10__cxxabiv120__function_type_infoE) refers to lib_rtti_impl.o(.constdata__ZTVN10__cxxabiv120__si_class_type_infoE) for vtable for __cxxabiv1::__si_class_type_info
    lib_rtti_impl.o(.constdata__ZTIN10__cxxabiv120__function_type_infoE) refers to lib_rtti_impl.o(.constdata__ZTSN10__cxxabiv120__function_type_infoE) for typeinfo name for __cxxabiv1::__function_type_info
    lib_rtti_impl.o(.constdata__ZTIN10__cxxabiv120__function_type_infoE) refers to type_info_dtor.o(.constdata__ZTISt9type_info) for typeinfo for std::type_info
    lib_rtti_impl.o(.constdata__ZTIN10__cxxabiv116__enum_type_infoE) refers to lib_rtti_impl.o(.constdata__ZTVN10__cxxabiv120__si_class_type_infoE) for vtable for __cxxabiv1::__si_class_type_info
    lib_rtti_impl.o(.constdata__ZTIN10__cxxabiv116__enum_type_infoE) refers to lib_rtti_impl.o(.constdata__ZTSN10__cxxabiv116__enum_type_infoE) for typeinfo name for __cxxabiv1::__enum_type_info
    lib_rtti_impl.o(.constdata__ZTIN10__cxxabiv116__enum_type_infoE) refers to type_info_dtor.o(.constdata__ZTISt9type_info) for typeinfo for std::type_info
    lib_rtti_impl.o(.constdata__ZTIN10__cxxabiv117__class_type_infoE) refers to lib_rtti_impl.o(.constdata__ZTVN10__cxxabiv120__si_class_type_infoE) for vtable for __cxxabiv1::__si_class_type_info
    lib_rtti_impl.o(.constdata__ZTIN10__cxxabiv117__class_type_infoE) refers to lib_rtti_impl.o(.constdata__ZTSN10__cxxabiv117__class_type_infoE) for typeinfo name for __cxxabiv1::__class_type_info
    lib_rtti_impl.o(.constdata__ZTIN10__cxxabiv117__class_type_infoE) refers to type_info_dtor.o(.constdata__ZTISt9type_info) for typeinfo for std::type_info
    lib_rtti_impl.o(.constdata__ZTIN10__cxxabiv120__si_class_type_infoE) refers to lib_rtti_impl.o(.constdata__ZTVN10__cxxabiv120__si_class_type_infoE) for vtable for __cxxabiv1::__si_class_type_info
    lib_rtti_impl.o(.constdata__ZTIN10__cxxabiv120__si_class_type_infoE) refers to lib_rtti_impl.o(.constdata__ZTSN10__cxxabiv120__si_class_type_infoE) for typeinfo name for __cxxabiv1::__si_class_type_info
    lib_rtti_impl.o(.constdata__ZTIN10__cxxabiv120__si_class_type_infoE) refers to lib_rtti_impl.o(.constdata__ZTIN10__cxxabiv117__class_type_infoE) for typeinfo for __cxxabiv1::__class_type_info
    lib_rtti_impl.o(.constdata__ZTIN10__cxxabiv121__vmi_class_type_infoE) refers to lib_rtti_impl.o(.constdata__ZTVN10__cxxabiv120__si_class_type_infoE) for vtable for __cxxabiv1::__si_class_type_info
    lib_rtti_impl.o(.constdata__ZTIN10__cxxabiv121__vmi_class_type_infoE) refers to lib_rtti_impl.o(.constdata__ZTSN10__cxxabiv121__vmi_class_type_infoE) for typeinfo name for __cxxabiv1::__vmi_class_type_info
    lib_rtti_impl.o(.constdata__ZTIN10__cxxabiv121__vmi_class_type_infoE) refers to lib_rtti_impl.o(.constdata__ZTIN10__cxxabiv117__class_type_infoE) for typeinfo for __cxxabiv1::__class_type_info
    lib_rtti_impl.o(.constdata__ZTIN10__cxxabiv117__pbase_type_infoE) refers to lib_rtti_impl.o(.constdata__ZTVN10__cxxabiv120__si_class_type_infoE) for vtable for __cxxabiv1::__si_class_type_info
    lib_rtti_impl.o(.constdata__ZTIN10__cxxabiv117__pbase_type_infoE) refers to lib_rtti_impl.o(.constdata__ZTSN10__cxxabiv117__pbase_type_infoE) for typeinfo name for __cxxabiv1::__pbase_type_info
    lib_rtti_impl.o(.constdata__ZTIN10__cxxabiv117__pbase_type_infoE) refers to type_info_dtor.o(.constdata__ZTISt9type_info) for typeinfo for std::type_info
    lib_rtti_impl.o(.constdata__ZTIN10__cxxabiv119__pointer_type_infoE) refers to lib_rtti_impl.o(.constdata__ZTVN10__cxxabiv120__si_class_type_infoE) for vtable for __cxxabiv1::__si_class_type_info
    lib_rtti_impl.o(.constdata__ZTIN10__cxxabiv119__pointer_type_infoE) refers to lib_rtti_impl.o(.constdata__ZTSN10__cxxabiv119__pointer_type_infoE) for typeinfo name for __cxxabiv1::__pointer_type_info
    lib_rtti_impl.o(.constdata__ZTIN10__cxxabiv119__pointer_type_infoE) refers to lib_rtti_impl.o(.constdata__ZTIN10__cxxabiv117__pbase_type_infoE) for typeinfo for __cxxabiv1::__pbase_type_info
    lib_rtti_impl.o(.constdata__ZTIN10__cxxabiv129__pointer_to_member_type_infoE) refers to lib_rtti_impl.o(.constdata__ZTVN10__cxxabiv120__si_class_type_infoE) for vtable for __cxxabiv1::__si_class_type_info
    lib_rtti_impl.o(.constdata__ZTIN10__cxxabiv129__pointer_to_member_type_infoE) refers to lib_rtti_impl.o(.constdata__ZTSN10__cxxabiv129__pointer_to_member_type_infoE) for typeinfo name for __cxxabiv1::__pointer_to_member_type_info
    lib_rtti_impl.o(.constdata__ZTIN10__cxxabiv129__pointer_to_member_type_infoE) refers to lib_rtti_impl.o(.constdata__ZTIN10__cxxabiv117__pbase_type_infoE) for typeinfo for __cxxabiv1::__pbase_type_info
    lib_rtti_impl.o(i.__ARM_common_noexcept_landing) refers to arm_exceptions_callterm.o(.text) for __cxa_call_terminate
    lib_rtti_impl.o(.ARM.exidx) refers to lib_rtti_impl.o(i.__ARM_common_noexcept_landing) for i.__ARM_common_noexcept_landing
    type_info_dtor.o(.constdata__ZTVSt9type_info) refers to type_info_dtor.o(.constdata__ZTISt9type_info) for typeinfo for std::type_info
    type_info_dtor.o(.constdata__ZTVSt9type_info) refers to type_info_dtor.o(i._ZNSt9type_infoD1Ev) for std::type_info::~type_info()
    type_info_dtor.o(.constdata__ZTVSt9type_info) refers to type_info_dtor.o(i._ZNSt9type_infoD0Ev) for std::type_info::~type_info__deallocating()
    type_info_dtor.o(.constdata__ZTISt9type_info) refers to lib_rtti_impl.o(.constdata__ZTVN10__cxxabiv117__class_type_infoE) for vtable for __cxxabiv1::__class_type_info
    type_info_dtor.o(.constdata__ZTISt9type_info) refers to type_info_dtor.o(.constdata__ZTSSt9type_info) for typeinfo name for std::type_info


==============================================================================

Removing Unused input sections from the image.

    Removing main.o(.ARM.exidx), (8 bytes).
    Removing dac.o(.ARM.exidx), (8 bytes).
    Removing pll.o(.ARM.exidx), (8 bytes).
    Removing random.o(.text), (64 bytes).
    Removing random.o(.ARM.exidx), (8 bytes).
    Removing random.o(.data), (4 bytes).
    Removing slidepot.o(.text), (30 bytes).
    Removing slidepot.o(.ARM.exidx), (8 bytes).
    Removing timer0.o(.ARM.exidx), (8 bytes).
    Removing uart.o(.ARM.exidx), (8 bytes).
    Removing fifo.o(.ARM.exidx), (8 bytes).
    Removing ff.o(.text), (10800 bytes).
    Removing ff.o(.constdata), (44 bytes).
    Removing ff.o(.data), (6 bytes).
    Removing retarget.o(.data), (4 bytes).
    Removing texas.o(.text), (512 bytes).
    Removing texas.o(.ARM.exidx), (8 bytes).
    Removing st7735sd.o(.ARM.exidx), (8 bytes).
    Removing display.o(.ARM.exidx), (8 bytes).
    Removing udma.o(.text), (124 bytes).
    Removing udma.o(.ARM.exidx), (8 bytes).
    Removing udma.o(.bss), (1056 bytes).
    Removing testfs.o(.text), (1592 bytes).
    Removing testfs.o(.ARM.exidx), (8 bytes).
    Removing testfs.o(.bss), (2180 bytes).
    Removing testfs.o(.constdata), (21 bytes).
    Removing testfs.o(.data), (2 bytes).
    Removing inputs.o(.ARM.exidx), (8 bytes).

28 unused section(s) (total 16551 bytes) removed from the image.

==============================================================================

Image Symbol Table

    Local Symbols

    Symbol Name                              Value     Ov Type        Size  Object(Section)

    RESET                                    0x00000000   Section      644  startup_tm4c123.o(RESET)
    ../../../clib/unwind_pr.c                0x00000000   Number         0  unwind_prcommon.o ABSOLUTE
    ../../../clib/unwind_pr.c                0x00000000   Number         0  unwind_pr0.o ABSOLUTE
    ../../../clib/unwinder.c                 0x00000000   Number         0  unwinder.o ABSOLUTE
    ../../../clib/unwinder.c                 0x00000000   Number         0  unwinder.o ABSOLUTE
    ../../../clib/unwinder.c                 0x00000000   Number         0  unwind_activity.o ABSOLUTE
    ../../../clib/unwinder.c                 0x00000000   Number         0  unwind_activity.o ABSOLUTE
    ../../../edgfe/lib_src/arm_exceptions.c  0x00000000   Number         0  arm_exceptions_globs.o ABSOLUTE
    ../../../edgfe/lib_src/arm_exceptions.c  0x00000000   Number         0  arm_exceptions_mem.o ABSOLUTE
    ../../../edgfe/lib_src/arm_exceptions.c  0x00000000   Number         0  arm_exceptions_support.o ABSOLUTE
    ../../../edgfe/lib_src/arm_exceptions.c  0x00000000   Number         0  arm_exceptions_terminate.o ABSOLUTE
    ../../../edgfe/lib_src/arm_exceptions.c  0x00000000   Number         0  arm_exceptions_callterm.o ABSOLUTE
    ../../../edgfe/lib_src/arm_noexceptions.c 0x00000000   Number         0  arm_newhandler_noexceptions.o ABSOLUTE
    ../../../edgfe/lib_src/arm_noexceptions.c 0x00000000   Number         0  arm_callunex_noexceptions.o ABSOLUTE
    ../../../edgfe/lib_src/arm_noexceptions.c 0x00000000   Number         0  arm_begincatch_noexceptions.o ABSOLUTE
    ../../../edgfe/lib_src/bad_alloc.c       0x00000000   Number         0  bad_alloc_dtor.o ABSOLUTE
    ../../../edgfe/lib_src/bad_alloc.c       0x00000000   Number         0  bad_alloc_what.o ABSOLUTE
    ../../../edgfe/lib_src/delete.c          0x00000000   Number         0  delete.o ABSOLUTE
    ../../../edgfe/lib_src/exception.c       0x00000000   Number         0  exception_what.o ABSOLUTE
    ../../../edgfe/lib_src/exception.c       0x00000000   Number         0  exception_dtor.o ABSOLUTE
    ../../../edgfe/lib_src/new.c             0x00000000   Number         0  new.o ABSOLUTE
    ../../../edgfe/lib_src/typeinfo.c        0x00000000   Number         0  type_info_dtor.o ABSOLUTE
    ../../../edgfe/lib_src/typeinfo.c        0x00000000   Number         0  lib_rtti_impl.o ABSOLUTE
    ../clib/angel/boardlib.s                 0x00000000   Number         0  boardinit1.o ABSOLUTE
    ../clib/angel/boardlib.s                 0x00000000   Number         0  boardinit2.o ABSOLUTE
    ../clib/angel/boardlib.s                 0x00000000   Number         0  boardinit3.o ABSOLUTE
    ../clib/angel/boardlib.s                 0x00000000   Number         0  boardshut.o ABSOLUTE
    ../clib/angel/dczerorl2.s                0x00000000   Number         0  __dczerorl2.o ABSOLUTE
    ../clib/angel/handlers.s                 0x00000000   Number         0  __scatter_zi.o ABSOLUTE
    ../clib/angel/kernel.s                   0x00000000   Number         0  __rtentry.o ABSOLUTE
    ../clib/angel/kernel.s                   0x00000000   Number         0  __rtentry2.o ABSOLUTE
    ../clib/angel/kernel.s                   0x00000000   Number         0  __rtentry4.o ABSOLUTE
    ../clib/angel/kernel.s                   0x00000000   Number         0  rtexit2.o ABSOLUTE
    ../clib/angel/kernel.s                   0x00000000   Number         0  rtexit.o ABSOLUTE
    ../clib/angel/rt.s                       0x00000000   Number         0  rt_new_handler_addr.o ABSOLUTE
    ../clib/angel/rt.s                       0x00000000   Number         0  rt_eh_globals_addr_intlibspace.o ABSOLUTE
    ../clib/angel/rt.s                       0x00000000   Number         0  rt_eh_globals_addr.o ABSOLUTE
    ../clib/angel/rt.s                       0x00000000   Number         0  rt_raise.o ABSOLUTE
    ../clib/angel/rt.s                       0x00000000   Number         0  rt_new_handler_addr_intlibspace.o ABSOLUTE
    ../clib/angel/rt.s                       0x00000000   Number         0  rt_heap_descriptor.o ABSOLUTE
    ../clib/angel/rt.s                       0x00000000   Number         0  rt_heap_descriptor_intlibspace.o ABSOLUTE
    ../clib/angel/scatter.s                  0x00000000   Number         0  __scatter.o ABSOLUTE
    ../clib/angel/startup.s                  0x00000000   Number         0  __main.o ABSOLUTE
    ../clib/angel/sys.s                      0x00000000   Number         0  indicate_semi.o ABSOLUTE
    ../clib/angel/sys.s                      0x00000000   Number         0  libspace.o ABSOLUTE
    ../clib/angel/sys.s                      0x00000000   Number         0  use_no_semi.o ABSOLUTE
    ../clib/angel/sys.s                      0x00000000   Number         0  use_no_semi_2.o ABSOLUTE
    ../clib/angel/sys.s                      0x00000000   Number         0  sys_stackheap_outer.o ABSOLUTE
    ../clib/angel/sys.s                      0x00000000   Number         0  mutex_dummy.o ABSOLUTE
    ../clib/angel/sysapp.c                   0x00000000   Number         0  sys_command.o ABSOLUTE
    ../clib/arm_runtime.c                    0x00000000   Number         0  init_aeabi.o ABSOLUTE
    ../clib/arm_runtime.c                    0x00000000   Number         0  init_aeabi.o ABSOLUTE
    ../clib/armsys.c                         0x00000000   Number         0  argv_veneer.o ABSOLUTE
    ../clib/armsys.c                         0x00000000   Number         0  argv_veneer.o ABSOLUTE
    ../clib/armsys.c                         0x00000000   Number         0  _get_argv.o ABSOLUTE
    ../clib/armsys.c                         0x00000000   Number         0  no_argv.o ABSOLUTE
    ../clib/armsys.c                         0x00000000   Number         0  _get_argv_nomalloc.o ABSOLUTE
    ../clib/heap1.c                          0x00000000   Number         0  h1_alloc.o ABSOLUTE
    ../clib/heap1.c                          0x00000000   Number         0  h1_extend_mt.o ABSOLUTE
    ../clib/heap1.c                          0x00000000   Number         0  h1_final.o ABSOLUTE
    ../clib/heap1.c                          0x00000000   Number         0  h1_extend.o ABSOLUTE
    ../clib/heap1.c                          0x00000000   Number         0  h1_final_mt.o ABSOLUTE
    ../clib/heap1.c                          0x00000000   Number         0  h1_alloc_mt.o ABSOLUTE
    ../clib/heap1.c                          0x00000000   Number         0  h1_init.o ABSOLUTE
    ../clib/heap1.c                          0x00000000   Number         0  h1_free.o ABSOLUTE
    ../clib/heap1.c                          0x00000000   Number         0  h1_init_mt.o ABSOLUTE
    ../clib/heap1.c                          0x00000000   Number         0  h1_free_mt.o ABSOLUTE
    ../clib/heap2.c                          0x00000000   Number         0  fdtree.o ABSOLUTE
    ../clib/heap2.c                          0x00000000   Number         0  heap2mt.o ABSOLUTE
    ../clib/heap2.c                          0x00000000   Number         0  heap2.o ABSOLUTE
    ../clib/heapalloc.c                      0x00000000   Number         0  term_alloc.o ABSOLUTE
    ../clib/heapalloc.c                      0x00000000   Number         0  heapstubs.o ABSOLUTE
    ../clib/heapalloc.c                      0x00000000   Number         0  free.o ABSOLUTE
    ../clib/heapalloc.c                      0x00000000   Number         0  init_alloc.o ABSOLUTE
    ../clib/heapalloc.c                      0x00000000   Number         0  hguard.o ABSOLUTE
    ../clib/heapalloc.c                      0x00000000   Number         0  maybetermalloc1.o ABSOLUTE
    ../clib/heapalloc.c                      0x00000000   Number         0  maybetermalloc2.o ABSOLUTE
    ../clib/heapalloc.c                      0x00000000   Number         0  maybetermalloc2.o ABSOLUTE
    ../clib/heapalloc.c                      0x00000000   Number         0  maybetermalloc1.o ABSOLUTE
    ../clib/heapalloc.c                      0x00000000   Number         0  malloc.o ABSOLUTE
    ../clib/heapalloc.c                      0x00000000   Number         0  hrguard.o ABSOLUTE
    ../clib/heapaux.c                        0x00000000   Number         0  heapauxi.o ABSOLUTE
    ../clib/heapaux.c                        0x00000000   Number         0  heapauxa.o ABSOLUTE
    ../clib/libinit.s                        0x00000000   Number         0  libshutdown.o ABSOLUTE
    ../clib/libinit.s                        0x00000000   Number         0  libinit.o ABSOLUTE
    ../clib/libinit.s                        0x00000000   Number         0  libshutdown2.o ABSOLUTE
    ../clib/libinit.s                        0x00000000   Number         0  libinit2.o ABSOLUTE
    ../clib/memcpset.s                       0x00000000   Number         0  rt_memcpy_w.o ABSOLUTE
    ../clib/signal.c                         0x00000000   Number         0  __raise.o ABSOLUTE
    ../clib/signal.c                         0x00000000   Number         0  defsig_exit.o ABSOLUTE
    ../clib/signal.c                         0x00000000   Number         0  defsig_abrt_outer.o ABSOLUTE
    ../clib/signal.c                         0x00000000   Number         0  defsig_rtmem_outer.o ABSOLUTE
    ../clib/signal.c                         0x00000000   Number         0  defsig_other.o ABSOLUTE
    ../clib/signal.c                         0x00000000   Number         0  defsig_segv_inner.o ABSOLUTE
    ../clib/signal.c                         0x00000000   Number         0  defsig_rtred_inner.o ABSOLUTE
    ../clib/signal.c                         0x00000000   Number         0  defsig_cppl_inner.o ABSOLUTE
    ../clib/signal.c                         0x00000000   Number         0  defsig_pvfn_inner.o ABSOLUTE
    ../clib/signal.c                         0x00000000   Number         0  defsig_stak_inner.o ABSOLUTE
    ../clib/signal.c                         0x00000000   Number         0  defsig_abrt_formal.o ABSOLUTE
    ../clib/signal.c                         0x00000000   Number         0  defsig_rtmem_inner.o ABSOLUTE
    ../clib/signal.c                         0x00000000   Number         0  defsig_rtmem_formal.o ABSOLUTE
    ../clib/signal.c                         0x00000000   Number         0  defsig_fpe_inner.o ABSOLUTE
    ../clib/signal.c                         0x00000000   Number         0  defsig_general.o ABSOLUTE
    ../clib/signal.c                         0x00000000   Number         0  defsig_abrt_inner.o ABSOLUTE
    ../clib/signal.s                         0x00000000   Number         0  defsig.o ABSOLUTE
    ../clib/stdlib.c                         0x00000000   Number         0  bsearchnoex.o ABSOLUTE
    ../clib/stdlib.c                         0x00000000   Number         0  exit.o ABSOLUTE
    ../clib/stdlib.c                         0x00000000   Number         0  abort.o ABSOLUTE
    ../fplib/fpinit.s                        0x00000000   Number         0  fpinit.o ABSOLUTE
    DAC.cpp                                  0x00000000   Number         0  dac.o ABSOLUTE
    Display.cpp                              0x00000000   Number         0  display.o ABSOLUTE
    FIFO.cpp                                 0x00000000   Number         0  fifo.o ABSOLUTE
    Inputs.cpp                               0x00000000   Number         0  inputs.o ABSOLUTE
    PLL.cpp                                  0x00000000   Number         0  pll.o ABSOLUTE
    ST7735SD.cpp                             0x00000000   Number         0  st7735sd.o ABSOLUTE
    SlidePot.cpp                             0x00000000   Number         0  slidepot.o ABSOLUTE
    TExaS.cpp                                0x00000000   Number         0  texas.o ABSOLUTE
    TestFS.cpp                               0x00000000   Number         0  testfs.o ABSOLUTE
    Timer0.cpp                               0x00000000   Number         0  timer0.o ABSOLUTE
    UART.cpp                                 0x00000000   Number         0  uart.o ABSOLUTE
    dc.s                                     0x00000000   Number         0  dc.o ABSOLUTE
    diskio.c                                 0x00000000   Number         0  diskio.o ABSOLUTE
    ff.c                                     0x00000000   Number         0  ff.o ABSOLUTE
    main.cpp                                 0x00000000   Number         0  main.o ABSOLUTE
    random.cpp                               0x00000000   Number         0  random.o ABSOLUTE
    retarget.c                               0x00000000   Number         0  retarget.o ABSOLUTE
    startup_TM4C123.s                        0x00000000   Number         0  startup_tm4c123.o ABSOLUTE
    uDMA.cpp                                 0x00000000   Number         0  udma.o ABSOLUTE
    !!!main                                  0x00000284   Section        8  __main.o(!!!main)
    !!!scatter                               0x0000028c   Section       52  __scatter.o(!!!scatter)
    !!dczerorl2                              0x000002c0   Section       90  __dczerorl2.o(!!dczerorl2)
    !!handler_zi                             0x0000031c   Section       28  __scatter_zi.o(!!handler_zi)
    .ARM.Collect$$libinit$$00000000          0x00000338   Section        2  libinit.o(.ARM.Collect$$libinit$$00000000)
    .ARM.Collect$$libinit$$00000002          0x0000033a   Section        0  libinit2.o(.ARM.Collect$$libinit$$00000002)
    .ARM.Collect$$libinit$$00000004          0x0000033a   Section        0  libinit2.o(.ARM.Collect$$libinit$$00000004)
    .ARM.Collect$$libinit$$00000005          0x0000033a   Section        8  libinit2.o(.ARM.Collect$$libinit$$00000005)
    .ARM.Collect$$libinit$$0000000A          0x00000342   Section        0  libinit2.o(.ARM.Collect$$libinit$$0000000A)
    .ARM.Collect$$libinit$$0000000C          0x00000342   Section        0  libinit2.o(.ARM.Collect$$libinit$$0000000C)
    .ARM.Collect$$libinit$$0000000E          0x00000342   Section        0  libinit2.o(.ARM.Collect$$libinit$$0000000E)
    .ARM.Collect$$libinit$$00000011          0x00000342   Section        0  libinit2.o(.ARM.Collect$$libinit$$00000011)
    .ARM.Collect$$libinit$$00000013          0x00000342   Section        0  libinit2.o(.ARM.Collect$$libinit$$00000013)
    .ARM.Collect$$libinit$$00000015          0x00000342   Section        0  libinit2.o(.ARM.Collect$$libinit$$00000015)
    .ARM.Collect$$libinit$$00000017          0x00000342   Section        0  libinit2.o(.ARM.Collect$$libinit$$00000017)
    .ARM.Collect$$libinit$$00000019          0x00000342   Section        0  libinit2.o(.ARM.Collect$$libinit$$00000019)
    .ARM.Collect$$libinit$$0000001B          0x00000342   Section        0  libinit2.o(.ARM.Collect$$libinit$$0000001B)
    .ARM.Collect$$libinit$$0000001D          0x00000342   Section        0  libinit2.o(.ARM.Collect$$libinit$$0000001D)
    .ARM.Collect$$libinit$$0000001F          0x00000342   Section        0  libinit2.o(.ARM.Collect$$libinit$$0000001F)
    .ARM.Collect$$libinit$$00000021          0x00000342   Section        0  libinit2.o(.ARM.Collect$$libinit$$00000021)
    .ARM.Collect$$libinit$$00000023          0x00000342   Section        0  libinit2.o(.ARM.Collect$$libinit$$00000023)
    .ARM.Collect$$libinit$$00000025          0x00000342   Section        0  libinit2.o(.ARM.Collect$$libinit$$00000025)
    .ARM.Collect$$libinit$$0000002C          0x00000342   Section        0  libinit2.o(.ARM.Collect$$libinit$$0000002C)
    .ARM.Collect$$libinit$$0000002E          0x00000342   Section        0  libinit2.o(.ARM.Collect$$libinit$$0000002E)
    .ARM.Collect$$libinit$$00000030          0x00000342   Section        0  libinit2.o(.ARM.Collect$$libinit$$00000030)
    .ARM.Collect$$libinit$$00000031          0x00000342   Section        4  libinit2.o(.ARM.Collect$$libinit$$00000031)
    .ARM.Collect$$libinit$$00000032          0x00000346   Section        0  libinit2.o(.ARM.Collect$$libinit$$00000032)
    .ARM.Collect$$libinit$$00000033          0x00000346   Section        2  libinit2.o(.ARM.Collect$$libinit$$00000033)
    .ARM.Collect$$libshutdown$$00000000      0x00000348   Section        2  libshutdown.o(.ARM.Collect$$libshutdown$$00000000)
    .ARM.Collect$$libshutdown$$00000002      0x0000034a   Section        0  libshutdown2.o(.ARM.Collect$$libshutdown$$00000002)
    .ARM.Collect$$libshutdown$$00000004      0x0000034a   Section        0  libshutdown2.o(.ARM.Collect$$libshutdown$$00000004)
    .ARM.Collect$$libshutdown$$00000006      0x0000034a   Section        0  libshutdown2.o(.ARM.Collect$$libshutdown$$00000006)
    .ARM.Collect$$libshutdown$$00000009      0x0000034a   Section        0  libshutdown2.o(.ARM.Collect$$libshutdown$$00000009)
    .ARM.Collect$$libshutdown$$0000000C      0x0000034a   Section        0  libshutdown2.o(.ARM.Collect$$libshutdown$$0000000C)
    .ARM.Collect$$libshutdown$$0000000E      0x0000034a   Section        0  libshutdown2.o(.ARM.Collect$$libshutdown$$0000000E)
    .ARM.Collect$$libshutdown$$00000011      0x0000034a   Section        0  libshutdown2.o(.ARM.Collect$$libshutdown$$00000011)
    .ARM.Collect$$libshutdown$$00000012      0x0000034a   Section        2  libshutdown2.o(.ARM.Collect$$libshutdown$$00000012)
    .ARM.Collect$$rtentry$$00000000          0x0000034c   Section        0  __rtentry.o(.ARM.Collect$$rtentry$$00000000)
    .ARM.Collect$$rtentry$$00000002          0x0000034c   Section        0  __rtentry2.o(.ARM.Collect$$rtentry$$00000002)
    .ARM.Collect$$rtentry$$00000004          0x0000034c   Section        6  __rtentry4.o(.ARM.Collect$$rtentry$$00000004)
    .ARM.Collect$$rtentry$$00000009          0x00000352   Section        0  __rtentry2.o(.ARM.Collect$$rtentry$$00000009)
    .ARM.Collect$$rtentry$$0000000A          0x00000352   Section        4  __rtentry2.o(.ARM.Collect$$rtentry$$0000000A)
    .ARM.Collect$$rtentry$$0000000C          0x00000356   Section        0  __rtentry2.o(.ARM.Collect$$rtentry$$0000000C)
    .ARM.Collect$$rtentry$$0000000D          0x00000356   Section        8  __rtentry2.o(.ARM.Collect$$rtentry$$0000000D)
    .ARM.Collect$$rtexit$$00000000           0x0000035e   Section        2  rtexit.o(.ARM.Collect$$rtexit$$00000000)
    .ARM.Collect$$rtexit$$00000002           0x00000360   Section        0  rtexit2.o(.ARM.Collect$$rtexit$$00000002)
    .ARM.Collect$$rtexit$$00000003           0x00000360   Section        4  rtexit2.o(.ARM.Collect$$rtexit$$00000003)
    .ARM.Collect$$rtexit$$00000004           0x00000364   Section        6  rtexit2.o(.ARM.Collect$$rtexit$$00000004)
    .emb_text                                0x0000036c   Section        0  maybetermalloc1.o(.emb_text)
    .text                                    0x0000036c   Section       52  startup_tm4c123.o(.text)
    .text                                    0x000003a0   Section        0  main.o(.text)
    .text                                    0x00000404   Section        0  dac.o(.text)
    .text                                    0x0000053c   Section        0  pll.o(.text)
    .text                                    0x000005b8   Section        0  timer0.o(.text)
    .text                                    0x00000638   Section        0  uart.o(.text)
    __sti___8_UART_cpp_RxFifo                0x00000687   Thumb Code    10  uart.o(.text)
    .text                                    0x00000694   Section        0  fifo.o(.text)
    .text                                    0x000006b0   Section        0  diskio.o(.text)
    init_spi                                 0x0000074f   Thumb Code    26  diskio.o(.text)
    rcvr_spi                                 0x00000769   Thumb Code    42  diskio.o(.text)
    rcvr_spi_multi                           0x00000793   Thumb Code    24  diskio.o(.text)
    xmit_spi_multi                           0x000007ab   Thumb Code    42  diskio.o(.text)
    wait_ready                               0x000007e5   Thumb Code    60  diskio.o(.text)
    deselect                                 0x0000084f   Thumb Code    18  diskio.o(.text)
    select                                   0x00000861   Thumb Code    36  diskio.o(.text)
    rcvr_datablock                           0x00000885   Thumb Code    88  diskio.o(.text)
    xmit_datablock                           0x000008dd   Thumb Code    88  diskio.o(.text)
    send_cmd                                 0x00000935   Thumb Code   176  diskio.o(.text)
    .text                                    0x00000f28   Section        0  retarget.o(.text)
    .text                                    0x00000f34   Section        0  st7735sd.o(.text)
    .text                                    0x000012b4   Section        0  display.o(.text)
    commonInit(const cmdList*)               0x000012b5   Thumb Code    34  display.o(.text)
    setAddrWindow(unsigned char, unsigned char, unsigned char, unsigned char) 0x000012eb   Thumb Code   196  display.o(.text)
    pushColor(unsigned short)                0x0000150f   Thumb Code    26  display.o(.text)
    .text                                    0x000026ac   Section        0  inputs.o(.text)
    .text                                    0x00002850   Section        2  use_no_semi.o(.text)
    .text                                    0x00002852   Section        2  use_no_semi_2.o(.text)
    .text                                    0x00002854   Section        0  heapauxi.o(.text)
    .text                                    0x0000285c   Section        0  init_aeabi.o(.text)
    .text                                    0x00002880   Section        8  rt_new_handler_addr_intlibspace.o(.text)
    .text                                    0x00002888   Section        0  h1_alloc.o(.text)
    .text                                    0x000028e6   Section        0  arm_newhandler_noexceptions.o(.text)
    .text                                    0x000028ec   Section        8  libspace.o(.text)
    .text                                    0x000028f4   Section        8  rt_heap_descriptor_intlibspace.o(.text)
    .text                                    0x000028fc   Section        0  hguard.o(.text)
    .text                                    0x00002900   Section        0  init_alloc.o(.text)
    .text                                    0x0000298a   Section        0  h1_init.o(.text)
    .text                                    0x00002998   Section        0  h1_free.o(.text)
    .text                                    0x000029e6   Section        0  arm_exceptions_terminate.o(.text)
    .text                                    0x00002a00   Section       74  sys_stackheap_outer.o(.text)
    .text                                    0x00002a4a   Section        0  h1_extend.o(.text)
    .text                                    0x00002a7e   Section        0  exit.o(.text)
    .text                                    0x00002a90   Section        0  abort.o(.text)
    .text                                    0x00002aa6   Section        0  defsig_rtmem_outer.o(.text)
    .text                                    0x00002ab4   Section        0  arm_exceptions_globs.o(.text)
    [local to arm_exceptions_c]::__default_terminate_handler() 0x00002ab5   Thumb Code     6  arm_exceptions_globs.o(.text)
    .text                                    0x00002b04   Section        8  rt_eh_globals_addr_intlibspace.o(.text)
    .text                                    0x00002b0c   Section        0  defsig_exit.o(.text)
    .text                                    0x00002b16   Section        0  defsig_abrt_outer.o(.text)
    .text                                    0x00002b24   Section        0  defsig_rtmem_inner.o(.text)
    .text                                    0x00002b74   Section        0  arm_exceptions_mem.o(.text)
    .text                                    0x00002bb0   Section        0  defsig_general.o(.text)
    .text                                    0x00002be4   Section        0  defsig_abrt_inner.o(.text)
    i._Znwj                                  0x00002c14   Section        0  new.o(i._Znwj)
    .constdata                               0x00002c3c   Section    43059  main.o(.constdata)
    background                               0x00002c3c   Data       40960  main.o(.constdata)
    bite                                     0x0000cc3c   Data        2099  main.o(.constdata)
    .constdata                               0x0000d470   Section     5036  display.o(.constdata)
    Font                                     0x0000d470   Data        1275  display.o(.constdata)
    Rcmd2green                               0x0000d96b   Data        1051  display.o(.constdata)
    Rcmd2red                                 0x0000dd86   Data        1051  display.o(.constdata)
    Rcmd3                                    0x0000e1a1   Data        1051  display.o(.constdata)
    smallCircle                              0x0000e5bc   Data          36  display.o(.constdata)
    circle                                   0x0000e5e0   Data          60  display.o(.constdata)
    dBfs                                     0x0000e61c   Data         512  display.o(.constdata)
    .init_array                              0x0000e83c   Section        4  uart.o(.init_array)
    .init_array                              0x0000e840   Section        0  init_aeabi.o(.init_array)
    .data                                    0x20000000   Section        4  main.o(.data)
    .data                                    0x20000004   Section        4  timer0.o(.data)
    .data                                    0x20000008   Section       13  diskio.o(.data)
    Stat                                     0x20000008   Data           1  diskio.o(.data)
    Timer1                                   0x2000000c   Data           4  diskio.o(.data)
    Timer2                                   0x20000010   Data           4  diskio.o(.data)
    CardType                                 0x20000014   Data           1  diskio.o(.data)
    .data                                    0x20000018   Section     2144  display.o(.data)
    ColStart                                 0x20000018   Data           1  display.o(.data)
    RowStart                                 0x20000019   Data           1  display.o(.data)
    Rotation                                 0x2000001a   Data           1  display.o(.data)
    TabColor                                 0x2000001b   Data           1  display.o(.data)
    _width                                   0x2000001c   Data           2  display.o(.data)
    _height                                  0x2000001e   Data           2  display.o(.data)
    Bcmd                                     0x2000002a   Data        1051  display.o(.data)
    Rcmd1                                    0x20000445   Data        1051  display.o(.data)
    .bss                                     0x20000878   Section       28  dac.o(.bss)
    .bss                                     0x20000894   Section       40  uart.o(.bss)
    .bss                                     0x200008bc   Section       12  display.o(.bss)
    .bss                                     0x200008c8   Section       96  libspace.o(.bss)
    HEAP                                     0x20000928   Section     2048  startup_tm4c123.o(HEAP)
    HeapMem                                  0x20000928   Data           0  startup_tm4c123.o(HEAP)
    STACK                                    0x20001128   Section     1024  startup_tm4c123.o(STACK)
    StackMem                                 0x20001128   Data           0  startup_tm4c123.o(STACK)

    Global Symbols

    Symbol Name                              Value     Ov Type        Size  Object(Section)

    BuildAttributes$$THM_ISAv4$E$P$D$K$B$S$7EM$PE$A:L22UL41UL21$X:L11$S22US41US21$IEEE1$IW$USESV6$~STKCKD$USESV7$~SHL$OTIME$ROPI$EBA8$UX$STANDARDLIB$REQ8$PRES8$EABIv2 0x00000000   Number         0  anon$$obj.o ABSOLUTE
    __ARM_use_no_argv                        0x00000000   Number         0  main.o ABSOLUTE
    __Vectors                                0x00000000   Data           0  startup_tm4c123.o(RESET)
    SHT$$ARM_EXIDX$$Base                      - Undefined Reference
    SHT$$ARM_EXIDX$$Limit                     - Undefined Reference
    __ARM::default_unexpected_handler()       - Undefined Weak Reference
    __ARM_exceptions_buffer_required          - Undefined Weak Reference
    __ARM_exceptions_init                     - Undefined Weak Reference
    __aeabi_unwind_cpp_pr1                    - Undefined Weak Reference
    __aeabi_unwind_cpp_pr2                    - Undefined Weak Reference
    __alloca_initialize                       - Undefined Weak Reference
    __arm_fini_                               - Undefined Weak Reference
    __arm_preinit_                            - Undefined Weak Reference
    __cxa_begin_cleanup                       - Undefined Weak Reference
    __cxa_finalize                            - Undefined Weak Reference
    __cxa_type_match                          - Undefined Weak Reference
    __rt_locale                               - Undefined Weak Reference
    __sigvec_lookup                           - Undefined Weak Reference
    __user_heap_extent                        - Undefined Weak Reference
    _atexit_init                              - Undefined Weak Reference
    _call_atexit_fns                          - Undefined Weak Reference
    _clock_init                               - Undefined Weak Reference
    _fp_trap_init                             - Undefined Weak Reference
    _fp_trap_shutdown                         - Undefined Weak Reference
    _get_lc_collate                           - Undefined Weak Reference
    _get_lc_ctype                             - Undefined Weak Reference
    _get_lc_monetary                          - Undefined Weak Reference
    _get_lc_numeric                           - Undefined Weak Reference
    _get_lc_time                              - Undefined Weak Reference
    _getenv_init                              - Undefined Weak Reference
    _handle_redirection                       - Undefined Weak Reference
    _initio                                   - Undefined Weak Reference
    _mutex_acquire                            - Undefined Weak Reference
    _mutex_free                               - Undefined Weak Reference
    _mutex_release                            - Undefined Weak Reference
    _rand_init                                - Undefined Weak Reference
    _signal_finish                            - Undefined Weak Reference
    _signal_init                              - Undefined Weak Reference
    _terminateio                              - Undefined Weak Reference
    Reset_Handler                            0x0000026d   Thumb Code     0  startup_tm4c123.o(RESET)
    NMI_Handler                              0x00000271   Thumb Code     2  startup_tm4c123.o(RESET)
    HardFault_Handler                        0x00000273   Thumb Code     2  startup_tm4c123.o(RESET)
    MemManage_Handler                        0x00000275   Thumb Code     2  startup_tm4c123.o(RESET)
    BusFault_Handler                         0x00000277   Thumb Code     2  startup_tm4c123.o(RESET)
    UsageFault_Handler                       0x00000279   Thumb Code     2  startup_tm4c123.o(RESET)
    SVC_Handler                              0x0000027b   Thumb Code     2  startup_tm4c123.o(RESET)
    DebugMon_Handler                         0x0000027d   Thumb Code     2  startup_tm4c123.o(RESET)
    PendSV_Handler                           0x0000027f   Thumb Code     2  startup_tm4c123.o(RESET)
    SysTick_Handler                          0x00000281   Thumb Code     2  startup_tm4c123.o(RESET)
    ADC0Seq0_Handler                         0x00000283   Thumb Code     0  startup_tm4c123.o(RESET)
    ADC0Seq1_Handler                         0x00000283   Thumb Code     0  startup_tm4c123.o(RESET)
    ADC0Seq2_Handler                         0x00000283   Thumb Code     0  startup_tm4c123.o(RESET)
    ADC0Seq3_Handler                         0x00000283   Thumb Code     0  startup_tm4c123.o(RESET)
    ADC1Seq0_Handler                         0x00000283   Thumb Code     0  startup_tm4c123.o(RESET)
    ADC1Seq1_Handler                         0x00000283   Thumb Code     0  startup_tm4c123.o(RESET)
    ADC1Seq2_Handler                         0x00000283   Thumb Code     0  startup_tm4c123.o(RESET)
    ADC1Seq3_Handler                         0x00000283   Thumb Code     0  startup_tm4c123.o(RESET)
    CAN0_Handler                             0x00000283   Thumb Code     0  startup_tm4c123.o(RESET)
    CAN1_Handler                             0x00000283   Thumb Code     0  startup_tm4c123.o(RESET)
    CAN2_Handler                             0x00000283   Thumb Code     0  startup_tm4c123.o(RESET)
    Comp0_Handler                            0x00000283   Thumb Code     0  startup_tm4c123.o(RESET)
    Comp1_Handler                            0x00000283   Thumb Code     0  startup_tm4c123.o(RESET)
    Comp2_Handler                            0x00000283   Thumb Code     0  startup_tm4c123.o(RESET)
    Ethernet_Handler                         0x00000283   Thumb Code     0  startup_tm4c123.o(RESET)
    ExtBus_Handler                           0x00000283   Thumb Code     0  startup_tm4c123.o(RESET)
    FPU_Handler                              0x00000283   Thumb Code     0  startup_tm4c123.o(RESET)
    Fan0_Handler                             0x00000283   Thumb Code     0  startup_tm4c123.o(RESET)
    FlashCtl_Handler                         0x00000283   Thumb Code     0  startup_tm4c123.o(RESET)
    GPIOPortA_Handler                        0x00000283   Thumb Code     0  startup_tm4c123.o(RESET)
    GPIOPortB_Handler                        0x00000283   Thumb Code     0  startup_tm4c123.o(RESET)
    GPIOPortC_Handler                        0x00000283   Thumb Code     0  startup_tm4c123.o(RESET)
    GPIOPortD_Handler                        0x00000283   Thumb Code     0  startup_tm4c123.o(RESET)
    GPIOPortE_Handler                        0x00000283   Thumb Code     0  startup_tm4c123.o(RESET)
    GPIOPortF_Handler                        0x00000283   Thumb Code     0  startup_tm4c123.o(RESET)
    GPIOPortG_Handler                        0x00000283   Thumb Code     0  startup_tm4c123.o(RESET)
    GPIOPortH_Handler                        0x00000283   Thumb Code     0  startup_tm4c123.o(RESET)
    GPIOPortJ_Handler                        0x00000283   Thumb Code     0  startup_tm4c123.o(RESET)
    GPIOPortK_Handler                        0x00000283   Thumb Code     0  startup_tm4c123.o(RESET)
    GPIOPortL_Handler                        0x00000283   Thumb Code     0  startup_tm4c123.o(RESET)
    GPIOPortM_Handler                        0x00000283   Thumb Code     0  startup_tm4c123.o(RESET)
    GPIOPortN_Handler                        0x00000283   Thumb Code     0  startup_tm4c123.o(RESET)
    GPIOPortP1_Handler                       0x00000283   Thumb Code     0  startup_tm4c123.o(RESET)
    GPIOPortP2_Handler                       0x00000283   Thumb Code     0  startup_tm4c123.o(RESET)
    GPIOPortP3_Handler                       0x00000283   Thumb Code     0  startup_tm4c123.o(RESET)
    GPIOPortP4_Handler                       0x00000283   Thumb Code     0  startup_tm4c123.o(RESET)
    GPIOPortP5_Handler                       0x00000283   Thumb Code     0  startup_tm4c123.o(RESET)
    GPIOPortP6_Handler                       0x00000283   Thumb Code     0  startup_tm4c123.o(RESET)
    GPIOPortP7_Handler                       0x00000283   Thumb Code     0  startup_tm4c123.o(RESET)
    GPIOPortP_Handler                        0x00000283   Thumb Code     0  startup_tm4c123.o(RESET)
    GPIOPortQ1_Handler                       0x00000283   Thumb Code     0  startup_tm4c123.o(RESET)
    GPIOPortQ2_Handler                       0x00000283   Thumb Code     0  startup_tm4c123.o(RESET)
    GPIOPortQ3_Handler                       0x00000283   Thumb Code     0  startup_tm4c123.o(RESET)
    GPIOPortQ4_Handler                       0x00000283   Thumb Code     0  startup_tm4c123.o(RESET)
    GPIOPortQ5_Handler                       0x00000283   Thumb Code     0  startup_tm4c123.o(RESET)
    GPIOPortQ6_Handler                       0x00000283   Thumb Code     0  startup_tm4c123.o(RESET)
    GPIOPortQ7_Handler                       0x00000283   Thumb Code     0  startup_tm4c123.o(RESET)
    GPIOPortQ_Handler                        0x00000283   Thumb Code     0  startup_tm4c123.o(RESET)
    GPIOPortR_Handler                        0x00000283   Thumb Code     0  startup_tm4c123.o(RESET)
    GPIOPortS_Handler                        0x00000283   Thumb Code     0  startup_tm4c123.o(RESET)
    Hibernate_Handler                        0x00000283   Thumb Code     0  startup_tm4c123.o(RESET)
    I2C0_Handler                             0x00000283   Thumb Code     0  startup_tm4c123.o(RESET)
    I2C1_Handler                             0x00000283   Thumb Code     0  startup_tm4c123.o(RESET)
    I2C2_Handler                             0x00000283   Thumb Code     0  startup_tm4c123.o(RESET)
    I2C3_Handler                             0x00000283   Thumb Code     0  startup_tm4c123.o(RESET)
    I2C4_Handler                             0x00000283   Thumb Code     0  startup_tm4c123.o(RESET)
    I2C5_Handler                             0x00000283   Thumb Code     0  startup_tm4c123.o(RESET)
    I2S0_Handler                             0x00000283   Thumb Code     0  startup_tm4c123.o(RESET)
    LPC0_Handler                             0x00000283   Thumb Code     0  startup_tm4c123.o(RESET)
    PECI0_Handler                            0x00000283   Thumb Code     0  startup_tm4c123.o(RESET)
    PWM0Fault_Handler                        0x00000283   Thumb Code     0  startup_tm4c123.o(RESET)
    PWM0Generator0_Handler                   0x00000283   Thumb Code     0  startup_tm4c123.o(RESET)
    PWM0Generator1_Handler                   0x00000283   Thumb Code     0  startup_tm4c123.o(RESET)
    PWM0Generator2_Handler                   0x00000283   Thumb Code     0  startup_tm4c123.o(RESET)
    PWM0Generator3_Handler                   0x00000283   Thumb Code     0  startup_tm4c123.o(RESET)
    PWM1Fault_Handler                        0x00000283   Thumb Code     0  startup_tm4c123.o(RESET)
    PWM1Generator0_Handler                   0x00000283   Thumb Code     0  startup_tm4c123.o(RESET)
    PWM1Generator1_Handler                   0x00000283   Thumb Code     0  startup_tm4c123.o(RESET)
    PWM1Generator2_Handler                   0x00000283   Thumb Code     0  startup_tm4c123.o(RESET)
    PWM1Generator3_Handler                   0x00000283   Thumb Code     0  startup_tm4c123.o(RESET)
    Quadrature0_Handler                      0x00000283   Thumb Code     0  startup_tm4c123.o(RESET)
    Quadrature1_Handler                      0x00000283   Thumb Code     0  startup_tm4c123.o(RESET)
    Quadrature2_Handler                      0x00000283   Thumb Code     0  startup_tm4c123.o(RESET)
    SSI0_Handler                             0x00000283   Thumb Code     0  startup_tm4c123.o(RESET)
    SSI1_Handler                             0x00000283   Thumb Code     0  startup_tm4c123.o(RESET)
    SSI2_Handler                             0x00000283   Thumb Code     0  startup_tm4c123.o(RESET)
    SSI3_Handler                             0x00000283   Thumb Code     0  startup_tm4c123.o(RESET)
    SysCtl_Handler                           0x00000283   Thumb Code     0  startup_tm4c123.o(RESET)
    Timer0B_Handler                          0x00000283   Thumb Code     0  startup_tm4c123.o(RESET)
    Timer1B_Handler                          0x00000283   Thumb Code     0  startup_tm4c123.o(RESET)
    Timer2A_Handler                          0x00000283   Thumb Code     0  startup_tm4c123.o(RESET)
    Timer2B_Handler                          0x00000283   Thumb Code     0  startup_tm4c123.o(RESET)
    Timer3A_Handler                          0x00000283   Thumb Code     0  startup_tm4c123.o(RESET)
    Timer3B_Handler                          0x00000283   Thumb Code     0  startup_tm4c123.o(RESET)
    Timer4A_Handler                          0x00000283   Thumb Code     0  startup_tm4c123.o(RESET)
    Timer4B_Handler                          0x00000283   Thumb Code     0  startup_tm4c123.o(RESET)
    Timer5A_Handler                          0x00000283   Thumb Code     0  startup_tm4c123.o(RESET)
    Timer5B_Handler                          0x00000283   Thumb Code     0  startup_tm4c123.o(RESET)
    UART0_Handler                            0x00000283   Thumb Code     0  startup_tm4c123.o(RESET)
    UART2_Handler                            0x00000283   Thumb Code     0  startup_tm4c123.o(RESET)
    UART3_Handler                            0x00000283   Thumb Code     0  startup_tm4c123.o(RESET)
    UART4_Handler                            0x00000283   Thumb Code     0  startup_tm4c123.o(RESET)
    UART5_Handler                            0x00000283   Thumb Code     0  startup_tm4c123.o(RESET)
    UART6_Handler                            0x00000283   Thumb Code     0  startup_tm4c123.o(RESET)
    UART7_Handler                            0x00000283   Thumb Code     0  startup_tm4c123.o(RESET)
    USB0_Handler                             0x00000283   Thumb Code     0  startup_tm4c123.o(RESET)
    WDT_Handler                              0x00000283   Thumb Code     0  startup_tm4c123.o(RESET)
    WideTimer0A_Handler                      0x00000283   Thumb Code     0  startup_tm4c123.o(RESET)
    WideTimer0B_Handler                      0x00000283   Thumb Code     0  startup_tm4c123.o(RESET)
    WideTimer1A_Handler                      0x00000283   Thumb Code     0  startup_tm4c123.o(RESET)
    WideTimer1B_Handler                      0x00000283   Thumb Code     0  startup_tm4c123.o(RESET)
    WideTimer2A_Handler                      0x00000283   Thumb Code     0  startup_tm4c123.o(RESET)
    WideTimer2B_Handler                      0x00000283   Thumb Code     0  startup_tm4c123.o(RESET)
    WideTimer3A_Handler                      0x00000283   Thumb Code     0  startup_tm4c123.o(RESET)
    WideTimer3B_Handler                      0x00000283   Thumb Code     0  startup_tm4c123.o(RESET)
    WideTimer4A_Handler                      0x00000283   Thumb Code     0  startup_tm4c123.o(RESET)
    WideTimer4B_Handler                      0x00000283   Thumb Code     0  startup_tm4c123.o(RESET)
    WideTimer5A_Handler                      0x00000283   Thumb Code     0  startup_tm4c123.o(RESET)
    WideTimer5B_Handler                      0x00000283   Thumb Code     0  startup_tm4c123.o(RESET)
    uDMA_Error                               0x00000283   Thumb Code     0  startup_tm4c123.o(RESET)
    uDMA_Handler                             0x00000283   Thumb Code     0  startup_tm4c123.o(RESET)
    __main                                   0x00000285   Thumb Code     8  __main.o(!!!main)
    __scatterload                            0x0000028d   Thumb Code     0  __scatter.o(!!!scatter)
    __scatterload_rt2                        0x0000028d   Thumb Code    44  __scatter.o(!!!scatter)
    __scatterload_rt2_thumb_only             0x0000028d   Thumb Code     0  __scatter.o(!!!scatter)
    __scatterload_null                       0x0000029b   Thumb Code     0  __scatter.o(!!!scatter)
    __decompress                             0x000002c1   Thumb Code    90  __dczerorl2.o(!!dczerorl2)
    __decompress1                            0x000002c1   Thumb Code     0  __dczerorl2.o(!!dczerorl2)
    __scatterload_zeroinit                   0x0000031d   Thumb Code    28  __scatter_zi.o(!!handler_zi)
    __rt_lib_init                            0x00000339   Thumb Code     0  libinit.o(.ARM.Collect$$libinit$$00000000)
    __rt_lib_init_fp_1                       0x0000033b   Thumb Code     0  libinit2.o(.ARM.Collect$$libinit$$00000002)
    __rt_lib_init_heap_2                     0x0000033b   Thumb Code     0  libinit2.o(.ARM.Collect$$libinit$$00000005)
    __rt_lib_init_preinit_1                  0x0000033b   Thumb Code     0  libinit2.o(.ARM.Collect$$libinit$$00000004)
    __rt_lib_init_alloca_1                   0x00000343   Thumb Code     0  libinit2.o(.ARM.Collect$$libinit$$0000002E)
    __rt_lib_init_argv_1                     0x00000343   Thumb Code     0  libinit2.o(.ARM.Collect$$libinit$$0000002C)
    __rt_lib_init_atexit_1                   0x00000343   Thumb Code     0  libinit2.o(.ARM.Collect$$libinit$$0000001B)
    __rt_lib_init_clock_1                    0x00000343   Thumb Code     0  libinit2.o(.ARM.Collect$$libinit$$00000021)
    __rt_lib_init_cpp_2                      0x00000343   Thumb Code     0  libinit2.o(.ARM.Collect$$libinit$$00000031)
    __rt_lib_init_exceptions_1               0x00000343   Thumb Code     0  libinit2.o(.ARM.Collect$$libinit$$00000030)
    __rt_lib_init_fp_trap_1                  0x00000343   Thumb Code     0  libinit2.o(.ARM.Collect$$libinit$$0000001F)
    __rt_lib_init_getenv_1                   0x00000343   Thumb Code     0  libinit2.o(.ARM.Collect$$libinit$$00000023)
    __rt_lib_init_heap_1                     0x00000343   Thumb Code     0  libinit2.o(.ARM.Collect$$libinit$$0000000A)
    __rt_lib_init_lc_collate_1               0x00000343   Thumb Code     0  libinit2.o(.ARM.Collect$$libinit$$00000011)
    __rt_lib_init_lc_ctype_1                 0x00000343   Thumb Code     0  libinit2.o(.ARM.Collect$$libinit$$00000013)
    __rt_lib_init_lc_monetary_1              0x00000343   Thumb Code     0  libinit2.o(.ARM.Collect$$libinit$$00000015)
    __rt_lib_init_lc_numeric_1               0x00000343   Thumb Code     0  libinit2.o(.ARM.Collect$$libinit$$00000017)
    __rt_lib_init_lc_time_1                  0x00000343   Thumb Code     0  libinit2.o(.ARM.Collect$$libinit$$00000019)
    __rt_lib_init_rand_1                     0x00000343   Thumb Code     0  libinit2.o(.ARM.Collect$$libinit$$0000000E)
    __rt_lib_init_signal_1                   0x00000343   Thumb Code     0  libinit2.o(.ARM.Collect$$libinit$$0000001D)
    __rt_lib_init_stdio_1                    0x00000343   Thumb Code     0  libinit2.o(.ARM.Collect$$libinit$$00000025)
    __rt_lib_init_user_alloc_1               0x00000343   Thumb Code     0  libinit2.o(.ARM.Collect$$libinit$$0000000C)
    __rt_lib_init_cpp_1                      0x00000347   Thumb Code     0  libinit2.o(.ARM.Collect$$libinit$$00000032)
    __rt_lib_init_return                     0x00000347   Thumb Code     0  libinit2.o(.ARM.Collect$$libinit$$00000033)
    __rt_lib_shutdown                        0x00000349   Thumb Code     0  libshutdown.o(.ARM.Collect$$libshutdown$$00000000)
    __rt_lib_shutdown_cpp_1                  0x0000034b   Thumb Code     0  libshutdown2.o(.ARM.Collect$$libshutdown$$00000004)
    __rt_lib_shutdown_fini_1                 0x0000034b   Thumb Code     0  libshutdown2.o(.ARM.Collect$$libshutdown$$00000002)
    __rt_lib_shutdown_fp_trap_1              0x0000034b   Thumb Code     0  libshutdown2.o(.ARM.Collect$$libshutdown$$00000009)
    __rt_lib_shutdown_heap_1                 0x0000034b   Thumb Code     0  libshutdown2.o(.ARM.Collect$$libshutdown$$00000011)
    __rt_lib_shutdown_return                 0x0000034b   Thumb Code     0  libshutdown2.o(.ARM.Collect$$libshutdown$$00000012)
    __rt_lib_shutdown_signal_1               0x0000034b   Thumb Code     0  libshutdown2.o(.ARM.Collect$$libshutdown$$0000000C)
    __rt_lib_shutdown_stdio_1                0x0000034b   Thumb Code     0  libshutdown2.o(.ARM.Collect$$libshutdown$$00000006)
    __rt_lib_shutdown_user_alloc_1           0x0000034b   Thumb Code     0  libshutdown2.o(.ARM.Collect$$libshutdown$$0000000E)
    __rt_entry                               0x0000034d   Thumb Code     0  __rtentry.o(.ARM.Collect$$rtentry$$00000000)
    __rt_entry_presh_1                       0x0000034d   Thumb Code     0  __rtentry2.o(.ARM.Collect$$rtentry$$00000002)
    __rt_entry_sh                            0x0000034d   Thumb Code     0  __rtentry4.o(.ARM.Collect$$rtentry$$00000004)
    __rt_entry_li                            0x00000353   Thumb Code     0  __rtentry2.o(.ARM.Collect$$rtentry$$0000000A)
    __rt_entry_postsh_1                      0x00000353   Thumb Code     0  __rtentry2.o(.ARM.Collect$$rtentry$$00000009)
    __rt_entry_main                          0x00000357   Thumb Code     0  __rtentry2.o(.ARM.Collect$$rtentry$$0000000D)
    __rt_entry_postli_1                      0x00000357   Thumb Code     0  __rtentry2.o(.ARM.Collect$$rtentry$$0000000C)
    __rt_exit                                0x0000035f   Thumb Code     0  rtexit.o(.ARM.Collect$$rtexit$$00000000)
    __rt_exit_ls                             0x00000361   Thumb Code     0  rtexit2.o(.ARM.Collect$$rtexit$$00000003)
    __rt_exit_prels_1                        0x00000361   Thumb Code     0  rtexit2.o(.ARM.Collect$$rtexit$$00000002)
    __rt_exit_exit                           0x00000365   Thumb Code     0  rtexit2.o(.ARM.Collect$$rtexit$$00000004)
    DisableInterrupts                        0x0000036d   Thumb Code     0  startup_tm4c123.o(.text)
    _maybe_terminate_alloc                   0x0000036d   Thumb Code     0  maybetermalloc1.o(.emb_text)
    EnableInterrupts                         0x00000371   Thumb Code     0  startup_tm4c123.o(.text)
    StartCritical                            0x00000375   Thumb Code     0  startup_tm4c123.o(.text)
    EndCritical                              0x0000037d   Thumb Code     0  startup_tm4c123.o(.text)
    WaitForInterrupt                         0x00000383   Thumb Code     0  startup_tm4c123.o(.text)
    __user_initial_stackheap                 0x00000387   Thumb Code     0  startup_tm4c123.o(.text)
    main                                     0x000003a1   Thumb Code    86  main.o(.text)
    Systick_Handler()                        0x000003f7   Thumb Code     2  main.o(.text)
    DAC_Out(unsigned)                        0x00000405   Thumb Code     8  dac.o(.text)
    Sound::increment()                       0x0000040d   Thumb Code    34  dac.o(.text)
    Sound::getSample()                       0x0000042f   Thumb Code    10  dac.o(.text)
    playAllSounds()                          0x00000439   Thumb Code    58  dac.o(.text)
    DAC_Init()                               0x00000473   Thumb Code   108  dac.o(.text)
    Sound::Sound(const unsigned char*, unsigned short) 0x000004df   Thumb Code    14  dac.o(.text)
    Sound::Sound__sub_object(const unsigned char*, unsigned short) 0x000004df   Thumb Code     0  dac.o(.text)
    Sound::Sound()                           0x000004ed   Thumb Code    14  dac.o(.text)
    Sound::Sound__sub_object()               0x000004ed   Thumb Code     0  dac.o(.text)
    Sound::play()                            0x000004fb   Thumb Code    48  dac.o(.text)
    PLL_Init(unsigned)                       0x0000053d   Thumb Code   120  pll.o(.text)
    Timer0_Init(void(*)(), unsigned)         0x000005b9   Thumb Code    74  timer0.o(.text)
    Timer0A_Handler                          0x00000603   Thumb Code    16  timer0.o(.text)
    Timer0_Arm(unsigned char)                0x00000613   Thumb Code    16  timer0.o(.text)
    UART_Init()                              0x00000639   Thumb Code     2  uart.o(.text)
    UART_InChar()                            0x0000063b   Thumb Code     2  uart.o(.text)
    UART_InStatus()                          0x0000063d   Thumb Code     4  uart.o(.text)
    UART_OutChar(char)                       0x00000641   Thumb Code     2  uart.o(.text)
    UART1_Handler                            0x00000643   Thumb Code     2  uart.o(.text)
    UART_OutString(char*)                    0x00000645   Thumb Code    22  uart.o(.text)
    UART_OutUDec(unsigned)                   0x0000065b   Thumb Code    42  uart.o(.text)
    UART_InMessage(char*)                    0x00000685   Thumb Code     2  uart.o(.text)
    Queue::Queue()                           0x00000695   Thumb Code     2  fifo.o(.text)
    Queue::Queue__sub_object()               0x00000695   Thumb Code     0  fifo.o(.text)
    Queue::IsEmpty()                         0x00000697   Thumb Code     6  fifo.o(.text)
    Queue::IsFull()                          0x0000069d   Thumb Code     6  fifo.o(.text)
    Queue::Put(char)                         0x000006a3   Thumb Code     6  fifo.o(.text)
    Queue::Get(char*)                        0x000006a9   Thumb Code     6  fifo.o(.text)
    Queue::Print()                           0x000006af   Thumb Code     2  fifo.o(.text)
    tx_SSI                                   0x000006b1   Thumb Code    30  diskio.o(.text)
    tx_high                                  0x000006cf   Thumb Code    44  diskio.o(.text)
    Timer1_Init                              0x000006fb   Thumb Code    84  diskio.o(.text)
    Timer1_Arm                               0x000007d5   Thumb Code    16  diskio.o(.text)
    dummy_clock                              0x00000821   Thumb Code    46  diskio.o(.text)
    disk_initialize                          0x000009e5   Thumb Code   382  diskio.o(.text)
    disk_status                              0x00000b63   Thumb Code    14  diskio.o(.text)
    disk_read                                0x00000b71   Thumb Code   136  diskio.o(.text)
    disk_write                               0x00000bf9   Thumb Code   170  diskio.o(.text)
    disk_ioctl                               0x00000ca3   Thumb Code   552  diskio.o(.text)
    disk_timerproc                           0x00000ecb   Thumb Code    74  diskio.o(.text)
    Timer1A_Handler                          0x00000f15   Thumb Code    14  diskio.o(.text)
    _sys_exit                                0x00000f29   Thumb Code     6  retarget.o(.text)
    _ttywrch                                 0x00000f2f   Thumb Code     6  retarget.o(.text)
    SDC_CS_Init                              0x00000f35   Thumb Code   150  st7735sd.o(.text)
    D_C                                      0x00000fcb   Thumb Code     6  st7735sd.o(.text)
    xchg_spi                                 0x00000fd1   Thumb Code    66  st7735sd.o(.text)
    Delay                                    0x00001013   Thumb Code    14  st7735sd.o(.text)
    Delay1ms                                 0x00001021   Thumb Code    22  st7735sd.o(.text)
    commandList                              0x00001037   Thumb Code   128  st7735sd.o(.text)
    TurnDisplay                              0x000010b7   Thumb Code    16  st7735sd.o(.text)
    Reset                                    0x000010c7   Thumb Code     6  st7735sd.o(.text)
    TurnSD                                   0x000010cd   Thumb Code    14  st7735sd.o(.text)
    SwitchToDisplay                          0x000010db   Thumb Code    16  st7735sd.o(.text)
    SSI0_Init                                0x000010eb   Thumb Code   378  st7735sd.o(.text)
    SSI0_Handler()                           0x00001265   Thumb Code     2  st7735sd.o(.text)
    SwitchToSD                               0x00001267   Thumb Code    16  st7735sd.o(.text)
    convY(unsigned char)                     0x000012d7   Thumb Code    10  display.o(.text)
    convX(unsigned char)                     0x000012e1   Thumb Code    10  display.o(.text)
    Display_FillRect(short, short, short, short, unsigned short) 0x000013af   Thumb Code   172  display.o(.text)
    Display_FillScreen(unsigned short)       0x0000145b   Thumb Code    28  display.o(.text)
    Display_SetCursor(unsigned, unsigned)    0x00001477   Thumb Code    22  display.o(.text)
    Display_InitB()                          0x0000148d   Thumb Code    32  display.o(.text)
    Display_InitR(initRFlags)                0x000014ad   Thumb Code    98  display.o(.text)
    Display_DrawPixel(short, short, unsigned short) 0x00001529   Thumb Code    64  display.o(.text)
    Display_DrawFastVLine(short, short, short, unsigned short) 0x00001569   Thumb Code   124  display.o(.text)
    Display_DrawFastHLine(short, short, short, unsigned short) 0x000015e5   Thumb Code   124  display.o(.text)
    Display_DrawSmallCircle(short, short, unsigned short) 0x00001661   Thumb Code   216  display.o(.text)
    Display_DrawCircle(short, short, unsigned short) 0x00001739   Thumb Code   162  display.o(.text)
    Display_Color565(unsigned char, unsigned char, unsigned char) 0x000017db   Thumb Code    24  display.o(.text)
    Display_SwapColor(unsigned short)        0x000017f3   Thumb Code    18  display.o(.text)
    Display_DrawBitmap(short, short, const unsigned short*, short, short) 0x00001805   Thumb Code   264  display.o(.text)
    Display_RenderSprite(short, short, const unsigned short*, short, short, unsigned short, const unsigned short*) 0x0000190d   Thumb Code   354  display.o(.text)
    Display_UnrenderSprite(short, short, short, short, const unsigned short*) 0x00001a6f   Thumb Code   328  display.o(.text)
    Display_RenderCursor(short, short, short, short, unsigned short) 0x00001bb7   Thumb Code   262  display.o(.text)
    Display_UnrenderCursor(short, short, short, short, const unsigned short*) 0x00001cbd   Thumb Code   308  display.o(.text)
    Display_DrawCharS(short, short, char, short, short, unsigned char) 0x00001df1   Thumb Code   188  display.o(.text)
    Display_DrawChar(short, short, char, short, short, unsigned char) 0x00001ead   Thumb Code   274  display.o(.text)
    Display_DrawString(unsigned short, unsigned short, char*, short) 0x00001fbf   Thumb Code    84  display.o(.text)
    fillmessage(unsigned)                    0x00002013   Thumb Code    64  display.o(.text)
    Display_OutUDec(unsigned, unsigned short) 0x00002053   Thumb Code   116  display.o(.text)
    Display_SetRotation(unsigned char)       0x000020c7   Thumb Code   218  display.o(.text)
    Display_InvertDisplay(int)               0x000021a1   Thumb Code    30  display.o(.text)
    Display_PlotClear(int, int)              0x000021bf   Thumb Code    74  display.o(.text)
    Display_PlotPoint(int)                   0x00002209   Thumb Code   136  display.o(.text)
    Display_PlotLine(int)                    0x00002291   Thumb Code   300  display.o(.text)
    Display_PlotPoints(int, int)             0x000023bd   Thumb Code   154  display.o(.text)
    Display_PlotBar(int)                     0x00002457   Thumb Code    72  display.o(.text)
    Display_PlotdBfs(int)                    0x0000249f   Thumb Code    52  display.o(.text)
    Display_PlotNext()                       0x000024d3   Thumb Code    28  display.o(.text)
    Display_PlotNextErase()                  0x000024ef   Thumb Code    58  display.o(.text)
    Display_OutChar(char)                    0x00002529   Thumb Code   176  display.o(.text)
    Display_OutString(char*)                 0x000025d9   Thumb Code    22  display.o(.text)
    Display_SetTextColor(unsigned short)     0x000025ef   Thumb Code     6  display.o(.text)
    ferrorLCD(char*)                         0x000025f5   Thumb Code    54  display.o(.text)
    Output_Init()                            0x0000262b   Thumb Code    16  display.o(.text)
    Output_Clear()                           0x0000263b   Thumb Code    10  display.o(.text)
    Output_Off()                             0x00002645   Thumb Code     8  display.o(.text)
    Output_On()                              0x0000264d   Thumb Code     8  display.o(.text)
    Output_Color(unsigned)                   0x00002655   Thumb Code    12  display.o(.text)
    Inputs_Init()                            0x000026ad   Thumb Code   290  inputs.o(.text)
    getJoyXY(unsigned*)                      0x000027cf   Thumb Code    48  inputs.o(.text)
    getA()                                   0x000027ff   Thumb Code    12  inputs.o(.text)
    getB()                                   0x0000280b   Thumb Code    12  inputs.o(.text)
    getRB()                                  0x00002817   Thumb Code    12  inputs.o(.text)
    getLB()                                  0x00002823   Thumb Code    12  inputs.o(.text)
    __I$use$semihosting                      0x00002851   Thumb Code     0  use_no_semi.o(.text)
    __use_no_semihosting_swi                 0x00002851   Thumb Code     2  use_no_semi.o(.text)
    __use_no_semihosting                     0x00002853   Thumb Code     2  use_no_semi_2.o(.text)
    __use_two_region_memory                  0x00002855   Thumb Code     2  heapauxi.o(.text)
    __rt_heap_escrow                         0x00002857   Thumb Code     2  heapauxi.o(.text)
    __rt_heap_expand                         0x00002859   Thumb Code     2  heapauxi.o(.text)
    __cpp_initialize__aeabi_                 0x0000285d   Thumb Code    26  init_aeabi.o(.text)
    __rt_new_handler_addr                    0x00002881   Thumb Code     8  rt_new_handler_addr_intlibspace.o(.text)
    malloc                                   0x00002889   Thumb Code    94  h1_alloc.o(.text)
    __default_new_handler()                  0x000028e7   Thumb Code     4  arm_newhandler_noexceptions.o(.text)
    __user_libspace                          0x000028ed   Thumb Code     8  libspace.o(.text)
    __user_perproc_libspace                  0x000028ed   Thumb Code     0  libspace.o(.text)
    __user_perthread_libspace                0x000028ed   Thumb Code     0  libspace.o(.text)
    __rt_heap_descriptor                     0x000028f5   Thumb Code     8  rt_heap_descriptor_intlibspace.o(.text)
    __use_no_heap                            0x000028fd   Thumb Code     2  hguard.o(.text)
    __heap$guard                             0x000028ff   Thumb Code     2  hguard.o(.text)
    _terminate_user_alloc                    0x00002901   Thumb Code     2  init_alloc.o(.text)
    _init_user_alloc                         0x00002903   Thumb Code     2  init_alloc.o(.text)
    __Heap_Full                              0x00002905   Thumb Code    34  init_alloc.o(.text)
    __Heap_Broken                            0x00002927   Thumb Code     6  init_alloc.o(.text)
    _init_alloc                              0x0000292d   Thumb Code    94  init_alloc.o(.text)
    __Heap_Initialize                        0x0000298b   Thumb Code    10  h1_init.o(.text)
    __Heap_DescSize                          0x00002995   Thumb Code     4  h1_init.o(.text)
    free                                     0x00002999   Thumb Code    78  h1_free.o(.text)
    std::terminate()                         0x000029e7   Thumb Code    26  arm_exceptions_terminate.o(.text)
    __user_setup_stackheap                   0x00002a01   Thumb Code    74  sys_stackheap_outer.o(.text)
    __Heap_ProvideMemory                     0x00002a4b   Thumb Code    52  h1_extend.o(.text)
    exit                                     0x00002a7f   Thumb Code    18  exit.o(.text)
    abort                                    0x00002a91   Thumb Code    22  abort.o(.text)
    __rt_SIGRTMEM                            0x00002aa7   Thumb Code    14  defsig_rtmem_outer.o(.text)
    __cxa_get_globals                        0x00002abb   Thumb Code    62  arm_exceptions_globs.o(.text)
    __rt_eh_globals_addr                     0x00002b05   Thumb Code     8  rt_eh_globals_addr_intlibspace.o(.text)
    __sig_exit                               0x00002b0d   Thumb Code    10  defsig_exit.o(.text)
    __rt_SIGABRT                             0x00002b17   Thumb Code    14  defsig_abrt_outer.o(.text)
    __rt_SIGRTMEM_inner                      0x00002b25   Thumb Code    22  defsig_rtmem_inner.o(.text)
    __ARM_exceptions_buffer_init             0x00002b75   Thumb Code    18  arm_exceptions_mem.o(.text)
    __ARM_exceptions_buffer_allocate         0x00002b87   Thumb Code    22  arm_exceptions_mem.o(.text)
    __ARM_exceptions_buffer_free             0x00002b9d   Thumb Code    20  arm_exceptions_mem.o(.text)
    __default_signal_display                 0x00002bb1   Thumb Code    50  defsig_general.o(.text)
    __rt_SIGABRT_inner                       0x00002be5   Thumb Code    14  defsig_abrt_inner.o(.text)
    operator new(unsigned)                   0x00002c15   Thumb Code    34  new.o(i._Znwj)
    Region$$Table$$Base                      0x0000e81c   Number         0  anon$$obj.o(Region$$Table)
    Region$$Table$$Limit                     0x0000e83c   Number         0  anon$$obj.o(Region$$Table)
    SHT$$INIT_ARRAY$$Base                    0x0000e83c   Number         0  uart.o(.init_array)
    SHT$$INIT_ARRAY$$Limit                   0x0000e840   Number         0  init_aeabi.o(.init_array)
    biteSound                                0x20000000   Data           4  main.o(.data)
    PeriodicTask0                            0x20000004   Data           4  timer0.o(.data)
    StX                                      0x20000020   Data           4  display.o(.data)
    StY                                      0x20000024   Data           4  display.o(.data)
    StTextColor                              0x20000028   Data           2  display.o(.data)
    Messageindex                             0x20000860   Data           4  display.o(.data)
    Ymax                                     0x20000864   Data           4  display.o(.data)
    Ymin                                     0x20000868   Data           4  display.o(.data)
    X                                        0x2000086c   Data           4  display.o(.data)
    Yrange                                   0x20000870   Data           4  display.o(.data)
    lastj                                    0x20000874   Data           4  display.o(.data)
    sounds                                   0x20000878   Data          28  dac.o(.bss)
    RxFifo                                   0x20000894   Data          40  uart.o(.bss)
    Message                                  0x200008bc   Data          12  display.o(.bss)
    __libspace_start                         0x200008c8   Data          96  libspace.o(.bss)
    __temporary_stack_top$libspace           0x20000928   Data           0  libspace.o(.bss)



==============================================================================

Memory Map of the image

  Image Entry point : 0x00000285

  Load Region LR_IROM1 (Base: 0x00000000, Size: 0x0000f0b8, Max: 0x00040000, ABSOLUTE, COMPRESSED[0x0000e928])

    Execution Region ER_IROM1 (Exec base: 0x00000000, Load base: 0x00000000, Size: 0x0000e840, Max: 0x00040000, ABSOLUTE)

    Exec Addr    Load Addr    Size         Type   Attr      Idx    E Section Name        Object

    0x00000000   0x00000000   0x00000284   Code   RO            3    RESET               startup_tm4c123.o
    0x00000284   0x00000284   0x00000008   Code   RO          381  * !!!main             c_w.l(__main.o)
    0x0000028c   0x0000028c   0x00000034   Code   RO          855    !!!scatter          c_w.l(__scatter.o)
    0x000002c0   0x000002c0   0x0000005a   Code   RO          853    !!dczerorl2         c_w.l(__dczerorl2.o)
    0x0000031a   0x0000031a   0x00000002   PAD
    0x0000031c   0x0000031c   0x0000001c   Code   RO          857    !!handler_zi        c_w.l(__scatter_zi.o)
    0x00000338   0x00000338   0x00000002   Code   RO          738    .ARM.Collect$$libinit$$00000000  c_w.l(libinit.o)
    0x0000033a   0x0000033a   0x00000000   Code   RO          456    .ARM.Collect$$libinit$$00000002  c_w.l(libinit2.o)
    0x0000033a   0x0000033a   0x00000000   Code   RO          458    .ARM.Collect$$libinit$$00000004  c_w.l(libinit2.o)
    0x0000033a   0x0000033a   0x00000008   Code   RO          459    .ARM.Collect$$libinit$$00000005  c_w.l(libinit2.o)
    0x00000342   0x00000342   0x00000000   Code   RO          461    .ARM.Collect$$libinit$$0000000A  c_w.l(libinit2.o)
    0x00000342   0x00000342   0x00000000   Code   RO          463    .ARM.Collect$$libinit$$0000000C  c_w.l(libinit2.o)
    0x00000342   0x00000342   0x00000000   Code   RO          465    .ARM.Collect$$libinit$$0000000E  c_w.l(libinit2.o)
    0x00000342   0x00000342   0x00000000   Code   RO          468    .ARM.Collect$$libinit$$00000011  c_w.l(libinit2.o)
    0x00000342   0x00000342   0x00000000   Code   RO          470    .ARM.Collect$$libinit$$00000013  c_w.l(libinit2.o)
    0x00000342   0x00000342   0x00000000   Code   RO          472    .ARM.Collect$$libinit$$00000015  c_w.l(libinit2.o)
    0x00000342   0x00000342   0x00000000   Code   RO          474    .ARM.Collect$$libinit$$00000017  c_w.l(libinit2.o)
    0x00000342   0x00000342   0x00000000   Code   RO          476    .ARM.Collect$$libinit$$00000019  c_w.l(libinit2.o)
    0x00000342   0x00000342   0x00000000   Code   RO          478    .ARM.Collect$$libinit$$0000001B  c_w.l(libinit2.o)
    0x00000342   0x00000342   0x00000000   Code   RO          480    .ARM.Collect$$libinit$$0000001D  c_w.l(libinit2.o)
    0x00000342   0x00000342   0x00000000   Code   RO          482    .ARM.Collect$$libinit$$0000001F  c_w.l(libinit2.o)
    0x00000342   0x00000342   0x00000000   Code   RO          484    .ARM.Collect$$libinit$$00000021  c_w.l(libinit2.o)
    0x00000342   0x00000342   0x00000000   Code   RO          486    .ARM.Collect$$libinit$$00000023  c_w.l(libinit2.o)
    0x00000342   0x00000342   0x00000000   Code   RO          488    .ARM.Collect$$libinit$$00000025  c_w.l(libinit2.o)
    0x00000342   0x00000342   0x00000000   Code   RO          492    .ARM.Collect$$libinit$$0000002C  c_w.l(libinit2.o)
    0x00000342   0x00000342   0x00000000   Code   RO          494    .ARM.Collect$$libinit$$0000002E  c_w.l(libinit2.o)
    0x00000342   0x00000342   0x00000000   Code   RO          496    .ARM.Collect$$libinit$$00000030  c_w.l(libinit2.o)
    0x00000342   0x00000342   0x00000004   Code   RO          497    .ARM.Collect$$libinit$$00000031  c_w.l(libinit2.o)
    0x00000346   0x00000346   0x00000000   Code   RO          498    .ARM.Collect$$libinit$$00000032  c_w.l(libinit2.o)
    0x00000346   0x00000346   0x00000002   Code   RO          499    .ARM.Collect$$libinit$$00000033  c_w.l(libinit2.o)
    0x00000348   0x00000348   0x00000002   Code   RO          836    .ARM.Collect$$libshutdown$$00000000  c_w.l(libshutdown.o)
    0x0000034a   0x0000034a   0x00000000   Code   RO          815    .ARM.Collect$$libshutdown$$00000002  c_w.l(libshutdown2.o)
    0x0000034a   0x0000034a   0x00000000   Code   RO          817    .ARM.Collect$$libshutdown$$00000004  c_w.l(libshutdown2.o)
    0x0000034a   0x0000034a   0x00000000   Code   RO          819    .ARM.Collect$$libshutdown$$00000006  c_w.l(libshutdown2.o)
    0x0000034a   0x0000034a   0x00000000   Code   RO          822    .ARM.Collect$$libshutdown$$00000009  c_w.l(libshutdown2.o)
    0x0000034a   0x0000034a   0x00000000   Code   RO          825    .ARM.Collect$$libshutdown$$0000000C  c_w.l(libshutdown2.o)
    0x0000034a   0x0000034a   0x00000000   Code   RO          827    .ARM.Collect$$libshutdown$$0000000E  c_w.l(libshutdown2.o)
    0x0000034a   0x0000034a   0x00000000   Code   RO          830    .ARM.Collect$$libshutdown$$00000011  c_w.l(libshutdown2.o)
    0x0000034a   0x0000034a   0x00000002   Code   RO          831    .ARM.Collect$$libshutdown$$00000012  c_w.l(libshutdown2.o)
    0x0000034c   0x0000034c   0x00000000   Code   RO          393    .ARM.Collect$$rtentry$$00000000  c_w.l(__rtentry.o)
    0x0000034c   0x0000034c   0x00000000   Code   RO          525    .ARM.Collect$$rtentry$$00000002  c_w.l(__rtentry2.o)
    0x0000034c   0x0000034c   0x00000006   Code   RO          537    .ARM.Collect$$rtentry$$00000004  c_w.l(__rtentry4.o)
    0x00000352   0x00000352   0x00000000   Code   RO          527    .ARM.Collect$$rtentry$$00000009  c_w.l(__rtentry2.o)
    0x00000352   0x00000352   0x00000004   Code   RO          528    .ARM.Collect$$rtentry$$0000000A  c_w.l(__rtentry2.o)
    0x00000356   0x00000356   0x00000000   Code   RO          530    .ARM.Collect$$rtentry$$0000000C  c_w.l(__rtentry2.o)
    0x00000356   0x00000356   0x00000008   Code   RO          531    .ARM.Collect$$rtentry$$0000000D  c_w.l(__rtentry2.o)
    0x0000035e   0x0000035e   0x00000002   Code   RO          766    .ARM.Collect$$rtexit$$00000000  c_w.l(rtexit.o)
    0x00000360   0x00000360   0x00000000   Code   RO          798    .ARM.Collect$$rtexit$$00000002  c_w.l(rtexit2.o)
    0x00000360   0x00000360   0x00000004   Code   RO          799    .ARM.Collect$$rtexit$$00000003  c_w.l(rtexit2.o)
    0x00000364   0x00000364   0x00000006   Code   RO          800    .ARM.Collect$$rtexit$$00000004  c_w.l(rtexit2.o)
    0x0000036a   0x0000036a   0x00000002   PAD
    0x0000036c   0x0000036c   0x00000000   Code   RO          712    .emb_text           c_w.l(maybetermalloc1.o)
    0x0000036c   0x0000036c   0x00000034   Code   RO            4    .text               startup_tm4c123.o
    0x000003a0   0x000003a0   0x00000064   Code   RO           12    .text               main.o
    0x00000404   0x00000404   0x00000138   Code   RO           57    .text               dac.o
    0x0000053c   0x0000053c   0x0000007c   Code   RO           73    .text               pll.o
    0x000005b8   0x000005b8   0x00000080   Code   RO          123    .text               timer0.o
    0x00000638   0x00000638   0x0000005c   Code   RO          139    .text               uart.o
    0x00000694   0x00000694   0x0000001c   Code   RO          162    .text               fifo.o
    0x000006b0   0x000006b0   0x00000878   Code   RO          177    .text               diskio.o
    0x00000f28   0x00000f28   0x0000000c   Code   RO          228    .text               retarget.o
    0x00000f34   0x00000f34   0x00000380   Code   RO          263    .text               st7735sd.o
    0x000012b4   0x000012b4   0x000013f8   Code   RO          282    .text               display.o
    0x000026ac   0x000026ac   0x000001a4   Code   RO          360    .text               inputs.o
    0x00002850   0x00002850   0x00000002   Code   RO          375    .text               c_w.l(use_no_semi.o)
    0x00002852   0x00002852   0x00000002   Code   RO          377    .text               c_w.l(use_no_semi_2.o)
    0x00002854   0x00002854   0x00000006   Code   RO          379    .text               c_w.l(heapauxi.o)
    0x0000285a   0x0000285a   0x00000002   PAD
    0x0000285c   0x0000285c   0x00000024   Code   RO          386    .text               c_w.l(init_aeabi.o)
    0x00002880   0x00002880   0x00000008   Code   RO          397    .text               c_w.l(rt_new_handler_addr_intlibspace.o)
    0x00002888   0x00002888   0x0000005e   Code   RO          401    .text               c_w.l(h1_alloc.o)
    0x000028e6   0x000028e6   0x00000004   Code   RO          503    .text               cpprt_w.l(arm_newhandler_noexceptions.o)
    0x000028ea   0x000028ea   0x00000002   PAD
    0x000028ec   0x000028ec   0x00000008   Code   RO          519    .text               c_w.l(libspace.o)
    0x000028f4   0x000028f4   0x00000008   Code   RO          542    .text               c_w.l(rt_heap_descriptor_intlibspace.o)
    0x000028fc   0x000028fc   0x00000004   Code   RO          544    .text               c_w.l(hguard.o)
    0x00002900   0x00002900   0x0000008a   Code   RO          546    .text               c_w.l(init_alloc.o)
    0x0000298a   0x0000298a   0x0000000e   Code   RO          552    .text               c_w.l(h1_init.o)
    0x00002998   0x00002998   0x0000004e   Code   RO          554    .text               c_w.l(h1_free.o)
    0x000029e6   0x000029e6   0x0000001a   Code   RO          698    .text               cpprt_w.l(arm_exceptions_terminate.o)
    0x00002a00   0x00002a00   0x0000004a   Code   RO          708    .text               c_w.l(sys_stackheap_outer.o)
    0x00002a4a   0x00002a4a   0x00000034   Code   RO          714    .text               c_w.l(h1_extend.o)
    0x00002a7e   0x00002a7e   0x00000012   Code   RO          718    .text               c_w.l(exit.o)
    0x00002a90   0x00002a90   0x00000016   Code   RO          720    .text               c_w.l(abort.o)
    0x00002aa6   0x00002aa6   0x0000000e   Code   RO          722    .text               c_w.l(defsig_rtmem_outer.o)
    0x00002ab4   0x00002ab4   0x00000050   Code   RO          755    .text               cpprt_w.l(arm_exceptions_globs.o)
    0x00002b04   0x00002b04   0x00000008   Code   RO          773    .text               c_w.l(rt_eh_globals_addr_intlibspace.o)
    0x00002b0c   0x00002b0c   0x0000000a   Code   RO          779    .text               c_w.l(defsig_exit.o)
    0x00002b16   0x00002b16   0x0000000e   Code   RO          781    .text               c_w.l(defsig_abrt_outer.o)
    0x00002b24   0x00002b24   0x00000050   Code   RO          785    .text               c_w.l(defsig_rtmem_inner.o)
    0x00002b74   0x00002b74   0x0000003c   Code   RO          794    .text               cpprt_w.l(arm_exceptions_mem.o)
    0x00002bb0   0x00002bb0   0x00000032   Code   RO          810    .text               c_w.l(defsig_general.o)
    0x00002be2   0x00002be2   0x00000002   PAD
    0x00002be4   0x00002be4   0x00000030   Code   RO          812    .text               c_w.l(defsig_abrt_inner.o)
    0x00002c14   0x00002c14   0x00000028   Code   RO          389    i._Znwj             cpprt_w.l(new.o)
    0x00002c3c   0x00002c3c   0x0000a833   Data   RO           14    .constdata          main.o
    0x0000d46f   0x0000d46f   0x00000001   PAD
    0x0000d470   0x0000d470   0x000013ac   Data   RO          285    .constdata          display.o
    0x0000e81c   0x0000e81c   0x00000020   Data   RO          851    Region$$Table       anon$$obj.o
    0x0000e83c   0x0000e83c   0x00000004   Data   RO          142    .init_array         uart.o
    0x0000e840   0x0000e83c   0x00000000   Data   RO          384    .init_array         c_w.l(init_aeabi.o)


    Execution Region RW_IRAM1 (Exec base: 0x20000000, Load base: 0x0000e840, Size: 0x00001528, Max: 0x00008000, ABSOLUTE, COMPRESSED[0x000000e8])

    Exec Addr    Load Addr    Size         Type   Attr      Idx    E Section Name        Object

    0x20000000   COMPRESSED   0x00000004   Data   RW           15    .data               main.o
    0x20000004   COMPRESSED   0x00000004   Data   RW          125    .data               timer0.o
    0x20000008   COMPRESSED   0x0000000d   Data   RW          178    .data               diskio.o
    0x20000015   COMPRESSED   0x00000003   PAD
    0x20000018   COMPRESSED   0x00000860   Data   RW          286    .data               display.o
    0x20000878        -       0x0000001c   Zero   RW           59    .bss                dac.o
    0x20000894        -       0x00000028   Zero   RW          141    .bss                uart.o
    0x200008bc        -       0x0000000c   Zero   RW          284    .bss                display.o
    0x200008c8        -       0x00000060   Zero   RW          520    .bss                c_w.l(libspace.o)
    0x20000928        -       0x00000800   Zero   RW            2    HEAP                startup_tm4c123.o
    0x20001128        -       0x00000400   Zero   RW            1    STACK               startup_tm4c123.o


==============================================================================

Image component sizes


      Code (inc. data)   RO Data    RW Data    ZI Data      Debug   Object Name

       312         18          0          0         28       2378   dac.o
      2168         78          0         13          0      13615   diskio.o
      5112        216       5036       2144         12      19795   display.o
        28          0          0          0          0       1224   fifo.o
       420         34          0          0          0       1501   inputs.o
       100         12      43059          4          0       6419   main.o
       124          4          0          0          0       1691   pll.o
        12          0          0          0          0        597   retarget.o
       896         62          0          0          0       7293   st7735sd.o
       696        636          0          0       3072       1020   startup_tm4c123.o
       128         22          0          4          0       1385   timer0.o
        92          4          4          0         40       2249   uart.o

    ----------------------------------------------------------------------
     10088       1086      48132       2168       3152      59167   Object Totals
         0          0         32          0          0          0   (incl. Generated)
         0          0          1          3          0          0   (incl. Padding)

    ----------------------------------------------------------------------

      Code (inc. data)   RO Data    RW Data    ZI Data      Debug   Library Member Name

        90          0          0          0          0          0   __dczerorl2.o
         8          0          0          0          0         68   __main.o
         0          0          0          0          0          0   __rtentry.o
        12          0          0          0          0          0   __rtentry2.o
         6          0          0          0          0          0   __rtentry4.o
        52          8          0          0          0          0   __scatter.o
        28          0          0          0          0          0   __scatter_zi.o
        22          0          0          0          0         80   abort.o
        48         34          0          0          0         76   defsig_abrt_inner.o
        14          0          0          0          0         80   defsig_abrt_outer.o
        10          0          0          0          0         68   defsig_exit.o
        50          0          0          0          0         88   defsig_general.o
        80         58          0          0          0         76   defsig_rtmem_inner.o
        14          0          0          0          0         80   defsig_rtmem_outer.o
        18          0          0          0          0         80   exit.o
        94          0          0          0          0         80   h1_alloc.o
        52          0          0          0          0         68   h1_extend.o
        78          0          0          0          0         80   h1_free.o
        14          0          0          0          0         84   h1_init.o
         6          0          0          0          0        152   heapauxi.o
         4          0          0          0          0        136   hguard.o
        36         10          0          0          0         80   init_aeabi.o
       138          0          0          0          0        168   init_alloc.o
         2          0          0          0          0          0   libinit.o
        14          0          0          0          0          0   libinit2.o
         2          0          0          0          0          0   libshutdown.o
         2          0          0          0          0          0   libshutdown2.o
         8          4          0          0         96         68   libspace.o
         0          0          0          0          0          0   maybetermalloc1.o
         8          4          0          0          0         68   rt_eh_globals_addr_intlibspace.o
         8          4          0          0          0         68   rt_heap_descriptor_intlibspace.o
         8          4          0          0          0         68   rt_new_handler_addr_intlibspace.o
         2          0          0          0          0          0   rtexit.o
        10          0          0          0          0          0   rtexit2.o
        74          0          0          0          0         80   sys_stackheap_outer.o
         2          0          0          0          0         68   use_no_semi.o
         2          0          0          0          0         68   use_no_semi_2.o
        80         12          0          0          0        104   arm_exceptions_globs.o
        60          0          0          0          0        108   arm_exceptions_mem.o
        26          0          0          0          0         76   arm_exceptions_terminate.o
         4          0          0          0          0         68   arm_newhandler_noexceptions.o
        40          6          0          0          0         76   new.o

    ----------------------------------------------------------------------
      1236        144          0          0         96       2464   Library Totals
        10          0          0          0          0          0   (incl. Padding)

    ----------------------------------------------------------------------

      Code (inc. data)   RO Data    RW Data    ZI Data      Debug   Library Name

      1016        126          0          0         96       2032   c_w.l
       210         18          0          0          0        432   cpprt_w.l

    ----------------------------------------------------------------------
      1236        144          0          0         96       2464   Library Totals

    ----------------------------------------------------------------------

==============================================================================


      Code (inc. data)   RO Data    RW Data    ZI Data      Debug   

     11324       1230      48132       2168       3248      59027   Grand Totals
     11324       1230      48132        232       3248      59027   ELF Image Totals (compressed)
     11324       1230      48132        232          0          0   ROM Totals

==============================================================================

    Total RO  Size (Code + RO Data)                59456 (  58.06kB)
    Total RW  Size (RW Data + ZI Data)              5416 (   5.29kB)
    Total ROM Size (Code + RO Data + RW Data)      59688 (  58.29kB)

==============================================================================

