<!doctype html public "-//w3c//dtd html 4.0 transitional//en">
<html><head>
<title>Static Call Graph - [.\Lab10_C++.axf]</title></head>
<body><HR>
<H1>Static Call Graph for image .\Lab10_C++.axf</H1><HR>
<BR><P>#&#060CALLGRAPH&#062# ARM Linker, 5060960: Last Updated: Mon May 02 16:31:14 2022
<BR><P>
<H3>Maximum Stack Usage =        144 bytes + Unknown(Functions without stacksize, Cycles, Untraceable Function Pointers)</H3><H3>
Call chain for Maximum Stack Depth:</H3>
__rt_entry_main &rArr; main &rArr; Output_Init() &rArr; Display_InitR(initRFlags) &rArr; Display_FillScreen(unsigned short) &rArr; Display_FillRect(short, short, short, short, unsigned short) &rArr; setAddrWindow(unsigned char, unsigned char, unsigned char, unsigned char) &rArr; xchg_spi
<P>
<H3>
Functions with no stack information
</H3><UL>
 <LI><a href="#[10]">Reset_Handler</a>
 <LI><a href="#[a2]">DisableInterrupts</a>
 <LI><a href="#[a7]">EnableInterrupts</a>
 <LI><a href="#[13d]">StartCritical</a>
 <LI><a href="#[13e]">EndCritical</a>
 <LI><a href="#[13f]">WaitForInterrupt</a>
 <LI><a href="#[10b]">__user_initial_stackheap</a>
</UL>
</UL>
<P>
<H3>
Mutually Recursive functions
</H3> <LI><a href="#[11]">NMI_Handler</a>&nbsp;&nbsp;&nbsp;&rArr;&nbsp;&nbsp;&nbsp;<a href="#[11]">NMI_Handler</a><BR>
 <LI><a href="#[12]">HardFault_Handler</a>&nbsp;&nbsp;&nbsp;&rArr;&nbsp;&nbsp;&nbsp;<a href="#[12]">HardFault_Handler</a><BR>
 <LI><a href="#[13]">MemManage_Handler</a>&nbsp;&nbsp;&nbsp;&rArr;&nbsp;&nbsp;&nbsp;<a href="#[13]">MemManage_Handler</a><BR>
 <LI><a href="#[14]">BusFault_Handler</a>&nbsp;&nbsp;&nbsp;&rArr;&nbsp;&nbsp;&nbsp;<a href="#[14]">BusFault_Handler</a><BR>
 <LI><a href="#[15]">UsageFault_Handler</a>&nbsp;&nbsp;&nbsp;&rArr;&nbsp;&nbsp;&nbsp;<a href="#[15]">UsageFault_Handler</a><BR>
 <LI><a href="#[16]">SVC_Handler</a>&nbsp;&nbsp;&nbsp;&rArr;&nbsp;&nbsp;&nbsp;<a href="#[16]">SVC_Handler</a><BR>
 <LI><a href="#[17]">DebugMon_Handler</a>&nbsp;&nbsp;&nbsp;&rArr;&nbsp;&nbsp;&nbsp;<a href="#[17]">DebugMon_Handler</a><BR>
 <LI><a href="#[18]">PendSV_Handler</a>&nbsp;&nbsp;&nbsp;&rArr;&nbsp;&nbsp;&nbsp;<a href="#[18]">PendSV_Handler</a><BR>
 <LI><a href="#[19]">SysTick_Handler</a>&nbsp;&nbsp;&nbsp;&rArr;&nbsp;&nbsp;&nbsp;<a href="#[19]">SysTick_Handler</a><BR>
 <LI><a href="#[28]">ADC0Seq0_Handler</a>&nbsp;&nbsp;&nbsp;&rArr;&nbsp;&nbsp;&nbsp;<a href="#[28]">ADC0Seq0_Handler</a><BR>
</UL>
<P>
<H3>
Function Pointers
</H3><UL>
 <LI><a href="#[28]">ADC0Seq0_Handler</a> from startup_tm4c123.o(RESET) referenced from startup_tm4c123.o(RESET)
 <LI><a href="#[29]">ADC0Seq1_Handler</a> from startup_tm4c123.o(RESET) referenced from startup_tm4c123.o(RESET)
 <LI><a href="#[2a]">ADC0Seq2_Handler</a> from startup_tm4c123.o(RESET) referenced from startup_tm4c123.o(RESET)
 <LI><a href="#[2b]">ADC0Seq3_Handler</a> from startup_tm4c123.o(RESET) referenced from startup_tm4c123.o(RESET)
 <LI><a href="#[4a]">ADC1Seq0_Handler</a> from startup_tm4c123.o(RESET) referenced from startup_tm4c123.o(RESET)
 <LI><a href="#[4b]">ADC1Seq1_Handler</a> from startup_tm4c123.o(RESET) referenced from startup_tm4c123.o(RESET)
 <LI><a href="#[4c]">ADC1Seq2_Handler</a> from startup_tm4c123.o(RESET) referenced from startup_tm4c123.o(RESET)
 <LI><a href="#[4d]">ADC1Seq3_Handler</a> from startup_tm4c123.o(RESET) referenced from startup_tm4c123.o(RESET)
 <LI><a href="#[14]">BusFault_Handler</a> from startup_tm4c123.o(RESET) referenced from startup_tm4c123.o(RESET)
 <LI><a href="#[41]">CAN0_Handler</a> from startup_tm4c123.o(RESET) referenced from startup_tm4c123.o(RESET)
 <LI><a href="#[42]">CAN1_Handler</a> from startup_tm4c123.o(RESET) referenced from startup_tm4c123.o(RESET)
 <LI><a href="#[43]">CAN2_Handler</a> from startup_tm4c123.o(RESET) referenced from startup_tm4c123.o(RESET)
 <LI><a href="#[33]">Comp0_Handler</a> from startup_tm4c123.o(RESET) referenced from startup_tm4c123.o(RESET)
 <LI><a href="#[34]">Comp1_Handler</a> from startup_tm4c123.o(RESET) referenced from startup_tm4c123.o(RESET)
 <LI><a href="#[35]">Comp2_Handler</a> from startup_tm4c123.o(RESET) referenced from startup_tm4c123.o(RESET)
 <LI><a href="#[17]">DebugMon_Handler</a> from startup_tm4c123.o(RESET) referenced from startup_tm4c123.o(RESET)
 <LI><a href="#[44]">Ethernet_Handler</a> from startup_tm4c123.o(RESET) referenced from startup_tm4c123.o(RESET)
 <LI><a href="#[4f]">ExtBus_Handler</a> from startup_tm4c123.o(RESET) referenced from startup_tm4c123.o(RESET)
 <LI><a href="#[6c]">FPU_Handler</a> from startup_tm4c123.o(RESET) referenced from startup_tm4c123.o(RESET)
 <LI><a href="#[74]">Fan0_Handler</a> from startup_tm4c123.o(RESET) referenced from startup_tm4c123.o(RESET)
 <LI><a href="#[37]">FlashCtl_Handler</a> from startup_tm4c123.o(RESET) referenced from startup_tm4c123.o(RESET)
 <LI><a href="#[1a]">GPIOPortA_Handler</a> from startup_tm4c123.o(RESET) referenced from startup_tm4c123.o(RESET)
 <LI><a href="#[1b]">GPIOPortB_Handler</a> from startup_tm4c123.o(RESET) referenced from startup_tm4c123.o(RESET)
 <LI><a href="#[1c]">GPIOPortC_Handler</a> from startup_tm4c123.o(RESET) referenced from startup_tm4c123.o(RESET)
 <LI><a href="#[1d]">GPIOPortD_Handler</a> from startup_tm4c123.o(RESET) referenced from startup_tm4c123.o(RESET)
 <LI><a href="#[1e]">GPIOPortE_Handler</a> from startup_tm4c123.o(RESET) referenced from startup_tm4c123.o(RESET)
 <LI><a href="#[38]">GPIOPortF_Handler</a> from startup_tm4c123.o(RESET) referenced from startup_tm4c123.o(RESET)
 <LI><a href="#[39]">GPIOPortG_Handler</a> from startup_tm4c123.o(RESET) referenced from startup_tm4c123.o(RESET)
 <LI><a href="#[3a]">GPIOPortH_Handler</a> from startup_tm4c123.o(RESET) referenced from startup_tm4c123.o(RESET)
 <LI><a href="#[50]">GPIOPortJ_Handler</a> from startup_tm4c123.o(RESET) referenced from startup_tm4c123.o(RESET)
 <LI><a href="#[51]">GPIOPortK_Handler</a> from startup_tm4c123.o(RESET) referenced from startup_tm4c123.o(RESET)
 <LI><a href="#[52]">GPIOPortL_Handler</a> from startup_tm4c123.o(RESET) referenced from startup_tm4c123.o(RESET)
 <LI><a href="#[71]">GPIOPortM_Handler</a> from startup_tm4c123.o(RESET) referenced from startup_tm4c123.o(RESET)
 <LI><a href="#[72]">GPIOPortN_Handler</a> from startup_tm4c123.o(RESET) referenced from startup_tm4c123.o(RESET)
 <LI><a href="#[76]">GPIOPortP1_Handler</a> from startup_tm4c123.o(RESET) referenced from startup_tm4c123.o(RESET)
 <LI><a href="#[77]">GPIOPortP2_Handler</a> from startup_tm4c123.o(RESET) referenced from startup_tm4c123.o(RESET)
 <LI><a href="#[78]">GPIOPortP3_Handler</a> from startup_tm4c123.o(RESET) referenced from startup_tm4c123.o(RESET)
 <LI><a href="#[79]">GPIOPortP4_Handler</a> from startup_tm4c123.o(RESET) referenced from startup_tm4c123.o(RESET)
 <LI><a href="#[7a]">GPIOPortP5_Handler</a> from startup_tm4c123.o(RESET) referenced from startup_tm4c123.o(RESET)
 <LI><a href="#[7b]">GPIOPortP6_Handler</a> from startup_tm4c123.o(RESET) referenced from startup_tm4c123.o(RESET)
 <LI><a href="#[7c]">GPIOPortP7_Handler</a> from startup_tm4c123.o(RESET) referenced from startup_tm4c123.o(RESET)
 <LI><a href="#[75]">GPIOPortP_Handler</a> from startup_tm4c123.o(RESET) referenced from startup_tm4c123.o(RESET)
 <LI><a href="#[7e]">GPIOPortQ1_Handler</a> from startup_tm4c123.o(RESET) referenced from startup_tm4c123.o(RESET)
 <LI><a href="#[7f]">GPIOPortQ2_Handler</a> from startup_tm4c123.o(RESET) referenced from startup_tm4c123.o(RESET)
 <LI><a href="#[80]">GPIOPortQ3_Handler</a> from startup_tm4c123.o(RESET) referenced from startup_tm4c123.o(RESET)
 <LI><a href="#[81]">GPIOPortQ4_Handler</a> from startup_tm4c123.o(RESET) referenced from startup_tm4c123.o(RESET)
 <LI><a href="#[82]">GPIOPortQ5_Handler</a> from startup_tm4c123.o(RESET) referenced from startup_tm4c123.o(RESET)
 <LI><a href="#[83]">GPIOPortQ6_Handler</a> from startup_tm4c123.o(RESET) referenced from startup_tm4c123.o(RESET)
 <LI><a href="#[84]">GPIOPortQ7_Handler</a> from startup_tm4c123.o(RESET) referenced from startup_tm4c123.o(RESET)
 <LI><a href="#[7d]">GPIOPortQ_Handler</a> from startup_tm4c123.o(RESET) referenced from startup_tm4c123.o(RESET)
 <LI><a href="#[85]">GPIOPortR_Handler</a> from startup_tm4c123.o(RESET) referenced from startup_tm4c123.o(RESET)
 <LI><a href="#[86]">GPIOPortS_Handler</a> from startup_tm4c123.o(RESET) referenced from startup_tm4c123.o(RESET)
 <LI><a href="#[12]">HardFault_Handler</a> from startup_tm4c123.o(RESET) referenced from startup_tm4c123.o(RESET)
 <LI><a href="#[45]">Hibernate_Handler</a> from startup_tm4c123.o(RESET) referenced from startup_tm4c123.o(RESET)
 <LI><a href="#[22]">I2C0_Handler</a> from startup_tm4c123.o(RESET) referenced from startup_tm4c123.o(RESET)
 <LI><a href="#[3f]">I2C1_Handler</a> from startup_tm4c123.o(RESET) referenced from startup_tm4c123.o(RESET)
 <LI><a href="#[5a]">I2C2_Handler</a> from startup_tm4c123.o(RESET) referenced from startup_tm4c123.o(RESET)
 <LI><a href="#[5b]">I2C3_Handler</a> from startup_tm4c123.o(RESET) referenced from startup_tm4c123.o(RESET)
 <LI><a href="#[6f]">I2C4_Handler</a> from startup_tm4c123.o(RESET) referenced from startup_tm4c123.o(RESET)
 <LI><a href="#[70]">I2C5_Handler</a> from startup_tm4c123.o(RESET) referenced from startup_tm4c123.o(RESET)
 <LI><a href="#[4e]">I2S0_Handler</a> from startup_tm4c123.o(RESET) referenced from startup_tm4c123.o(RESET)
 <LI><a href="#[6e]">LPC0_Handler</a> from startup_tm4c123.o(RESET) referenced from startup_tm4c123.o(RESET)
 <LI><a href="#[13]">MemManage_Handler</a> from startup_tm4c123.o(RESET) referenced from startup_tm4c123.o(RESET)
 <LI><a href="#[11]">NMI_Handler</a> from startup_tm4c123.o(RESET) referenced from startup_tm4c123.o(RESET)
 <LI><a href="#[6d]">PECI0_Handler</a> from startup_tm4c123.o(RESET) referenced from startup_tm4c123.o(RESET)
 <LI><a href="#[23]">PWM0Fault_Handler</a> from startup_tm4c123.o(RESET) referenced from startup_tm4c123.o(RESET)
 <LI><a href="#[24]">PWM0Generator0_Handler</a> from startup_tm4c123.o(RESET) referenced from startup_tm4c123.o(RESET)
 <LI><a href="#[25]">PWM0Generator1_Handler</a> from startup_tm4c123.o(RESET) referenced from startup_tm4c123.o(RESET)
 <LI><a href="#[26]">PWM0Generator2_Handler</a> from startup_tm4c123.o(RESET) referenced from startup_tm4c123.o(RESET)
 <LI><a href="#[47]">PWM0Generator3_Handler</a> from startup_tm4c123.o(RESET) referenced from startup_tm4c123.o(RESET)
 <LI><a href="#[8b]">PWM1Fault_Handler</a> from startup_tm4c123.o(RESET) referenced from startup_tm4c123.o(RESET)
 <LI><a href="#[87]">PWM1Generator0_Handler</a> from startup_tm4c123.o(RESET) referenced from startup_tm4c123.o(RESET)
 <LI><a href="#[88]">PWM1Generator1_Handler</a> from startup_tm4c123.o(RESET) referenced from startup_tm4c123.o(RESET)
 <LI><a href="#[89]">PWM1Generator2_Handler</a> from startup_tm4c123.o(RESET) referenced from startup_tm4c123.o(RESET)
 <LI><a href="#[8a]">PWM1Generator3_Handler</a> from startup_tm4c123.o(RESET) referenced from startup_tm4c123.o(RESET)
 <LI><a href="#[18]">PendSV_Handler</a> from startup_tm4c123.o(RESET) referenced from startup_tm4c123.o(RESET)
 <LI><a href="#[27]">Quadrature0_Handler</a> from startup_tm4c123.o(RESET) referenced from startup_tm4c123.o(RESET)
 <LI><a href="#[40]">Quadrature1_Handler</a> from startup_tm4c123.o(RESET) referenced from startup_tm4c123.o(RESET)
 <LI><a href="#[73]">Quadrature2_Handler</a> from startup_tm4c123.o(RESET) referenced from startup_tm4c123.o(RESET)
 <LI><a href="#[10]">Reset_Handler</a> from startup_tm4c123.o(RESET) referenced from startup_tm4c123.o(RESET)
 <LI><a href="#[21]">SSI0_Handler</a> from startup_tm4c123.o(RESET) referenced from startup_tm4c123.o(RESET)
 <LI><a href="#[3c]">SSI1_Handler</a> from startup_tm4c123.o(RESET) referenced from startup_tm4c123.o(RESET)
 <LI><a href="#[53]">SSI2_Handler</a> from startup_tm4c123.o(RESET) referenced from startup_tm4c123.o(RESET)
 <LI><a href="#[54]">SSI3_Handler</a> from startup_tm4c123.o(RESET) referenced from startup_tm4c123.o(RESET)
 <LI><a href="#[16]">SVC_Handler</a> from startup_tm4c123.o(RESET) referenced from startup_tm4c123.o(RESET)
 <LI><a href="#[36]">SysCtl_Handler</a> from startup_tm4c123.o(RESET) referenced from startup_tm4c123.o(RESET)
 <LI><a href="#[19]">SysTick_Handler</a> from startup_tm4c123.o(RESET) referenced from startup_tm4c123.o(RESET)
 <LI><a href="#[2d]">Timer0A_Handler</a> from timer0.o(.text) referenced from startup_tm4c123.o(RESET)
 <LI><a href="#[2e]">Timer0B_Handler</a> from startup_tm4c123.o(RESET) referenced from startup_tm4c123.o(RESET)
 <LI><a href="#[2f]">Timer1A_Handler</a> from diskio.o(.text) referenced from startup_tm4c123.o(RESET)
 <LI><a href="#[30]">Timer1B_Handler</a> from startup_tm4c123.o(RESET) referenced from startup_tm4c123.o(RESET)
 <LI><a href="#[31]">Timer2A_Handler</a> from startup_tm4c123.o(RESET) referenced from startup_tm4c123.o(RESET)
 <LI><a href="#[32]">Timer2B_Handler</a> from startup_tm4c123.o(RESET) referenced from startup_tm4c123.o(RESET)
 <LI><a href="#[3d]">Timer3A_Handler</a> from startup_tm4c123.o(RESET) referenced from startup_tm4c123.o(RESET)
 <LI><a href="#[3e]">Timer3B_Handler</a> from startup_tm4c123.o(RESET) referenced from startup_tm4c123.o(RESET)
 <LI><a href="#[5c]">Timer4A_Handler</a> from startup_tm4c123.o(RESET) referenced from startup_tm4c123.o(RESET)
 <LI><a href="#[5d]">Timer4B_Handler</a> from startup_tm4c123.o(RESET) referenced from startup_tm4c123.o(RESET)
 <LI><a href="#[5e]">Timer5A_Handler</a> from startup_tm4c123.o(RESET) referenced from startup_tm4c123.o(RESET)
 <LI><a href="#[5f]">Timer5B_Handler</a> from startup_tm4c123.o(RESET) referenced from startup_tm4c123.o(RESET)
 <LI><a href="#[1f]">UART0_Handler</a> from startup_tm4c123.o(RESET) referenced from startup_tm4c123.o(RESET)
 <LI><a href="#[20]">UART1_Handler</a> from uart.o(.text) referenced from startup_tm4c123.o(RESET)
 <LI><a href="#[3b]">UART2_Handler</a> from startup_tm4c123.o(RESET) referenced from startup_tm4c123.o(RESET)
 <LI><a href="#[55]">UART3_Handler</a> from startup_tm4c123.o(RESET) referenced from startup_tm4c123.o(RESET)
 <LI><a href="#[56]">UART4_Handler</a> from startup_tm4c123.o(RESET) referenced from startup_tm4c123.o(RESET)
 <LI><a href="#[57]">UART5_Handler</a> from startup_tm4c123.o(RESET) referenced from startup_tm4c123.o(RESET)
 <LI><a href="#[58]">UART6_Handler</a> from startup_tm4c123.o(RESET) referenced from startup_tm4c123.o(RESET)
 <LI><a href="#[59]">UART7_Handler</a> from startup_tm4c123.o(RESET) referenced from startup_tm4c123.o(RESET)
 <LI><a href="#[46]">USB0_Handler</a> from startup_tm4c123.o(RESET) referenced from startup_tm4c123.o(RESET)
 <LI><a href="#[15]">UsageFault_Handler</a> from startup_tm4c123.o(RESET) referenced from startup_tm4c123.o(RESET)
 <LI><a href="#[2c]">WDT_Handler</a> from startup_tm4c123.o(RESET) referenced from startup_tm4c123.o(RESET)
 <LI><a href="#[60]">WideTimer0A_Handler</a> from startup_tm4c123.o(RESET) referenced from startup_tm4c123.o(RESET)
 <LI><a href="#[61]">WideTimer0B_Handler</a> from startup_tm4c123.o(RESET) referenced from startup_tm4c123.o(RESET)
 <LI><a href="#[62]">WideTimer1A_Handler</a> from startup_tm4c123.o(RESET) referenced from startup_tm4c123.o(RESET)
 <LI><a href="#[63]">WideTimer1B_Handler</a> from startup_tm4c123.o(RESET) referenced from startup_tm4c123.o(RESET)
 <LI><a href="#[64]">WideTimer2A_Handler</a> from startup_tm4c123.o(RESET) referenced from startup_tm4c123.o(RESET)
 <LI><a href="#[65]">WideTimer2B_Handler</a> from startup_tm4c123.o(RESET) referenced from startup_tm4c123.o(RESET)
 <LI><a href="#[66]">WideTimer3A_Handler</a> from startup_tm4c123.o(RESET) referenced from startup_tm4c123.o(RESET)
 <LI><a href="#[67]">WideTimer3B_Handler</a> from startup_tm4c123.o(RESET) referenced from startup_tm4c123.o(RESET)
 <LI><a href="#[68]">WideTimer4A_Handler</a> from startup_tm4c123.o(RESET) referenced from startup_tm4c123.o(RESET)
 <LI><a href="#[69]">WideTimer4B_Handler</a> from startup_tm4c123.o(RESET) referenced from startup_tm4c123.o(RESET)
 <LI><a href="#[6a]">WideTimer5A_Handler</a> from startup_tm4c123.o(RESET) referenced from startup_tm4c123.o(RESET)
 <LI><a href="#[6b]">WideTimer5B_Handler</a> from startup_tm4c123.o(RESET) referenced from startup_tm4c123.o(RESET)
 <LI><a href="#[ac]">playAllSounds()</a> from dac.o(.text) referenced from dac.o(.text)
 <LI><a href="#[8d]">__default_new_handler()</a> from arm_newhandler_noexceptions.o(.text) referenced from new.o(i._Znwj)
 <LI><a href="#[8c]">[local to arm_exceptions_c]::__default_terminate_handler()</a> from arm_exceptions_globs.o(.text) referenced from arm_exceptions_globs.o(.text)
 <LI><a href="#[8e]">__sti___8_UART_cpp_RxFifo</a> from uart.o(.text) referenced from uart.o(.init_array)
 <LI><a href="#[49]">uDMA_Error</a> from startup_tm4c123.o(RESET) referenced from startup_tm4c123.o(RESET)
 <LI><a href="#[48]">uDMA_Handler</a> from startup_tm4c123.o(RESET) referenced from startup_tm4c123.o(RESET)
</UL>
<P>
<H3>
Global Symbols
</H3>
<P><STRONG><a name="[10]"></a>Reset_Handler</STRONG> (Thumb, 0 bytes, Stack size unknown bytes, startup_tm4c123.o(RESET))
<BR><BR>[Calls]<UL><LI><a href="#[8f]">&gt;&gt;</a>&nbsp;&nbsp;&nbsp;__main
</UL>
<BR>[Address Reference Count : 1]<UL><LI> startup_tm4c123.o(RESET)
</UL>
<P><STRONG><a name="[11]"></a>NMI_Handler</STRONG> (Thumb, 2 bytes, Stack size 0 bytes, startup_tm4c123.o(RESET))
<BR><BR>[Calls]<UL><LI><a href="#[11]">&gt;&gt;</a>&nbsp;&nbsp;&nbsp;NMI_Handler
</UL>
<BR>[Called By]<UL><LI><a href="#[11]">&gt;&gt;</a>&nbsp;&nbsp;&nbsp;NMI_Handler
</UL>
<BR>[Address Reference Count : 1]<UL><LI> startup_tm4c123.o(RESET)
</UL>
<P><STRONG><a name="[12]"></a>HardFault_Handler</STRONG> (Thumb, 2 bytes, Stack size 0 bytes, startup_tm4c123.o(RESET))
<BR><BR>[Calls]<UL><LI><a href="#[12]">&gt;&gt;</a>&nbsp;&nbsp;&nbsp;HardFault_Handler
</UL>
<BR>[Called By]<UL><LI><a href="#[12]">&gt;&gt;</a>&nbsp;&nbsp;&nbsp;HardFault_Handler
</UL>
<BR>[Address Reference Count : 1]<UL><LI> startup_tm4c123.o(RESET)
</UL>
<P><STRONG><a name="[13]"></a>MemManage_Handler</STRONG> (Thumb, 2 bytes, Stack size 0 bytes, startup_tm4c123.o(RESET))
<BR><BR>[Calls]<UL><LI><a href="#[13]">&gt;&gt;</a>&nbsp;&nbsp;&nbsp;MemManage_Handler
</UL>
<BR>[Called By]<UL><LI><a href="#[13]">&gt;&gt;</a>&nbsp;&nbsp;&nbsp;MemManage_Handler
</UL>
<BR>[Address Reference Count : 1]<UL><LI> startup_tm4c123.o(RESET)
</UL>
<P><STRONG><a name="[14]"></a>BusFault_Handler</STRONG> (Thumb, 2 bytes, Stack size 0 bytes, startup_tm4c123.o(RESET))
<BR><BR>[Calls]<UL><LI><a href="#[14]">&gt;&gt;</a>&nbsp;&nbsp;&nbsp;BusFault_Handler
</UL>
<BR>[Called By]<UL><LI><a href="#[14]">&gt;&gt;</a>&nbsp;&nbsp;&nbsp;BusFault_Handler
</UL>
<BR>[Address Reference Count : 1]<UL><LI> startup_tm4c123.o(RESET)
</UL>
<P><STRONG><a name="[15]"></a>UsageFault_Handler</STRONG> (Thumb, 2 bytes, Stack size 0 bytes, startup_tm4c123.o(RESET))
<BR><BR>[Calls]<UL><LI><a href="#[15]">&gt;&gt;</a>&nbsp;&nbsp;&nbsp;UsageFault_Handler
</UL>
<BR>[Called By]<UL><LI><a href="#[15]">&gt;&gt;</a>&nbsp;&nbsp;&nbsp;UsageFault_Handler
</UL>
<BR>[Address Reference Count : 1]<UL><LI> startup_tm4c123.o(RESET)
</UL>
<P><STRONG><a name="[16]"></a>SVC_Handler</STRONG> (Thumb, 2 bytes, Stack size 0 bytes, startup_tm4c123.o(RESET))
<BR><BR>[Calls]<UL><LI><a href="#[16]">&gt;&gt;</a>&nbsp;&nbsp;&nbsp;SVC_Handler
</UL>
<BR>[Called By]<UL><LI><a href="#[16]">&gt;&gt;</a>&nbsp;&nbsp;&nbsp;SVC_Handler
</UL>
<BR>[Address Reference Count : 1]<UL><LI> startup_tm4c123.o(RESET)
</UL>
<P><STRONG><a name="[17]"></a>DebugMon_Handler</STRONG> (Thumb, 2 bytes, Stack size 0 bytes, startup_tm4c123.o(RESET))
<BR><BR>[Calls]<UL><LI><a href="#[17]">&gt;&gt;</a>&nbsp;&nbsp;&nbsp;DebugMon_Handler
</UL>
<BR>[Called By]<UL><LI><a href="#[17]">&gt;&gt;</a>&nbsp;&nbsp;&nbsp;DebugMon_Handler
</UL>
<BR>[Address Reference Count : 1]<UL><LI> startup_tm4c123.o(RESET)
</UL>
<P><STRONG><a name="[18]"></a>PendSV_Handler</STRONG> (Thumb, 2 bytes, Stack size 0 bytes, startup_tm4c123.o(RESET))
<BR><BR>[Calls]<UL><LI><a href="#[18]">&gt;&gt;</a>&nbsp;&nbsp;&nbsp;PendSV_Handler
</UL>
<BR>[Called By]<UL><LI><a href="#[18]">&gt;&gt;</a>&nbsp;&nbsp;&nbsp;PendSV_Handler
</UL>
<BR>[Address Reference Count : 1]<UL><LI> startup_tm4c123.o(RESET)
</UL>
<P><STRONG><a name="[19]"></a>SysTick_Handler</STRONG> (Thumb, 2 bytes, Stack size 0 bytes, startup_tm4c123.o(RESET))
<BR><BR>[Calls]<UL><LI><a href="#[19]">&gt;&gt;</a>&nbsp;&nbsp;&nbsp;SysTick_Handler
</UL>
<BR>[Called By]<UL><LI><a href="#[19]">&gt;&gt;</a>&nbsp;&nbsp;&nbsp;SysTick_Handler
</UL>
<BR>[Address Reference Count : 1]<UL><LI> startup_tm4c123.o(RESET)
</UL>
<P><STRONG><a name="[28]"></a>ADC0Seq0_Handler</STRONG> (Thumb, 0 bytes, Stack size 0 bytes, startup_tm4c123.o(RESET))
<BR><BR>[Calls]<UL><LI><a href="#[28]">&gt;&gt;</a>&nbsp;&nbsp;&nbsp;ADC0Seq0_Handler
</UL>
<BR>[Called By]<UL><LI><a href="#[28]">&gt;&gt;</a>&nbsp;&nbsp;&nbsp;ADC0Seq0_Handler
</UL>
<BR>[Address Reference Count : 1]<UL><LI> startup_tm4c123.o(RESET)
</UL>
<P><STRONG><a name="[29]"></a>ADC0Seq1_Handler</STRONG> (Thumb, 0 bytes, Stack size 0 bytes, startup_tm4c123.o(RESET))
<BR>[Address Reference Count : 1]<UL><LI> startup_tm4c123.o(RESET)
</UL>
<P><STRONG><a name="[2a]"></a>ADC0Seq2_Handler</STRONG> (Thumb, 0 bytes, Stack size 0 bytes, startup_tm4c123.o(RESET))
<BR>[Address Reference Count : 1]<UL><LI> startup_tm4c123.o(RESET)
</UL>
<P><STRONG><a name="[2b]"></a>ADC0Seq3_Handler</STRONG> (Thumb, 0 bytes, Stack size 0 bytes, startup_tm4c123.o(RESET))
<BR>[Address Reference Count : 1]<UL><LI> startup_tm4c123.o(RESET)
</UL>
<P><STRONG><a name="[4a]"></a>ADC1Seq0_Handler</STRONG> (Thumb, 0 bytes, Stack size 0 bytes, startup_tm4c123.o(RESET))
<BR>[Address Reference Count : 1]<UL><LI> startup_tm4c123.o(RESET)
</UL>
<P><STRONG><a name="[4b]"></a>ADC1Seq1_Handler</STRONG> (Thumb, 0 bytes, Stack size 0 bytes, startup_tm4c123.o(RESET))
<BR>[Address Reference Count : 1]<UL><LI> startup_tm4c123.o(RESET)
</UL>
<P><STRONG><a name="[4c]"></a>ADC1Seq2_Handler</STRONG> (Thumb, 0 bytes, Stack size 0 bytes, startup_tm4c123.o(RESET))
<BR>[Address Reference Count : 1]<UL><LI> startup_tm4c123.o(RESET)
</UL>
<P><STRONG><a name="[4d]"></a>ADC1Seq3_Handler</STRONG> (Thumb, 0 bytes, Stack size 0 bytes, startup_tm4c123.o(RESET))
<BR>[Address Reference Count : 1]<UL><LI> startup_tm4c123.o(RESET)
</UL>
<P><STRONG><a name="[41]"></a>CAN0_Handler</STRONG> (Thumb, 0 bytes, Stack size 0 bytes, startup_tm4c123.o(RESET))
<BR>[Address Reference Count : 1]<UL><LI> startup_tm4c123.o(RESET)
</UL>
<P><STRONG><a name="[42]"></a>CAN1_Handler</STRONG> (Thumb, 0 bytes, Stack size 0 bytes, startup_tm4c123.o(RESET))
<BR>[Address Reference Count : 1]<UL><LI> startup_tm4c123.o(RESET)
</UL>
<P><STRONG><a name="[43]"></a>CAN2_Handler</STRONG> (Thumb, 0 bytes, Stack size 0 bytes, startup_tm4c123.o(RESET))
<BR>[Address Reference Count : 1]<UL><LI> startup_tm4c123.o(RESET)
</UL>
<P><STRONG><a name="[33]"></a>Comp0_Handler</STRONG> (Thumb, 0 bytes, Stack size 0 bytes, startup_tm4c123.o(RESET))
<BR>[Address Reference Count : 1]<UL><LI> startup_tm4c123.o(RESET)
</UL>
<P><STRONG><a name="[34]"></a>Comp1_Handler</STRONG> (Thumb, 0 bytes, Stack size 0 bytes, startup_tm4c123.o(RESET))
<BR>[Address Reference Count : 1]<UL><LI> startup_tm4c123.o(RESET)
</UL>
<P><STRONG><a name="[35]"></a>Comp2_Handler</STRONG> (Thumb, 0 bytes, Stack size 0 bytes, startup_tm4c123.o(RESET))
<BR>[Address Reference Count : 1]<UL><LI> startup_tm4c123.o(RESET)
</UL>
<P><STRONG><a name="[44]"></a>Ethernet_Handler</STRONG> (Thumb, 0 bytes, Stack size 0 bytes, startup_tm4c123.o(RESET))
<BR>[Address Reference Count : 1]<UL><LI> startup_tm4c123.o(RESET)
</UL>
<P><STRONG><a name="[4f]"></a>ExtBus_Handler</STRONG> (Thumb, 0 bytes, Stack size 0 bytes, startup_tm4c123.o(RESET))
<BR>[Address Reference Count : 1]<UL><LI> startup_tm4c123.o(RESET)
</UL>
<P><STRONG><a name="[6c]"></a>FPU_Handler</STRONG> (Thumb, 0 bytes, Stack size 0 bytes, startup_tm4c123.o(RESET))
<BR>[Address Reference Count : 1]<UL><LI> startup_tm4c123.o(RESET)
</UL>
<P><STRONG><a name="[74]"></a>Fan0_Handler</STRONG> (Thumb, 0 bytes, Stack size 0 bytes, startup_tm4c123.o(RESET))
<BR>[Address Reference Count : 1]<UL><LI> startup_tm4c123.o(RESET)
</UL>
<P><STRONG><a name="[37]"></a>FlashCtl_Handler</STRONG> (Thumb, 0 bytes, Stack size 0 bytes, startup_tm4c123.o(RESET))
<BR>[Address Reference Count : 1]<UL><LI> startup_tm4c123.o(RESET)
</UL>
<P><STRONG><a name="[1a]"></a>GPIOPortA_Handler</STRONG> (Thumb, 0 bytes, Stack size 0 bytes, startup_tm4c123.o(RESET))
<BR>[Address Reference Count : 1]<UL><LI> startup_tm4c123.o(RESET)
</UL>
<P><STRONG><a name="[1b]"></a>GPIOPortB_Handler</STRONG> (Thumb, 0 bytes, Stack size 0 bytes, startup_tm4c123.o(RESET))
<BR>[Address Reference Count : 1]<UL><LI> startup_tm4c123.o(RESET)
</UL>
<P><STRONG><a name="[1c]"></a>GPIOPortC_Handler</STRONG> (Thumb, 0 bytes, Stack size 0 bytes, startup_tm4c123.o(RESET))
<BR>[Address Reference Count : 1]<UL><LI> startup_tm4c123.o(RESET)
</UL>
<P><STRONG><a name="[1d]"></a>GPIOPortD_Handler</STRONG> (Thumb, 0 bytes, Stack size 0 bytes, startup_tm4c123.o(RESET))
<BR>[Address Reference Count : 1]<UL><LI> startup_tm4c123.o(RESET)
</UL>
<P><STRONG><a name="[1e]"></a>GPIOPortE_Handler</STRONG> (Thumb, 0 bytes, Stack size 0 bytes, startup_tm4c123.o(RESET))
<BR>[Address Reference Count : 1]<UL><LI> startup_tm4c123.o(RESET)
</UL>
<P><STRONG><a name="[38]"></a>GPIOPortF_Handler</STRONG> (Thumb, 0 bytes, Stack size 0 bytes, startup_tm4c123.o(RESET))
<BR>[Address Reference Count : 1]<UL><LI> startup_tm4c123.o(RESET)
</UL>
<P><STRONG><a name="[39]"></a>GPIOPortG_Handler</STRONG> (Thumb, 0 bytes, Stack size 0 bytes, startup_tm4c123.o(RESET))
<BR>[Address Reference Count : 1]<UL><LI> startup_tm4c123.o(RESET)
</UL>
<P><STRONG><a name="[3a]"></a>GPIOPortH_Handler</STRONG> (Thumb, 0 bytes, Stack size 0 bytes, startup_tm4c123.o(RESET))
<BR>[Address Reference Count : 1]<UL><LI> startup_tm4c123.o(RESET)
</UL>
<P><STRONG><a name="[50]"></a>GPIOPortJ_Handler</STRONG> (Thumb, 0 bytes, Stack size 0 bytes, startup_tm4c123.o(RESET))
<BR>[Address Reference Count : 1]<UL><LI> startup_tm4c123.o(RESET)
</UL>
<P><STRONG><a name="[51]"></a>GPIOPortK_Handler</STRONG> (Thumb, 0 bytes, Stack size 0 bytes, startup_tm4c123.o(RESET))
<BR>[Address Reference Count : 1]<UL><LI> startup_tm4c123.o(RESET)
</UL>
<P><STRONG><a name="[52]"></a>GPIOPortL_Handler</STRONG> (Thumb, 0 bytes, Stack size 0 bytes, startup_tm4c123.o(RESET))
<BR>[Address Reference Count : 1]<UL><LI> startup_tm4c123.o(RESET)
</UL>
<P><STRONG><a name="[71]"></a>GPIOPortM_Handler</STRONG> (Thumb, 0 bytes, Stack size 0 bytes, startup_tm4c123.o(RESET))
<BR>[Address Reference Count : 1]<UL><LI> startup_tm4c123.o(RESET)
</UL>
<P><STRONG><a name="[72]"></a>GPIOPortN_Handler</STRONG> (Thumb, 0 bytes, Stack size 0 bytes, startup_tm4c123.o(RESET))
<BR>[Address Reference Count : 1]<UL><LI> startup_tm4c123.o(RESET)
</UL>
<P><STRONG><a name="[76]"></a>GPIOPortP1_Handler</STRONG> (Thumb, 0 bytes, Stack size 0 bytes, startup_tm4c123.o(RESET))
<BR>[Address Reference Count : 1]<UL><LI> startup_tm4c123.o(RESET)
</UL>
<P><STRONG><a name="[77]"></a>GPIOPortP2_Handler</STRONG> (Thumb, 0 bytes, Stack size 0 bytes, startup_tm4c123.o(RESET))
<BR>[Address Reference Count : 1]<UL><LI> startup_tm4c123.o(RESET)
</UL>
<P><STRONG><a name="[78]"></a>GPIOPortP3_Handler</STRONG> (Thumb, 0 bytes, Stack size 0 bytes, startup_tm4c123.o(RESET))
<BR>[Address Reference Count : 1]<UL><LI> startup_tm4c123.o(RESET)
</UL>
<P><STRONG><a name="[79]"></a>GPIOPortP4_Handler</STRONG> (Thumb, 0 bytes, Stack size 0 bytes, startup_tm4c123.o(RESET))
<BR>[Address Reference Count : 1]<UL><LI> startup_tm4c123.o(RESET)
</UL>
<P><STRONG><a name="[7a]"></a>GPIOPortP5_Handler</STRONG> (Thumb, 0 bytes, Stack size 0 bytes, startup_tm4c123.o(RESET))
<BR>[Address Reference Count : 1]<UL><LI> startup_tm4c123.o(RESET)
</UL>
<P><STRONG><a name="[7b]"></a>GPIOPortP6_Handler</STRONG> (Thumb, 0 bytes, Stack size 0 bytes, startup_tm4c123.o(RESET))
<BR>[Address Reference Count : 1]<UL><LI> startup_tm4c123.o(RESET)
</UL>
<P><STRONG><a name="[7c]"></a>GPIOPortP7_Handler</STRONG> (Thumb, 0 bytes, Stack size 0 bytes, startup_tm4c123.o(RESET))
<BR>[Address Reference Count : 1]<UL><LI> startup_tm4c123.o(RESET)
</UL>
<P><STRONG><a name="[75]"></a>GPIOPortP_Handler</STRONG> (Thumb, 0 bytes, Stack size 0 bytes, startup_tm4c123.o(RESET))
<BR>[Address Reference Count : 1]<UL><LI> startup_tm4c123.o(RESET)
</UL>
<P><STRONG><a name="[7e]"></a>GPIOPortQ1_Handler</STRONG> (Thumb, 0 bytes, Stack size 0 bytes, startup_tm4c123.o(RESET))
<BR>[Address Reference Count : 1]<UL><LI> startup_tm4c123.o(RESET)
</UL>
<P><STRONG><a name="[7f]"></a>GPIOPortQ2_Handler</STRONG> (Thumb, 0 bytes, Stack size 0 bytes, startup_tm4c123.o(RESET))
<BR>[Address Reference Count : 1]<UL><LI> startup_tm4c123.o(RESET)
</UL>
<P><STRONG><a name="[80]"></a>GPIOPortQ3_Handler</STRONG> (Thumb, 0 bytes, Stack size 0 bytes, startup_tm4c123.o(RESET))
<BR>[Address Reference Count : 1]<UL><LI> startup_tm4c123.o(RESET)
</UL>
<P><STRONG><a name="[81]"></a>GPIOPortQ4_Handler</STRONG> (Thumb, 0 bytes, Stack size 0 bytes, startup_tm4c123.o(RESET))
<BR>[Address Reference Count : 1]<UL><LI> startup_tm4c123.o(RESET)
</UL>
<P><STRONG><a name="[82]"></a>GPIOPortQ5_Handler</STRONG> (Thumb, 0 bytes, Stack size 0 bytes, startup_tm4c123.o(RESET))
<BR>[Address Reference Count : 1]<UL><LI> startup_tm4c123.o(RESET)
</UL>
<P><STRONG><a name="[83]"></a>GPIOPortQ6_Handler</STRONG> (Thumb, 0 bytes, Stack size 0 bytes, startup_tm4c123.o(RESET))
<BR>[Address Reference Count : 1]<UL><LI> startup_tm4c123.o(RESET)
</UL>
<P><STRONG><a name="[84]"></a>GPIOPortQ7_Handler</STRONG> (Thumb, 0 bytes, Stack size 0 bytes, startup_tm4c123.o(RESET))
<BR>[Address Reference Count : 1]<UL><LI> startup_tm4c123.o(RESET)
</UL>
<P><STRONG><a name="[7d]"></a>GPIOPortQ_Handler</STRONG> (Thumb, 0 bytes, Stack size 0 bytes, startup_tm4c123.o(RESET))
<BR>[Address Reference Count : 1]<UL><LI> startup_tm4c123.o(RESET)
</UL>
<P><STRONG><a name="[85]"></a>GPIOPortR_Handler</STRONG> (Thumb, 0 bytes, Stack size 0 bytes, startup_tm4c123.o(RESET))
<BR>[Address Reference Count : 1]<UL><LI> startup_tm4c123.o(RESET)
</UL>
<P><STRONG><a name="[86]"></a>GPIOPortS_Handler</STRONG> (Thumb, 0 bytes, Stack size 0 bytes, startup_tm4c123.o(RESET))
<BR>[Address Reference Count : 1]<UL><LI> startup_tm4c123.o(RESET)
</UL>
<P><STRONG><a name="[45]"></a>Hibernate_Handler</STRONG> (Thumb, 0 bytes, Stack size 0 bytes, startup_tm4c123.o(RESET))
<BR>[Address Reference Count : 1]<UL><LI> startup_tm4c123.o(RESET)
</UL>
<P><STRONG><a name="[22]"></a>I2C0_Handler</STRONG> (Thumb, 0 bytes, Stack size 0 bytes, startup_tm4c123.o(RESET))
<BR>[Address Reference Count : 1]<UL><LI> startup_tm4c123.o(RESET)
</UL>
<P><STRONG><a name="[3f]"></a>I2C1_Handler</STRONG> (Thumb, 0 bytes, Stack size 0 bytes, startup_tm4c123.o(RESET))
<BR>[Address Reference Count : 1]<UL><LI> startup_tm4c123.o(RESET)
</UL>
<P><STRONG><a name="[5a]"></a>I2C2_Handler</STRONG> (Thumb, 0 bytes, Stack size 0 bytes, startup_tm4c123.o(RESET))
<BR>[Address Reference Count : 1]<UL><LI> startup_tm4c123.o(RESET)
</UL>
<P><STRONG><a name="[5b]"></a>I2C3_Handler</STRONG> (Thumb, 0 bytes, Stack size 0 bytes, startup_tm4c123.o(RESET))
<BR>[Address Reference Count : 1]<UL><LI> startup_tm4c123.o(RESET)
</UL>
<P><STRONG><a name="[6f]"></a>I2C4_Handler</STRONG> (Thumb, 0 bytes, Stack size 0 bytes, startup_tm4c123.o(RESET))
<BR>[Address Reference Count : 1]<UL><LI> startup_tm4c123.o(RESET)
</UL>
<P><STRONG><a name="[70]"></a>I2C5_Handler</STRONG> (Thumb, 0 bytes, Stack size 0 bytes, startup_tm4c123.o(RESET))
<BR>[Address Reference Count : 1]<UL><LI> startup_tm4c123.o(RESET)
</UL>
<P><STRONG><a name="[4e]"></a>I2S0_Handler</STRONG> (Thumb, 0 bytes, Stack size 0 bytes, startup_tm4c123.o(RESET))
<BR>[Address Reference Count : 1]<UL><LI> startup_tm4c123.o(RESET)
</UL>
<P><STRONG><a name="[6e]"></a>LPC0_Handler</STRONG> (Thumb, 0 bytes, Stack size 0 bytes, startup_tm4c123.o(RESET))
<BR>[Address Reference Count : 1]<UL><LI> startup_tm4c123.o(RESET)
</UL>
<P><STRONG><a name="[6d]"></a>PECI0_Handler</STRONG> (Thumb, 0 bytes, Stack size 0 bytes, startup_tm4c123.o(RESET))
<BR>[Address Reference Count : 1]<UL><LI> startup_tm4c123.o(RESET)
</UL>
<P><STRONG><a name="[23]"></a>PWM0Fault_Handler</STRONG> (Thumb, 0 bytes, Stack size 0 bytes, startup_tm4c123.o(RESET))
<BR>[Address Reference Count : 1]<UL><LI> startup_tm4c123.o(RESET)
</UL>
<P><STRONG><a name="[24]"></a>PWM0Generator0_Handler</STRONG> (Thumb, 0 bytes, Stack size 0 bytes, startup_tm4c123.o(RESET))
<BR>[Address Reference Count : 1]<UL><LI> startup_tm4c123.o(RESET)
</UL>
<P><STRONG><a name="[25]"></a>PWM0Generator1_Handler</STRONG> (Thumb, 0 bytes, Stack size 0 bytes, startup_tm4c123.o(RESET))
<BR>[Address Reference Count : 1]<UL><LI> startup_tm4c123.o(RESET)
</UL>
<P><STRONG><a name="[26]"></a>PWM0Generator2_Handler</STRONG> (Thumb, 0 bytes, Stack size 0 bytes, startup_tm4c123.o(RESET))
<BR>[Address Reference Count : 1]<UL><LI> startup_tm4c123.o(RESET)
</UL>
<P><STRONG><a name="[47]"></a>PWM0Generator3_Handler</STRONG> (Thumb, 0 bytes, Stack size 0 bytes, startup_tm4c123.o(RESET))
<BR>[Address Reference Count : 1]<UL><LI> startup_tm4c123.o(RESET)
</UL>
<P><STRONG><a name="[8b]"></a>PWM1Fault_Handler</STRONG> (Thumb, 0 bytes, Stack size 0 bytes, startup_tm4c123.o(RESET))
<BR>[Address Reference Count : 1]<UL><LI> startup_tm4c123.o(RESET)
</UL>
<P><STRONG><a name="[87]"></a>PWM1Generator0_Handler</STRONG> (Thumb, 0 bytes, Stack size 0 bytes, startup_tm4c123.o(RESET))
<BR>[Address Reference Count : 1]<UL><LI> startup_tm4c123.o(RESET)
</UL>
<P><STRONG><a name="[88]"></a>PWM1Generator1_Handler</STRONG> (Thumb, 0 bytes, Stack size 0 bytes, startup_tm4c123.o(RESET))
<BR>[Address Reference Count : 1]<UL><LI> startup_tm4c123.o(RESET)
</UL>
<P><STRONG><a name="[89]"></a>PWM1Generator2_Handler</STRONG> (Thumb, 0 bytes, Stack size 0 bytes, startup_tm4c123.o(RESET))
<BR>[Address Reference Count : 1]<UL><LI> startup_tm4c123.o(RESET)
</UL>
<P><STRONG><a name="[8a]"></a>PWM1Generator3_Handler</STRONG> (Thumb, 0 bytes, Stack size 0 bytes, startup_tm4c123.o(RESET))
<BR>[Address Reference Count : 1]<UL><LI> startup_tm4c123.o(RESET)
</UL>
<P><STRONG><a name="[27]"></a>Quadrature0_Handler</STRONG> (Thumb, 0 bytes, Stack size 0 bytes, startup_tm4c123.o(RESET))
<BR>[Address Reference Count : 1]<UL><LI> startup_tm4c123.o(RESET)
</UL>
<P><STRONG><a name="[40]"></a>Quadrature1_Handler</STRONG> (Thumb, 0 bytes, Stack size 0 bytes, startup_tm4c123.o(RESET))
<BR>[Address Reference Count : 1]<UL><LI> startup_tm4c123.o(RESET)
</UL>
<P><STRONG><a name="[73]"></a>Quadrature2_Handler</STRONG> (Thumb, 0 bytes, Stack size 0 bytes, startup_tm4c123.o(RESET))
<BR>[Address Reference Count : 1]<UL><LI> startup_tm4c123.o(RESET)
</UL>
<P><STRONG><a name="[21]"></a>SSI0_Handler</STRONG> (Thumb, 0 bytes, Stack size 0 bytes, startup_tm4c123.o(RESET))
<BR>[Address Reference Count : 1]<UL><LI> startup_tm4c123.o(RESET)
</UL>
<P><STRONG><a name="[3c]"></a>SSI1_Handler</STRONG> (Thumb, 0 bytes, Stack size 0 bytes, startup_tm4c123.o(RESET))
<BR>[Address Reference Count : 1]<UL><LI> startup_tm4c123.o(RESET)
</UL>
<P><STRONG><a name="[53]"></a>SSI2_Handler</STRONG> (Thumb, 0 bytes, Stack size 0 bytes, startup_tm4c123.o(RESET))
<BR>[Address Reference Count : 1]<UL><LI> startup_tm4c123.o(RESET)
</UL>
<P><STRONG><a name="[54]"></a>SSI3_Handler</STRONG> (Thumb, 0 bytes, Stack size 0 bytes, startup_tm4c123.o(RESET))
<BR>[Address Reference Count : 1]<UL><LI> startup_tm4c123.o(RESET)
</UL>
<P><STRONG><a name="[36]"></a>SysCtl_Handler</STRONG> (Thumb, 0 bytes, Stack size 0 bytes, startup_tm4c123.o(RESET))
<BR>[Address Reference Count : 1]<UL><LI> startup_tm4c123.o(RESET)
</UL>
<P><STRONG><a name="[2e]"></a>Timer0B_Handler</STRONG> (Thumb, 0 bytes, Stack size 0 bytes, startup_tm4c123.o(RESET))
<BR>[Address Reference Count : 1]<UL><LI> startup_tm4c123.o(RESET)
</UL>
<P><STRONG><a name="[30]"></a>Timer1B_Handler</STRONG> (Thumb, 0 bytes, Stack size 0 bytes, startup_tm4c123.o(RESET))
<BR>[Address Reference Count : 1]<UL><LI> startup_tm4c123.o(RESET)
</UL>
<P><STRONG><a name="[31]"></a>Timer2A_Handler</STRONG> (Thumb, 0 bytes, Stack size 0 bytes, startup_tm4c123.o(RESET))
<BR>[Address Reference Count : 1]<UL><LI> startup_tm4c123.o(RESET)
</UL>
<P><STRONG><a name="[32]"></a>Timer2B_Handler</STRONG> (Thumb, 0 bytes, Stack size 0 bytes, startup_tm4c123.o(RESET))
<BR>[Address Reference Count : 1]<UL><LI> startup_tm4c123.o(RESET)
</UL>
<P><STRONG><a name="[3d]"></a>Timer3A_Handler</STRONG> (Thumb, 0 bytes, Stack size 0 bytes, startup_tm4c123.o(RESET))
<BR>[Address Reference Count : 1]<UL><LI> startup_tm4c123.o(RESET)
</UL>
<P><STRONG><a name="[3e]"></a>Timer3B_Handler</STRONG> (Thumb, 0 bytes, Stack size 0 bytes, startup_tm4c123.o(RESET))
<BR>[Address Reference Count : 1]<UL><LI> startup_tm4c123.o(RESET)
</UL>
<P><STRONG><a name="[5c]"></a>Timer4A_Handler</STRONG> (Thumb, 0 bytes, Stack size 0 bytes, startup_tm4c123.o(RESET))
<BR>[Address Reference Count : 1]<UL><LI> startup_tm4c123.o(RESET)
</UL>
<P><STRONG><a name="[5d]"></a>Timer4B_Handler</STRONG> (Thumb, 0 bytes, Stack size 0 bytes, startup_tm4c123.o(RESET))
<BR>[Address Reference Count : 1]<UL><LI> startup_tm4c123.o(RESET)
</UL>
<P><STRONG><a name="[5e]"></a>Timer5A_Handler</STRONG> (Thumb, 0 bytes, Stack size 0 bytes, startup_tm4c123.o(RESET))
<BR>[Address Reference Count : 1]<UL><LI> startup_tm4c123.o(RESET)
</UL>
<P><STRONG><a name="[5f]"></a>Timer5B_Handler</STRONG> (Thumb, 0 bytes, Stack size 0 bytes, startup_tm4c123.o(RESET))
<BR>[Address Reference Count : 1]<UL><LI> startup_tm4c123.o(RESET)
</UL>
<P><STRONG><a name="[1f]"></a>UART0_Handler</STRONG> (Thumb, 0 bytes, Stack size 0 bytes, startup_tm4c123.o(RESET))
<BR>[Address Reference Count : 1]<UL><LI> startup_tm4c123.o(RESET)
</UL>
<P><STRONG><a name="[3b]"></a>UART2_Handler</STRONG> (Thumb, 0 bytes, Stack size 0 bytes, startup_tm4c123.o(RESET))
<BR>[Address Reference Count : 1]<UL><LI> startup_tm4c123.o(RESET)
</UL>
<P><STRONG><a name="[55]"></a>UART3_Handler</STRONG> (Thumb, 0 bytes, Stack size 0 bytes, startup_tm4c123.o(RESET))
<BR>[Address Reference Count : 1]<UL><LI> startup_tm4c123.o(RESET)
</UL>
<P><STRONG><a name="[56]"></a>UART4_Handler</STRONG> (Thumb, 0 bytes, Stack size 0 bytes, startup_tm4c123.o(RESET))
<BR>[Address Reference Count : 1]<UL><LI> startup_tm4c123.o(RESET)
</UL>
<P><STRONG><a name="[57]"></a>UART5_Handler</STRONG> (Thumb, 0 bytes, Stack size 0 bytes, startup_tm4c123.o(RESET))
<BR>[Address Reference Count : 1]<UL><LI> startup_tm4c123.o(RESET)
</UL>
<P><STRONG><a name="[58]"></a>UART6_Handler</STRONG> (Thumb, 0 bytes, Stack size 0 bytes, startup_tm4c123.o(RESET))
<BR>[Address Reference Count : 1]<UL><LI> startup_tm4c123.o(RESET)
</UL>
<P><STRONG><a name="[59]"></a>UART7_Handler</STRONG> (Thumb, 0 bytes, Stack size 0 bytes, startup_tm4c123.o(RESET))
<BR>[Address Reference Count : 1]<UL><LI> startup_tm4c123.o(RESET)
</UL>
<P><STRONG><a name="[46]"></a>USB0_Handler</STRONG> (Thumb, 0 bytes, Stack size 0 bytes, startup_tm4c123.o(RESET))
<BR>[Address Reference Count : 1]<UL><LI> startup_tm4c123.o(RESET)
</UL>
<P><STRONG><a name="[2c]"></a>WDT_Handler</STRONG> (Thumb, 0 bytes, Stack size 0 bytes, startup_tm4c123.o(RESET))
<BR>[Address Reference Count : 1]<UL><LI> startup_tm4c123.o(RESET)
</UL>
<P><STRONG><a name="[60]"></a>WideTimer0A_Handler</STRONG> (Thumb, 0 bytes, Stack size 0 bytes, startup_tm4c123.o(RESET))
<BR>[Address Reference Count : 1]<UL><LI> startup_tm4c123.o(RESET)
</UL>
<P><STRONG><a name="[61]"></a>WideTimer0B_Handler</STRONG> (Thumb, 0 bytes, Stack size 0 bytes, startup_tm4c123.o(RESET))
<BR>[Address Reference Count : 1]<UL><LI> startup_tm4c123.o(RESET)
</UL>
<P><STRONG><a name="[62]"></a>WideTimer1A_Handler</STRONG> (Thumb, 0 bytes, Stack size 0 bytes, startup_tm4c123.o(RESET))
<BR>[Address Reference Count : 1]<UL><LI> startup_tm4c123.o(RESET)
</UL>
<P><STRONG><a name="[63]"></a>WideTimer1B_Handler</STRONG> (Thumb, 0 bytes, Stack size 0 bytes, startup_tm4c123.o(RESET))
<BR>[Address Reference Count : 1]<UL><LI> startup_tm4c123.o(RESET)
</UL>
<P><STRONG><a name="[64]"></a>WideTimer2A_Handler</STRONG> (Thumb, 0 bytes, Stack size 0 bytes, startup_tm4c123.o(RESET))
<BR>[Address Reference Count : 1]<UL><LI> startup_tm4c123.o(RESET)
</UL>
<P><STRONG><a name="[65]"></a>WideTimer2B_Handler</STRONG> (Thumb, 0 bytes, Stack size 0 bytes, startup_tm4c123.o(RESET))
<BR>[Address Reference Count : 1]<UL><LI> startup_tm4c123.o(RESET)
</UL>
<P><STRONG><a name="[66]"></a>WideTimer3A_Handler</STRONG> (Thumb, 0 bytes, Stack size 0 bytes, startup_tm4c123.o(RESET))
<BR>[Address Reference Count : 1]<UL><LI> startup_tm4c123.o(RESET)
</UL>
<P><STRONG><a name="[67]"></a>WideTimer3B_Handler</STRONG> (Thumb, 0 bytes, Stack size 0 bytes, startup_tm4c123.o(RESET))
<BR>[Address Reference Count : 1]<UL><LI> startup_tm4c123.o(RESET)
</UL>
<P><STRONG><a name="[68]"></a>WideTimer4A_Handler</STRONG> (Thumb, 0 bytes, Stack size 0 bytes, startup_tm4c123.o(RESET))
<BR>[Address Reference Count : 1]<UL><LI> startup_tm4c123.o(RESET)
</UL>
<P><STRONG><a name="[69]"></a>WideTimer4B_Handler</STRONG> (Thumb, 0 bytes, Stack size 0 bytes, startup_tm4c123.o(RESET))
<BR>[Address Reference Count : 1]<UL><LI> startup_tm4c123.o(RESET)
</UL>
<P><STRONG><a name="[6a]"></a>WideTimer5A_Handler</STRONG> (Thumb, 0 bytes, Stack size 0 bytes, startup_tm4c123.o(RESET))
<BR>[Address Reference Count : 1]<UL><LI> startup_tm4c123.o(RESET)
</UL>
<P><STRONG><a name="[6b]"></a>WideTimer5B_Handler</STRONG> (Thumb, 0 bytes, Stack size 0 bytes, startup_tm4c123.o(RESET))
<BR>[Address Reference Count : 1]<UL><LI> startup_tm4c123.o(RESET)
</UL>
<P><STRONG><a name="[49]"></a>uDMA_Error</STRONG> (Thumb, 0 bytes, Stack size 0 bytes, startup_tm4c123.o(RESET))
<BR>[Address Reference Count : 1]<UL><LI> startup_tm4c123.o(RESET)
</UL>
<P><STRONG><a name="[48]"></a>uDMA_Handler</STRONG> (Thumb, 0 bytes, Stack size 0 bytes, startup_tm4c123.o(RESET))
<BR>[Address Reference Count : 1]<UL><LI> startup_tm4c123.o(RESET)
</UL>
<P><STRONG><a name="[8f]"></a>__main</STRONG> (Thumb, 8 bytes, Stack size 0 bytes, __main.o(!!!main))
<BR><BR>[Calls]<UL><LI><a href="#[92]">&gt;&gt;</a>&nbsp;&nbsp;&nbsp;__rt_entry
<LI><a href="#[91]">&gt;&gt;</a>&nbsp;&nbsp;&nbsp;__scatterload
</UL>
<BR>[Called By]<UL><LI><a href="#[10]">&gt;&gt;</a>&nbsp;&nbsp;&nbsp;Reset_Handler
</UL>

<P><STRONG><a name="[91]"></a>__scatterload</STRONG> (Thumb, 0 bytes, Stack size unknown bytes, __scatter.o(!!!scatter))
<BR><BR>[Called By]<UL><LI><a href="#[8f]">&gt;&gt;</a>&nbsp;&nbsp;&nbsp;__main
</UL>

<P><STRONG><a name="[93]"></a>__scatterload_rt2</STRONG> (Thumb, 44 bytes, Stack size unknown bytes, __scatter.o(!!!scatter), UNUSED)
<BR><BR>[Calls]<UL><LI><a href="#[92]">&gt;&gt;</a>&nbsp;&nbsp;&nbsp;__rt_entry
</UL>

<P><STRONG><a name="[116]"></a>__scatterload_rt2_thumb_only</STRONG> (Thumb, 0 bytes, Stack size unknown bytes, __scatter.o(!!!scatter), UNUSED)

<P><STRONG><a name="[117]"></a>__scatterload_null</STRONG> (Thumb, 0 bytes, Stack size unknown bytes, __scatter.o(!!!scatter), UNUSED)

<P><STRONG><a name="[118]"></a>__decompress</STRONG> (Thumb, 90 bytes, Stack size unknown bytes, __dczerorl2.o(!!dczerorl2), UNUSED)

<P><STRONG><a name="[119]"></a>__decompress1</STRONG> (Thumb, 0 bytes, Stack size unknown bytes, __dczerorl2.o(!!dczerorl2), UNUSED)

<P><STRONG><a name="[11a]"></a>__scatterload_zeroinit</STRONG> (Thumb, 28 bytes, Stack size unknown bytes, __scatter_zi.o(!!handler_zi), UNUSED)

<P><STRONG><a name="[9a]"></a>__rt_lib_init</STRONG> (Thumb, 0 bytes, Stack size unknown bytes, libinit.o(.ARM.Collect$$libinit$$00000000))
<BR><BR>[Called By]<UL><LI><a href="#[99]">&gt;&gt;</a>&nbsp;&nbsp;&nbsp;__rt_entry_li
</UL>

<P><STRONG><a name="[11b]"></a>__rt_lib_init_fp_1</STRONG> (Thumb, 0 bytes, Stack size unknown bytes, libinit2.o(.ARM.Collect$$libinit$$00000002))

<P><STRONG><a name="[94]"></a>__rt_lib_init_heap_2</STRONG> (Thumb, 0 bytes, Stack size unknown bytes, libinit2.o(.ARM.Collect$$libinit$$00000005))
<BR><BR>[Stack]<UL><LI>Max Depth = 56 + Unknown Stack Size
<LI>Call Chain = __rt_lib_init_heap_2 &rArr; _init_alloc &rArr; __rt_SIGRTMEM &rArr; __rt_SIGRTMEM_inner &rArr; __default_signal_display
</UL>
<BR>[Calls]<UL><LI><a href="#[95]">&gt;&gt;</a>&nbsp;&nbsp;&nbsp;_init_alloc
</UL>

<P><STRONG><a name="[11c]"></a>__rt_lib_init_preinit_1</STRONG> (Thumb, 0 bytes, Stack size unknown bytes, libinit2.o(.ARM.Collect$$libinit$$00000004))

<P><STRONG><a name="[11d]"></a>__rt_lib_init_alloca_1</STRONG> (Thumb, 0 bytes, Stack size unknown bytes, libinit2.o(.ARM.Collect$$libinit$$0000002E))

<P><STRONG><a name="[11e]"></a>__rt_lib_init_argv_1</STRONG> (Thumb, 0 bytes, Stack size unknown bytes, libinit2.o(.ARM.Collect$$libinit$$0000002C))

<P><STRONG><a name="[11f]"></a>__rt_lib_init_atexit_1</STRONG> (Thumb, 0 bytes, Stack size unknown bytes, libinit2.o(.ARM.Collect$$libinit$$0000001B))

<P><STRONG><a name="[120]"></a>__rt_lib_init_clock_1</STRONG> (Thumb, 0 bytes, Stack size unknown bytes, libinit2.o(.ARM.Collect$$libinit$$00000021))

<P><STRONG><a name="[96]"></a>__rt_lib_init_cpp_2</STRONG> (Thumb, 0 bytes, Stack size unknown bytes, libinit2.o(.ARM.Collect$$libinit$$00000031))
<BR><BR>[Stack]<UL><LI>Max Depth = 16 + Unknown Stack Size
<LI>Call Chain = __rt_lib_init_cpp_2 &rArr; __cpp_initialize__aeabi_
</UL>
<BR>[Calls]<UL><LI><a href="#[90]">&gt;&gt;</a>&nbsp;&nbsp;&nbsp;__cpp_initialize__aeabi_
</UL>

<P><STRONG><a name="[121]"></a>__rt_lib_init_exceptions_1</STRONG> (Thumb, 0 bytes, Stack size unknown bytes, libinit2.o(.ARM.Collect$$libinit$$00000030))

<P><STRONG><a name="[122]"></a>__rt_lib_init_fp_trap_1</STRONG> (Thumb, 0 bytes, Stack size unknown bytes, libinit2.o(.ARM.Collect$$libinit$$0000001F))

<P><STRONG><a name="[123]"></a>__rt_lib_init_getenv_1</STRONG> (Thumb, 0 bytes, Stack size unknown bytes, libinit2.o(.ARM.Collect$$libinit$$00000023))

<P><STRONG><a name="[124]"></a>__rt_lib_init_heap_1</STRONG> (Thumb, 0 bytes, Stack size unknown bytes, libinit2.o(.ARM.Collect$$libinit$$0000000A))

<P><STRONG><a name="[125]"></a>__rt_lib_init_lc_collate_1</STRONG> (Thumb, 0 bytes, Stack size unknown bytes, libinit2.o(.ARM.Collect$$libinit$$00000011))

<P><STRONG><a name="[126]"></a>__rt_lib_init_lc_ctype_1</STRONG> (Thumb, 0 bytes, Stack size unknown bytes, libinit2.o(.ARM.Collect$$libinit$$00000013))

<P><STRONG><a name="[127]"></a>__rt_lib_init_lc_monetary_1</STRONG> (Thumb, 0 bytes, Stack size unknown bytes, libinit2.o(.ARM.Collect$$libinit$$00000015))

<P><STRONG><a name="[128]"></a>__rt_lib_init_lc_numeric_1</STRONG> (Thumb, 0 bytes, Stack size unknown bytes, libinit2.o(.ARM.Collect$$libinit$$00000017))

<P><STRONG><a name="[129]"></a>__rt_lib_init_lc_time_1</STRONG> (Thumb, 0 bytes, Stack size unknown bytes, libinit2.o(.ARM.Collect$$libinit$$00000019))

<P><STRONG><a name="[12a]"></a>__rt_lib_init_rand_1</STRONG> (Thumb, 0 bytes, Stack size unknown bytes, libinit2.o(.ARM.Collect$$libinit$$0000000E))

<P><STRONG><a name="[12b]"></a>__rt_lib_init_signal_1</STRONG> (Thumb, 0 bytes, Stack size unknown bytes, libinit2.o(.ARM.Collect$$libinit$$0000001D))

<P><STRONG><a name="[12c]"></a>__rt_lib_init_stdio_1</STRONG> (Thumb, 0 bytes, Stack size unknown bytes, libinit2.o(.ARM.Collect$$libinit$$00000025))

<P><STRONG><a name="[12d]"></a>__rt_lib_init_user_alloc_1</STRONG> (Thumb, 0 bytes, Stack size unknown bytes, libinit2.o(.ARM.Collect$$libinit$$0000000C))

<P><STRONG><a name="[12e]"></a>__rt_lib_init_cpp_1</STRONG> (Thumb, 0 bytes, Stack size unknown bytes, libinit2.o(.ARM.Collect$$libinit$$00000032))

<P><STRONG><a name="[12f]"></a>__rt_lib_init_return</STRONG> (Thumb, 0 bytes, Stack size unknown bytes, libinit2.o(.ARM.Collect$$libinit$$00000033))

<P><STRONG><a name="[9f]"></a>__rt_lib_shutdown</STRONG> (Thumb, 0 bytes, Stack size unknown bytes, libshutdown.o(.ARM.Collect$$libshutdown$$00000000))
<BR><BR>[Called By]<UL><LI><a href="#[9e]">&gt;&gt;</a>&nbsp;&nbsp;&nbsp;__rt_exit_ls
<LI><a href="#[109]">&gt;&gt;</a>&nbsp;&nbsp;&nbsp;abort
</UL>

<P><STRONG><a name="[130]"></a>__rt_lib_shutdown_cpp_1</STRONG> (Thumb, 0 bytes, Stack size unknown bytes, libshutdown2.o(.ARM.Collect$$libshutdown$$00000004))

<P><STRONG><a name="[131]"></a>__rt_lib_shutdown_fini_1</STRONG> (Thumb, 0 bytes, Stack size unknown bytes, libshutdown2.o(.ARM.Collect$$libshutdown$$00000002))

<P><STRONG><a name="[132]"></a>__rt_lib_shutdown_fp_trap_1</STRONG> (Thumb, 0 bytes, Stack size unknown bytes, libshutdown2.o(.ARM.Collect$$libshutdown$$00000009))

<P><STRONG><a name="[133]"></a>__rt_lib_shutdown_heap_1</STRONG> (Thumb, 0 bytes, Stack size unknown bytes, libshutdown2.o(.ARM.Collect$$libshutdown$$00000011))

<P><STRONG><a name="[134]"></a>__rt_lib_shutdown_return</STRONG> (Thumb, 0 bytes, Stack size unknown bytes, libshutdown2.o(.ARM.Collect$$libshutdown$$00000012))

<P><STRONG><a name="[135]"></a>__rt_lib_shutdown_signal_1</STRONG> (Thumb, 0 bytes, Stack size unknown bytes, libshutdown2.o(.ARM.Collect$$libshutdown$$0000000C))

<P><STRONG><a name="[136]"></a>__rt_lib_shutdown_stdio_1</STRONG> (Thumb, 0 bytes, Stack size unknown bytes, libshutdown2.o(.ARM.Collect$$libshutdown$$00000006))

<P><STRONG><a name="[137]"></a>__rt_lib_shutdown_user_alloc_1</STRONG> (Thumb, 0 bytes, Stack size unknown bytes, libshutdown2.o(.ARM.Collect$$libshutdown$$0000000E))

<P><STRONG><a name="[92]"></a>__rt_entry</STRONG> (Thumb, 0 bytes, Stack size unknown bytes, __rtentry.o(.ARM.Collect$$rtentry$$00000000))
<BR><BR>[Called By]<UL><LI><a href="#[8f]">&gt;&gt;</a>&nbsp;&nbsp;&nbsp;__main
<LI><a href="#[93]">&gt;&gt;</a>&nbsp;&nbsp;&nbsp;__scatterload_rt2
</UL>

<P><STRONG><a name="[138]"></a>__rt_entry_presh_1</STRONG> (Thumb, 0 bytes, Stack size unknown bytes, __rtentry2.o(.ARM.Collect$$rtentry$$00000002))

<P><STRONG><a name="[97]"></a>__rt_entry_sh</STRONG> (Thumb, 0 bytes, Stack size unknown bytes, __rtentry4.o(.ARM.Collect$$rtentry$$00000004))
<BR><BR>[Stack]<UL><LI>Max Depth = 8 + Unknown Stack Size
<LI>Call Chain = __rt_entry_sh &rArr; __user_setup_stackheap
</UL>
<BR>[Calls]<UL><LI><a href="#[98]">&gt;&gt;</a>&nbsp;&nbsp;&nbsp;__user_setup_stackheap
</UL>

<P><STRONG><a name="[99]"></a>__rt_entry_li</STRONG> (Thumb, 0 bytes, Stack size unknown bytes, __rtentry2.o(.ARM.Collect$$rtentry$$0000000A))
<BR><BR>[Calls]<UL><LI><a href="#[9a]">&gt;&gt;</a>&nbsp;&nbsp;&nbsp;__rt_lib_init
</UL>

<P><STRONG><a name="[139]"></a>__rt_entry_postsh_1</STRONG> (Thumb, 0 bytes, Stack size unknown bytes, __rtentry2.o(.ARM.Collect$$rtentry$$00000009))

<P><STRONG><a name="[9b]"></a>__rt_entry_main</STRONG> (Thumb, 0 bytes, Stack size unknown bytes, __rtentry2.o(.ARM.Collect$$rtentry$$0000000D))
<BR><BR>[Stack]<UL><LI>Max Depth = 144 + Unknown Stack Size
<LI>Call Chain = __rt_entry_main &rArr; main &rArr; Output_Init() &rArr; Display_InitR(initRFlags) &rArr; Display_FillScreen(unsigned short) &rArr; Display_FillRect(short, short, short, short, unsigned short) &rArr; setAddrWindow(unsigned char, unsigned char, unsigned char, unsigned char) &rArr; xchg_spi
</UL>
<BR>[Calls]<UL><LI><a href="#[9c]">&gt;&gt;</a>&nbsp;&nbsp;&nbsp;main
<LI><a href="#[9d]">&gt;&gt;</a>&nbsp;&nbsp;&nbsp;exit
</UL>

<P><STRONG><a name="[13a]"></a>__rt_entry_postli_1</STRONG> (Thumb, 0 bytes, Stack size unknown bytes, __rtentry2.o(.ARM.Collect$$rtentry$$0000000C))

<P><STRONG><a name="[10c]"></a>__rt_exit</STRONG> (Thumb, 0 bytes, Stack size unknown bytes, rtexit.o(.ARM.Collect$$rtexit$$00000000))
<BR><BR>[Called By]<UL><LI><a href="#[9d]">&gt;&gt;</a>&nbsp;&nbsp;&nbsp;exit
</UL>

<P><STRONG><a name="[9e]"></a>__rt_exit_ls</STRONG> (Thumb, 0 bytes, Stack size unknown bytes, rtexit2.o(.ARM.Collect$$rtexit$$00000003))
<BR><BR>[Calls]<UL><LI><a href="#[9f]">&gt;&gt;</a>&nbsp;&nbsp;&nbsp;__rt_lib_shutdown
</UL>

<P><STRONG><a name="[13b]"></a>__rt_exit_prels_1</STRONG> (Thumb, 0 bytes, Stack size unknown bytes, rtexit2.o(.ARM.Collect$$rtexit$$00000002))

<P><STRONG><a name="[a0]"></a>__rt_exit_exit</STRONG> (Thumb, 0 bytes, Stack size unknown bytes, rtexit2.o(.ARM.Collect$$rtexit$$00000004))
<BR><BR>[Calls]<UL><LI><a href="#[a1]">&gt;&gt;</a>&nbsp;&nbsp;&nbsp;_sys_exit
</UL>

<P><STRONG><a name="[a2]"></a>DisableInterrupts</STRONG> (Thumb, 0 bytes, Stack size unknown bytes, startup_tm4c123.o(.text))
<BR><BR>[Called By]<UL><LI><a href="#[bf]">&gt;&gt;</a>&nbsp;&nbsp;&nbsp;xchg_spi
<LI><a href="#[9c]">&gt;&gt;</a>&nbsp;&nbsp;&nbsp;main
</UL>

<P><STRONG><a name="[13c]"></a>_maybe_terminate_alloc</STRONG> (Thumb, 0 bytes, Stack size unknown bytes, maybetermalloc1.o(.emb_text), UNUSED)

<P><STRONG><a name="[a7]"></a>EnableInterrupts</STRONG> (Thumb, 0 bytes, Stack size unknown bytes, startup_tm4c123.o(.text))
<BR><BR>[Called By]<UL><LI><a href="#[bf]">&gt;&gt;</a>&nbsp;&nbsp;&nbsp;xchg_spi
<LI><a href="#[9c]">&gt;&gt;</a>&nbsp;&nbsp;&nbsp;main
</UL>

<P><STRONG><a name="[13d]"></a>StartCritical</STRONG> (Thumb, 0 bytes, Stack size unknown bytes, startup_tm4c123.o(.text), UNUSED)

<P><STRONG><a name="[13e]"></a>EndCritical</STRONG> (Thumb, 0 bytes, Stack size unknown bytes, startup_tm4c123.o(.text), UNUSED)

<P><STRONG><a name="[13f]"></a>WaitForInterrupt</STRONG> (Thumb, 0 bytes, Stack size unknown bytes, startup_tm4c123.o(.text), UNUSED)

<P><STRONG><a name="[10b]"></a>__user_initial_stackheap</STRONG> (Thumb, 0 bytes, Stack size unknown bytes, startup_tm4c123.o(.text))
<BR><BR>[Called By]<UL><LI><a href="#[98]">&gt;&gt;</a>&nbsp;&nbsp;&nbsp;__user_setup_stackheap
</UL>

<P><STRONG><a name="[9c]"></a>main</STRONG> (Thumb, 86 bytes, Stack size 8 bytes, main.o(.text))
<BR><BR>[Stack]<UL><LI>Max Depth = 144 + Unknown Stack Size
<LI>Call Chain = main &rArr; Output_Init() &rArr; Display_InitR(initRFlags) &rArr; Display_FillScreen(unsigned short) &rArr; Display_FillRect(short, short, short, short, unsigned short) &rArr; setAddrWindow(unsigned char, unsigned char, unsigned char, unsigned char) &rArr; xchg_spi
</UL>
<BR>[Calls]<UL><LI><a href="#[a9]">&gt;&gt;</a>&nbsp;&nbsp;&nbsp;operator new(unsigned)
<LI><a href="#[aa]">&gt;&gt;</a>&nbsp;&nbsp;&nbsp;Sound::Sound(const unsigned char*, unsigned short)
<LI><a href="#[ab]">&gt;&gt;</a>&nbsp;&nbsp;&nbsp;Sound::play()
<LI><a href="#[a3]">&gt;&gt;</a>&nbsp;&nbsp;&nbsp;PLL_Init(unsigned)
<LI><a href="#[a6]">&gt;&gt;</a>&nbsp;&nbsp;&nbsp;DAC_Init()
<LI><a href="#[a8]">&gt;&gt;</a>&nbsp;&nbsp;&nbsp;Display_DrawBitmap(short, short, const unsigned short*, short, short)
<LI><a href="#[a4]">&gt;&gt;</a>&nbsp;&nbsp;&nbsp;Output_Init()
<LI><a href="#[a5]">&gt;&gt;</a>&nbsp;&nbsp;&nbsp;Inputs_Init()
<LI><a href="#[a7]">&gt;&gt;</a>&nbsp;&nbsp;&nbsp;EnableInterrupts
<LI><a href="#[a2]">&gt;&gt;</a>&nbsp;&nbsp;&nbsp;DisableInterrupts
</UL>
<BR>[Called By]<UL><LI><a href="#[9b]">&gt;&gt;</a>&nbsp;&nbsp;&nbsp;__rt_entry_main
</UL>

<P><STRONG><a name="[140]"></a>Systick_Handler()</STRONG> (Thumb, 2 bytes, Stack size 0 bytes, main.o(.text), UNUSED)

<P><STRONG><a name="[af]"></a>DAC_Out(unsigned)</STRONG> (Thumb, 8 bytes, Stack size 0 bytes, dac.o(.text))
<BR><BR>[Called By]<UL><LI><a href="#[ac]">&gt;&gt;</a>&nbsp;&nbsp;&nbsp;playAllSounds()
</UL>

<P><STRONG><a name="[ae]"></a>Sound::increment()</STRONG> (Thumb, 34 bytes, Stack size 0 bytes, dac.o(.text))
<BR><BR>[Called By]<UL><LI><a href="#[ac]">&gt;&gt;</a>&nbsp;&nbsp;&nbsp;playAllSounds()
</UL>

<P><STRONG><a name="[ad]"></a>Sound::getSample()</STRONG> (Thumb, 10 bytes, Stack size 0 bytes, dac.o(.text))
<BR><BR>[Called By]<UL><LI><a href="#[ac]">&gt;&gt;</a>&nbsp;&nbsp;&nbsp;playAllSounds()
</UL>

<P><STRONG><a name="[ac]"></a>playAllSounds()</STRONG> (Thumb, 58 bytes, Stack size 16 bytes, dac.o(.text))
<BR><BR>[Stack]<UL><LI>Max Depth = 16<LI>Call Chain = playAllSounds()
</UL>
<BR>[Calls]<UL><LI><a href="#[ad]">&gt;&gt;</a>&nbsp;&nbsp;&nbsp;Sound::getSample()
<LI><a href="#[ae]">&gt;&gt;</a>&nbsp;&nbsp;&nbsp;Sound::increment()
<LI><a href="#[af]">&gt;&gt;</a>&nbsp;&nbsp;&nbsp;DAC_Out(unsigned)
</UL>
<BR>[Address Reference Count : 1]<UL><LI> dac.o(.text)
</UL>
<P><STRONG><a name="[a6]"></a>DAC_Init()</STRONG> (Thumb, 108 bytes, Stack size 8 bytes, dac.o(.text))
<BR><BR>[Stack]<UL><LI>Max Depth = 8<LI>Call Chain = DAC_Init()
</UL>
<BR>[Calls]<UL><LI><a href="#[b0]">&gt;&gt;</a>&nbsp;&nbsp;&nbsp;Timer0_Init(void(*)(), unsigned)
</UL>
<BR>[Called By]<UL><LI><a href="#[9c]">&gt;&gt;</a>&nbsp;&nbsp;&nbsp;main
</UL>

<P><STRONG><a name="[aa]"></a>Sound::Sound(const unsigned char*, unsigned short)</STRONG> (Thumb, 14 bytes, Stack size 0 bytes, dac.o(.text))
<BR><BR>[Called By]<UL><LI><a href="#[9c]">&gt;&gt;</a>&nbsp;&nbsp;&nbsp;main
</UL>

<P><STRONG><a name="[141]"></a>Sound::Sound__sub_object(const unsigned char*, unsigned short)</STRONG> (Thumb, 0 bytes, Stack size 0 bytes, dac.o(.text), UNUSED)

<P><STRONG><a name="[142]"></a>Sound::Sound()</STRONG> (Thumb, 14 bytes, Stack size 0 bytes, dac.o(.text), UNUSED)

<P><STRONG><a name="[143]"></a>Sound::Sound__sub_object()</STRONG> (Thumb, 0 bytes, Stack size 0 bytes, dac.o(.text), UNUSED)

<P><STRONG><a name="[ab]"></a>Sound::play()</STRONG> (Thumb, 48 bytes, Stack size 0 bytes, dac.o(.text))
<BR><BR>[Called By]<UL><LI><a href="#[9c]">&gt;&gt;</a>&nbsp;&nbsp;&nbsp;main
</UL>

<P><STRONG><a name="[a3]"></a>PLL_Init(unsigned)</STRONG> (Thumb, 120 bytes, Stack size 0 bytes, pll.o(.text))
<BR><BR>[Called By]<UL><LI><a href="#[9c]">&gt;&gt;</a>&nbsp;&nbsp;&nbsp;main
</UL>

<P><STRONG><a name="[b0]"></a>Timer0_Init(void(*)(), unsigned)</STRONG> (Thumb, 74 bytes, Stack size 0 bytes, timer0.o(.text))
<BR><BR>[Called By]<UL><LI><a href="#[a6]">&gt;&gt;</a>&nbsp;&nbsp;&nbsp;DAC_Init()
</UL>

<P><STRONG><a name="[2d]"></a>Timer0A_Handler</STRONG> (Thumb, 16 bytes, Stack size 8 bytes, timer0.o(.text))
<BR><BR>[Stack]<UL><LI>Max Depth = 8<LI>Call Chain = Timer0A_Handler
</UL>
<BR>[Address Reference Count : 1]<UL><LI> startup_tm4c123.o(RESET)
</UL>
<P><STRONG><a name="[144]"></a>Timer0_Arm(unsigned char)</STRONG> (Thumb, 16 bytes, Stack size 0 bytes, timer0.o(.text), UNUSED)

<P><STRONG><a name="[145]"></a>UART_Init()</STRONG> (Thumb, 2 bytes, Stack size 0 bytes, uart.o(.text), UNUSED)

<P><STRONG><a name="[146]"></a>UART_InChar()</STRONG> (Thumb, 2 bytes, Stack size 0 bytes, uart.o(.text), UNUSED)

<P><STRONG><a name="[147]"></a>UART_InStatus()</STRONG> (Thumb, 4 bytes, Stack size 0 bytes, uart.o(.text), UNUSED)

<P><STRONG><a name="[b2]"></a>UART_OutChar(char)</STRONG> (Thumb, 2 bytes, Stack size 0 bytes, uart.o(.text), UNUSED)
<BR><BR>[Called By]<UL><LI><a href="#[b3]">&gt;&gt;</a>&nbsp;&nbsp;&nbsp;UART_OutUDec(unsigned)
<LI><a href="#[b1]">&gt;&gt;</a>&nbsp;&nbsp;&nbsp;UART_OutString(char*)
</UL>

<P><STRONG><a name="[20]"></a>UART1_Handler</STRONG> (Thumb, 2 bytes, Stack size 0 bytes, uart.o(.text))
<BR>[Address Reference Count : 1]<UL><LI> startup_tm4c123.o(RESET)
</UL>
<P><STRONG><a name="[b1]"></a>UART_OutString(char*)</STRONG> (Thumb, 22 bytes, Stack size 4 bytes, uart.o(.text), UNUSED)
<BR><BR>[Calls]<UL><LI><a href="#[b2]">&gt;&gt;</a>&nbsp;&nbsp;&nbsp;UART_OutChar(char)
</UL>

<P><STRONG><a name="[b3]"></a>UART_OutUDec(unsigned)</STRONG> (Thumb, 42 bytes, Stack size 12 bytes, uart.o(.text), UNUSED)
<BR><BR>[Calls]<UL><LI><a href="#[b3]">&gt;&gt;</a>&nbsp;&nbsp;&nbsp;UART_OutUDec(unsigned)
<LI><a href="#[b2]">&gt;&gt;</a>&nbsp;&nbsp;&nbsp;UART_OutChar(char)
</UL>
<BR>[Called By]<UL><LI><a href="#[b3]">&gt;&gt;</a>&nbsp;&nbsp;&nbsp;UART_OutUDec(unsigned)
</UL>

<P><STRONG><a name="[148]"></a>UART_InMessage(char*)</STRONG> (Thumb, 2 bytes, Stack size 0 bytes, uart.o(.text), UNUSED)

<P><STRONG><a name="[b4]"></a>Queue::Queue()</STRONG> (Thumb, 2 bytes, Stack size 0 bytes, fifo.o(.text))
<BR><BR>[Called By]<UL><LI><a href="#[8e]">&gt;&gt;</a>&nbsp;&nbsp;&nbsp;__sti___8_UART_cpp_RxFifo
</UL>

<P><STRONG><a name="[149]"></a>Queue::Queue__sub_object()</STRONG> (Thumb, 0 bytes, Stack size 0 bytes, fifo.o(.text), UNUSED)

<P><STRONG><a name="[14a]"></a>Queue::IsEmpty()</STRONG> (Thumb, 6 bytes, Stack size 0 bytes, fifo.o(.text), UNUSED)

<P><STRONG><a name="[14b]"></a>Queue::IsFull()</STRONG> (Thumb, 6 bytes, Stack size 0 bytes, fifo.o(.text), UNUSED)

<P><STRONG><a name="[14c]"></a>Queue::Put(char)</STRONG> (Thumb, 6 bytes, Stack size 0 bytes, fifo.o(.text), UNUSED)

<P><STRONG><a name="[14d]"></a>Queue::Get(char*)</STRONG> (Thumb, 6 bytes, Stack size 0 bytes, fifo.o(.text), UNUSED)

<P><STRONG><a name="[14e]"></a>Queue::Print()</STRONG> (Thumb, 2 bytes, Stack size 0 bytes, fifo.o(.text), UNUSED)

<P><STRONG><a name="[c2]"></a>tx_SSI</STRONG> (Thumb, 30 bytes, Stack size 0 bytes, diskio.o(.text), UNUSED)
<BR><BR>[Called By]<UL><LI><a href="#[c0]">&gt;&gt;</a>&nbsp;&nbsp;&nbsp;dummy_clock
</UL>

<P><STRONG><a name="[c1]"></a>tx_high</STRONG> (Thumb, 44 bytes, Stack size 0 bytes, diskio.o(.text), UNUSED)
<BR><BR>[Called By]<UL><LI><a href="#[c0]">&gt;&gt;</a>&nbsp;&nbsp;&nbsp;dummy_clock
</UL>

<P><STRONG><a name="[b6]"></a>Timer1_Init</STRONG> (Thumb, 84 bytes, Stack size 0 bytes, diskio.o(.text), UNUSED)
<BR><BR>[Called By]<UL><LI><a href="#[b5]">&gt;&gt;</a>&nbsp;&nbsp;&nbsp;init_spi
</UL>

<P><STRONG><a name="[bd]"></a>Timer1_Arm</STRONG> (Thumb, 16 bytes, Stack size 0 bytes, diskio.o(.text), UNUSED)
<BR><BR>[Called By]<UL><LI><a href="#[c9]">&gt;&gt;</a>&nbsp;&nbsp;&nbsp;disk_initialize
<LI><a href="#[c5]">&gt;&gt;</a>&nbsp;&nbsp;&nbsp;rcvr_datablock
<LI><a href="#[bc]">&gt;&gt;</a>&nbsp;&nbsp;&nbsp;wait_ready
</UL>

<P><STRONG><a name="[c0]"></a>dummy_clock</STRONG> (Thumb, 46 bytes, Stack size 8 bytes, diskio.o(.text), UNUSED)
<BR><BR>[Calls]<UL><LI><a href="#[bf]">&gt;&gt;</a>&nbsp;&nbsp;&nbsp;xchg_spi
<LI><a href="#[b8]">&gt;&gt;</a>&nbsp;&nbsp;&nbsp;TurnSD
<LI><a href="#[c1]">&gt;&gt;</a>&nbsp;&nbsp;&nbsp;tx_high
<LI><a href="#[c2]">&gt;&gt;</a>&nbsp;&nbsp;&nbsp;tx_SSI
</UL>
<BR>[Called By]<UL><LI><a href="#[c9]">&gt;&gt;</a>&nbsp;&nbsp;&nbsp;disk_initialize
</UL>

<P><STRONG><a name="[c9]"></a>disk_initialize</STRONG> (Thumb, 382 bytes, Stack size 24 bytes, diskio.o(.text), UNUSED)
<BR><BR>[Calls]<UL><LI><a href="#[bf]">&gt;&gt;</a>&nbsp;&nbsp;&nbsp;xchg_spi
<LI><a href="#[c0]">&gt;&gt;</a>&nbsp;&nbsp;&nbsp;dummy_clock
<LI><a href="#[bd]">&gt;&gt;</a>&nbsp;&nbsp;&nbsp;Timer1_Arm
<LI><a href="#[c8]">&gt;&gt;</a>&nbsp;&nbsp;&nbsp;send_cmd
<LI><a href="#[c3]">&gt;&gt;</a>&nbsp;&nbsp;&nbsp;deselect
<LI><a href="#[b5]">&gt;&gt;</a>&nbsp;&nbsp;&nbsp;init_spi
</UL>

<P><STRONG><a name="[14f]"></a>disk_status</STRONG> (Thumb, 14 bytes, Stack size 0 bytes, diskio.o(.text), UNUSED)

<P><STRONG><a name="[ca]"></a>disk_read</STRONG> (Thumb, 136 bytes, Stack size 24 bytes, diskio.o(.text), UNUSED)
<BR><BR>[Calls]<UL><LI><a href="#[c8]">&gt;&gt;</a>&nbsp;&nbsp;&nbsp;send_cmd
<LI><a href="#[c5]">&gt;&gt;</a>&nbsp;&nbsp;&nbsp;rcvr_datablock
<LI><a href="#[c3]">&gt;&gt;</a>&nbsp;&nbsp;&nbsp;deselect
</UL>

<P><STRONG><a name="[cb]"></a>disk_write</STRONG> (Thumb, 170 bytes, Stack size 24 bytes, diskio.o(.text), UNUSED)
<BR><BR>[Calls]<UL><LI><a href="#[c8]">&gt;&gt;</a>&nbsp;&nbsp;&nbsp;send_cmd
<LI><a href="#[c6]">&gt;&gt;</a>&nbsp;&nbsp;&nbsp;xmit_datablock
<LI><a href="#[c3]">&gt;&gt;</a>&nbsp;&nbsp;&nbsp;deselect
</UL>

<P><STRONG><a name="[cc]"></a>disk_ioctl</STRONG> (Thumb, 552 bytes, Stack size 56 bytes, diskio.o(.text), UNUSED)
<BR><BR>[Calls]<UL><LI><a href="#[bf]">&gt;&gt;</a>&nbsp;&nbsp;&nbsp;xchg_spi
<LI><a href="#[be]">&gt;&gt;</a>&nbsp;&nbsp;&nbsp;SwitchToSD
<LI><a href="#[cc]">&gt;&gt;</a>&nbsp;&nbsp;&nbsp;disk_ioctl
<LI><a href="#[c8]">&gt;&gt;</a>&nbsp;&nbsp;&nbsp;send_cmd
<LI><a href="#[c5]">&gt;&gt;</a>&nbsp;&nbsp;&nbsp;rcvr_datablock
<LI><a href="#[c4]">&gt;&gt;</a>&nbsp;&nbsp;&nbsp;select
<LI><a href="#[c3]">&gt;&gt;</a>&nbsp;&nbsp;&nbsp;deselect
<LI><a href="#[bc]">&gt;&gt;</a>&nbsp;&nbsp;&nbsp;wait_ready
</UL>
<BR>[Called By]<UL><LI><a href="#[cc]">&gt;&gt;</a>&nbsp;&nbsp;&nbsp;disk_ioctl
</UL>

<P><STRONG><a name="[cd]"></a>disk_timerproc</STRONG> (Thumb, 74 bytes, Stack size 0 bytes, diskio.o(.text))
<BR><BR>[Called By]<UL><LI><a href="#[2f]">&gt;&gt;</a>&nbsp;&nbsp;&nbsp;Timer1A_Handler
</UL>

<P><STRONG><a name="[2f]"></a>Timer1A_Handler</STRONG> (Thumb, 14 bytes, Stack size 4 bytes, diskio.o(.text))
<BR><BR>[Stack]<UL><LI>Max Depth = 4<LI>Call Chain = Timer1A_Handler
</UL>
<BR>[Calls]<UL><LI><a href="#[cd]">&gt;&gt;</a>&nbsp;&nbsp;&nbsp;disk_timerproc
</UL>
<BR>[Address Reference Count : 1]<UL><LI> startup_tm4c123.o(RESET)
</UL>
<P><STRONG><a name="[a1]"></a>_sys_exit</STRONG> (Thumb, 6 bytes, Stack size 0 bytes, retarget.o(.text))
<BR><BR>[Called By]<UL><LI><a href="#[a0]">&gt;&gt;</a>&nbsp;&nbsp;&nbsp;__rt_exit_exit
<LI><a href="#[10f]">&gt;&gt;</a>&nbsp;&nbsp;&nbsp;__sig_exit
<LI><a href="#[109]">&gt;&gt;</a>&nbsp;&nbsp;&nbsp;abort
</UL>

<P><STRONG><a name="[114]"></a>_ttywrch</STRONG> (Thumb, 6 bytes, Stack size 0 bytes, retarget.o(.text))
<BR><BR>[Called By]<UL><LI><a href="#[113]">&gt;&gt;</a>&nbsp;&nbsp;&nbsp;__default_signal_display
</UL>

<P><STRONG><a name="[d3]"></a>SDC_CS_Init</STRONG> (Thumb, 150 bytes, Stack size 0 bytes, st7735sd.o(.text))
<BR><BR>[Called By]<UL><LI><a href="#[b7]">&gt;&gt;</a>&nbsp;&nbsp;&nbsp;SSI0_Init
</UL>

<P><STRONG><a name="[ce]"></a>D_C</STRONG> (Thumb, 6 bytes, Stack size 0 bytes, st7735sd.o(.text))
<BR><BR>[Called By]<UL><LI><a href="#[bf]">&gt;&gt;</a>&nbsp;&nbsp;&nbsp;xchg_spi
</UL>

<P><STRONG><a name="[bf]"></a>xchg_spi</STRONG> (Thumb, 66 bytes, Stack size 16 bytes, st7735sd.o(.text))
<BR><BR>[Stack]<UL><LI>Max Depth = 16 + Unknown Stack Size
<LI>Call Chain = xchg_spi
</UL>
<BR>[Calls]<UL><LI><a href="#[ce]">&gt;&gt;</a>&nbsp;&nbsp;&nbsp;D_C
<LI><a href="#[a7]">&gt;&gt;</a>&nbsp;&nbsp;&nbsp;EnableInterrupts
<LI><a href="#[a2]">&gt;&gt;</a>&nbsp;&nbsp;&nbsp;DisableInterrupts
</UL>
<BR>[Called By]<UL><LI><a href="#[ee]">&gt;&gt;</a>&nbsp;&nbsp;&nbsp;Display_InvertDisplay(int)
<LI><a href="#[ed]">&gt;&gt;</a>&nbsp;&nbsp;&nbsp;Display_SetRotation(unsigned char)
<LI><a href="#[e5]">&gt;&gt;</a>&nbsp;&nbsp;&nbsp;Display_UnrenderSprite(short, short, short, short, const unsigned short*)
<LI><a href="#[e4]">&gt;&gt;</a>&nbsp;&nbsp;&nbsp;Display_RenderSprite(short, short, const unsigned short*, short, short, unsigned short, const unsigned short*)
<LI><a href="#[e3]">&gt;&gt;</a>&nbsp;&nbsp;&nbsp;Display_DrawCircle(short, short, unsigned short)
<LI><a href="#[e2]">&gt;&gt;</a>&nbsp;&nbsp;&nbsp;Display_DrawSmallCircle(short, short, unsigned short)
<LI><a href="#[e1]">&gt;&gt;</a>&nbsp;&nbsp;&nbsp;Display_DrawFastHLine(short, short, short, unsigned short)
<LI><a href="#[e0]">&gt;&gt;</a>&nbsp;&nbsp;&nbsp;Display_DrawFastVLine(short, short, short, unsigned short)
<LI><a href="#[dd]">&gt;&gt;</a>&nbsp;&nbsp;&nbsp;Display_InitR(initRFlags)
<LI><a href="#[d9]">&gt;&gt;</a>&nbsp;&nbsp;&nbsp;Display_FillRect(short, short, short, short, unsigned short)
<LI><a href="#[de]">&gt;&gt;</a>&nbsp;&nbsp;&nbsp;pushColor(unsigned short)
<LI><a href="#[d6]">&gt;&gt;</a>&nbsp;&nbsp;&nbsp;setAddrWindow(unsigned char, unsigned char, unsigned char, unsigned char)
<LI><a href="#[d0]">&gt;&gt;</a>&nbsp;&nbsp;&nbsp;commandList
<LI><a href="#[cc]">&gt;&gt;</a>&nbsp;&nbsp;&nbsp;disk_ioctl
<LI><a href="#[c9]">&gt;&gt;</a>&nbsp;&nbsp;&nbsp;disk_initialize
<LI><a href="#[c0]">&gt;&gt;</a>&nbsp;&nbsp;&nbsp;dummy_clock
<LI><a href="#[c8]">&gt;&gt;</a>&nbsp;&nbsp;&nbsp;send_cmd
<LI><a href="#[c6]">&gt;&gt;</a>&nbsp;&nbsp;&nbsp;xmit_datablock
<LI><a href="#[c5]">&gt;&gt;</a>&nbsp;&nbsp;&nbsp;rcvr_datablock
<LI><a href="#[c4]">&gt;&gt;</a>&nbsp;&nbsp;&nbsp;select
<LI><a href="#[c3]">&gt;&gt;</a>&nbsp;&nbsp;&nbsp;deselect
<LI><a href="#[bc]">&gt;&gt;</a>&nbsp;&nbsp;&nbsp;wait_ready
<LI><a href="#[a8]">&gt;&gt;</a>&nbsp;&nbsp;&nbsp;Display_DrawBitmap(short, short, const unsigned short*, short, short)
</UL>

<P><STRONG><a name="[cf]"></a>Delay</STRONG> (Thumb, 14 bytes, Stack size 0 bytes, st7735sd.o(.text))
<BR><BR>[Called By]<UL><LI><a href="#[b9]">&gt;&gt;</a>&nbsp;&nbsp;&nbsp;Delay1ms
</UL>

<P><STRONG><a name="[b9]"></a>Delay1ms</STRONG> (Thumb, 22 bytes, Stack size 4 bytes, st7735sd.o(.text))
<BR><BR>[Stack]<UL><LI>Max Depth = 4<LI>Call Chain = Delay1ms
</UL>
<BR>[Calls]<UL><LI><a href="#[cf]">&gt;&gt;</a>&nbsp;&nbsp;&nbsp;Delay
</UL>
<BR>[Called By]<UL><LI><a href="#[d0]">&gt;&gt;</a>&nbsp;&nbsp;&nbsp;commandList
<LI><a href="#[b7]">&gt;&gt;</a>&nbsp;&nbsp;&nbsp;SSI0_Init
<LI><a href="#[b5]">&gt;&gt;</a>&nbsp;&nbsp;&nbsp;init_spi
</UL>

<P><STRONG><a name="[d0]"></a>commandList</STRONG> (Thumb, 128 bytes, Stack size 24 bytes, st7735sd.o(.text))
<BR><BR>[Stack]<UL><LI>Max Depth = 40 + Unknown Stack Size
<LI>Call Chain = commandList &rArr; xchg_spi
</UL>
<BR>[Calls]<UL><LI><a href="#[bf]">&gt;&gt;</a>&nbsp;&nbsp;&nbsp;xchg_spi
<LI><a href="#[b9]">&gt;&gt;</a>&nbsp;&nbsp;&nbsp;Delay1ms
</UL>
<BR>[Called By]<UL><LI><a href="#[dd]">&gt;&gt;</a>&nbsp;&nbsp;&nbsp;Display_InitR(initRFlags)
<LI><a href="#[d5]">&gt;&gt;</a>&nbsp;&nbsp;&nbsp;commonInit(const cmdList*)
</UL>

<P><STRONG><a name="[d2]"></a>TurnDisplay</STRONG> (Thumb, 16 bytes, Stack size 0 bytes, st7735sd.o(.text))
<BR><BR>[Called By]<UL><LI><a href="#[d1]">&gt;&gt;</a>&nbsp;&nbsp;&nbsp;SwitchToDisplay
<LI><a href="#[be]">&gt;&gt;</a>&nbsp;&nbsp;&nbsp;SwitchToSD
<LI><a href="#[b7]">&gt;&gt;</a>&nbsp;&nbsp;&nbsp;SSI0_Init
</UL>

<P><STRONG><a name="[d4]"></a>Reset</STRONG> (Thumb, 6 bytes, Stack size 0 bytes, st7735sd.o(.text))
<BR><BR>[Called By]<UL><LI><a href="#[b7]">&gt;&gt;</a>&nbsp;&nbsp;&nbsp;SSI0_Init
</UL>

<P><STRONG><a name="[b8]"></a>TurnSD</STRONG> (Thumb, 14 bytes, Stack size 0 bytes, st7735sd.o(.text))
<BR><BR>[Called By]<UL><LI><a href="#[d1]">&gt;&gt;</a>&nbsp;&nbsp;&nbsp;SwitchToDisplay
<LI><a href="#[be]">&gt;&gt;</a>&nbsp;&nbsp;&nbsp;SwitchToSD
<LI><a href="#[c0]">&gt;&gt;</a>&nbsp;&nbsp;&nbsp;dummy_clock
<LI><a href="#[c3]">&gt;&gt;</a>&nbsp;&nbsp;&nbsp;deselect
<LI><a href="#[b5]">&gt;&gt;</a>&nbsp;&nbsp;&nbsp;init_spi
</UL>

<P><STRONG><a name="[d1]"></a>SwitchToDisplay</STRONG> (Thumb, 16 bytes, Stack size 4 bytes, st7735sd.o(.text))
<BR><BR>[Stack]<UL><LI>Max Depth = 4<LI>Call Chain = SwitchToDisplay
</UL>
<BR>[Calls]<UL><LI><a href="#[d2]">&gt;&gt;</a>&nbsp;&nbsp;&nbsp;TurnDisplay
<LI><a href="#[b8]">&gt;&gt;</a>&nbsp;&nbsp;&nbsp;TurnSD
</UL>
<BR>[Called By]<UL><LI><a href="#[ee]">&gt;&gt;</a>&nbsp;&nbsp;&nbsp;Display_InvertDisplay(int)
<LI><a href="#[ed]">&gt;&gt;</a>&nbsp;&nbsp;&nbsp;Display_SetRotation(unsigned char)
<LI><a href="#[e7]">&gt;&gt;</a>&nbsp;&nbsp;&nbsp;Display_UnrenderCursor(short, short, short, short, const unsigned short*)
<LI><a href="#[e6]">&gt;&gt;</a>&nbsp;&nbsp;&nbsp;Display_RenderCursor(short, short, short, short, unsigned short)
<LI><a href="#[e4]">&gt;&gt;</a>&nbsp;&nbsp;&nbsp;Display_RenderSprite(short, short, const unsigned short*, short, short, unsigned short, const unsigned short*)
<LI><a href="#[e3]">&gt;&gt;</a>&nbsp;&nbsp;&nbsp;Display_DrawCircle(short, short, unsigned short)
<LI><a href="#[e2]">&gt;&gt;</a>&nbsp;&nbsp;&nbsp;Display_DrawSmallCircle(short, short, unsigned short)
<LI><a href="#[e1]">&gt;&gt;</a>&nbsp;&nbsp;&nbsp;Display_DrawFastHLine(short, short, short, unsigned short)
<LI><a href="#[e0]">&gt;&gt;</a>&nbsp;&nbsp;&nbsp;Display_DrawFastVLine(short, short, short, unsigned short)
<LI><a href="#[dd]">&gt;&gt;</a>&nbsp;&nbsp;&nbsp;Display_InitR(initRFlags)
<LI><a href="#[d9]">&gt;&gt;</a>&nbsp;&nbsp;&nbsp;Display_FillRect(short, short, short, short, unsigned short)
<LI><a href="#[de]">&gt;&gt;</a>&nbsp;&nbsp;&nbsp;pushColor(unsigned short)
<LI><a href="#[d6]">&gt;&gt;</a>&nbsp;&nbsp;&nbsp;setAddrWindow(unsigned char, unsigned char, unsigned char, unsigned char)
<LI><a href="#[d5]">&gt;&gt;</a>&nbsp;&nbsp;&nbsp;commonInit(const cmdList*)
<LI><a href="#[b7]">&gt;&gt;</a>&nbsp;&nbsp;&nbsp;SSI0_Init
<LI><a href="#[a8]">&gt;&gt;</a>&nbsp;&nbsp;&nbsp;Display_DrawBitmap(short, short, const unsigned short*, short, short)
</UL>

<P><STRONG><a name="[b7]"></a>SSI0_Init</STRONG> (Thumb, 378 bytes, Stack size 4 bytes, st7735sd.o(.text))
<BR><BR>[Stack]<UL><LI>Max Depth = 8<LI>Call Chain = SSI0_Init &rArr; SwitchToDisplay
</UL>
<BR>[Calls]<UL><LI><a href="#[d1]">&gt;&gt;</a>&nbsp;&nbsp;&nbsp;SwitchToDisplay
<LI><a href="#[d4]">&gt;&gt;</a>&nbsp;&nbsp;&nbsp;Reset
<LI><a href="#[d2]">&gt;&gt;</a>&nbsp;&nbsp;&nbsp;TurnDisplay
<LI><a href="#[d3]">&gt;&gt;</a>&nbsp;&nbsp;&nbsp;SDC_CS_Init
<LI><a href="#[b9]">&gt;&gt;</a>&nbsp;&nbsp;&nbsp;Delay1ms
</UL>
<BR>[Called By]<UL><LI><a href="#[d5]">&gt;&gt;</a>&nbsp;&nbsp;&nbsp;commonInit(const cmdList*)
<LI><a href="#[b5]">&gt;&gt;</a>&nbsp;&nbsp;&nbsp;init_spi
</UL>

<P><STRONG><a name="[150]"></a>SSI0_Handler()</STRONG> (Thumb, 2 bytes, Stack size 0 bytes, st7735sd.o(.text), UNUSED)

<P><STRONG><a name="[be]"></a>SwitchToSD</STRONG> (Thumb, 16 bytes, Stack size 4 bytes, st7735sd.o(.text), UNUSED)
<BR><BR>[Calls]<UL><LI><a href="#[d2]">&gt;&gt;</a>&nbsp;&nbsp;&nbsp;TurnDisplay
<LI><a href="#[b8]">&gt;&gt;</a>&nbsp;&nbsp;&nbsp;TurnSD
</UL>
<BR>[Called By]<UL><LI><a href="#[cc]">&gt;&gt;</a>&nbsp;&nbsp;&nbsp;disk_ioctl
<LI><a href="#[c6]">&gt;&gt;</a>&nbsp;&nbsp;&nbsp;xmit_datablock
<LI><a href="#[c5]">&gt;&gt;</a>&nbsp;&nbsp;&nbsp;rcvr_datablock
<LI><a href="#[c4]">&gt;&gt;</a>&nbsp;&nbsp;&nbsp;select
<LI><a href="#[bc]">&gt;&gt;</a>&nbsp;&nbsp;&nbsp;wait_ready
</UL>

<P><STRONG><a name="[d8]"></a>convY(unsigned char)</STRONG> (Thumb, 10 bytes, Stack size 0 bytes, display.o(.text))
<BR><BR>[Called By]<UL><LI><a href="#[e7]">&gt;&gt;</a>&nbsp;&nbsp;&nbsp;Display_UnrenderCursor(short, short, short, short, const unsigned short*)
<LI><a href="#[e5]">&gt;&gt;</a>&nbsp;&nbsp;&nbsp;Display_UnrenderSprite(short, short, short, short, const unsigned short*)
<LI><a href="#[e4]">&gt;&gt;</a>&nbsp;&nbsp;&nbsp;Display_RenderSprite(short, short, const unsigned short*, short, short, unsigned short, const unsigned short*)
<LI><a href="#[d6]">&gt;&gt;</a>&nbsp;&nbsp;&nbsp;setAddrWindow(unsigned char, unsigned char, unsigned char, unsigned char)
</UL>

<P><STRONG><a name="[d7]"></a>convX(unsigned char)</STRONG> (Thumb, 10 bytes, Stack size 0 bytes, display.o(.text))
<BR><BR>[Called By]<UL><LI><a href="#[d6]">&gt;&gt;</a>&nbsp;&nbsp;&nbsp;setAddrWindow(unsigned char, unsigned char, unsigned char, unsigned char)
</UL>

<P><STRONG><a name="[d9]"></a>Display_FillRect(short, short, short, short, unsigned short)</STRONG> (Thumb, 172 bytes, Stack size 32 bytes, display.o(.text))
<BR><BR>[Stack]<UL><LI>Max Depth = 104 + Unknown Stack Size
<LI>Call Chain = Display_FillRect(short, short, short, short, unsigned short) &rArr; setAddrWindow(unsigned char, unsigned char, unsigned char, unsigned char) &rArr; xchg_spi
</UL>
<BR>[Calls]<UL><LI><a href="#[d6]">&gt;&gt;</a>&nbsp;&nbsp;&nbsp;setAddrWindow(unsigned char, unsigned char, unsigned char, unsigned char)
<LI><a href="#[d1]">&gt;&gt;</a>&nbsp;&nbsp;&nbsp;SwitchToDisplay
<LI><a href="#[bf]">&gt;&gt;</a>&nbsp;&nbsp;&nbsp;xchg_spi
</UL>
<BR>[Called By]<UL><LI><a href="#[ef]">&gt;&gt;</a>&nbsp;&nbsp;&nbsp;Display_PlotClear(int, int)
<LI><a href="#[e8]">&gt;&gt;</a>&nbsp;&nbsp;&nbsp;Display_DrawCharS(short, short, char, short, short, unsigned char)
<LI><a href="#[da]">&gt;&gt;</a>&nbsp;&nbsp;&nbsp;Display_FillScreen(unsigned short)
</UL>

<P><STRONG><a name="[da]"></a>Display_FillScreen(unsigned short)</STRONG> (Thumb, 28 bytes, Stack size 16 bytes, display.o(.text))
<BR><BR>[Stack]<UL><LI>Max Depth = 120 + Unknown Stack Size
<LI>Call Chain = Display_FillScreen(unsigned short) &rArr; Display_FillRect(short, short, short, short, unsigned short) &rArr; setAddrWindow(unsigned char, unsigned char, unsigned char, unsigned char) &rArr; xchg_spi
</UL>
<BR>[Calls]<UL><LI><a href="#[d9]">&gt;&gt;</a>&nbsp;&nbsp;&nbsp;Display_FillRect(short, short, short, short, unsigned short)
</UL>
<BR>[Called By]<UL><LI><a href="#[fa]">&gt;&gt;</a>&nbsp;&nbsp;&nbsp;Output_Clear()
<LI><a href="#[dd]">&gt;&gt;</a>&nbsp;&nbsp;&nbsp;Display_InitR(initRFlags)
<LI><a href="#[db]">&gt;&gt;</a>&nbsp;&nbsp;&nbsp;Display_InitB()
<LI><a href="#[a4]">&gt;&gt;</a>&nbsp;&nbsp;&nbsp;Output_Init()
</UL>

<P><STRONG><a name="[dc]"></a>Display_SetCursor(unsigned, unsigned)</STRONG> (Thumb, 22 bytes, Stack size 0 bytes, display.o(.text))
<BR><BR>[Called By]<UL><LI><a href="#[dd]">&gt;&gt;</a>&nbsp;&nbsp;&nbsp;Display_InitR(initRFlags)
<LI><a href="#[db]">&gt;&gt;</a>&nbsp;&nbsp;&nbsp;Display_InitB()
</UL>

<P><STRONG><a name="[db]"></a>Display_InitB()</STRONG> (Thumb, 32 bytes, Stack size 8 bytes, display.o(.text), UNUSED)
<BR><BR>[Calls]<UL><LI><a href="#[dc]">&gt;&gt;</a>&nbsp;&nbsp;&nbsp;Display_SetCursor(unsigned, unsigned)
<LI><a href="#[da]">&gt;&gt;</a>&nbsp;&nbsp;&nbsp;Display_FillScreen(unsigned short)
<LI><a href="#[d5]">&gt;&gt;</a>&nbsp;&nbsp;&nbsp;commonInit(const cmdList*)
</UL>

<P><STRONG><a name="[dd]"></a>Display_InitR(initRFlags)</STRONG> (Thumb, 98 bytes, Stack size 8 bytes, display.o(.text))
<BR><BR>[Stack]<UL><LI>Max Depth = 128 + Unknown Stack Size
<LI>Call Chain = Display_InitR(initRFlags) &rArr; Display_FillScreen(unsigned short) &rArr; Display_FillRect(short, short, short, short, unsigned short) &rArr; setAddrWindow(unsigned char, unsigned char, unsigned char, unsigned char) &rArr; xchg_spi
</UL>
<BR>[Calls]<UL><LI><a href="#[dc]">&gt;&gt;</a>&nbsp;&nbsp;&nbsp;Display_SetCursor(unsigned, unsigned)
<LI><a href="#[da]">&gt;&gt;</a>&nbsp;&nbsp;&nbsp;Display_FillScreen(unsigned short)
<LI><a href="#[d5]">&gt;&gt;</a>&nbsp;&nbsp;&nbsp;commonInit(const cmdList*)
<LI><a href="#[d1]">&gt;&gt;</a>&nbsp;&nbsp;&nbsp;SwitchToDisplay
<LI><a href="#[d0]">&gt;&gt;</a>&nbsp;&nbsp;&nbsp;commandList
<LI><a href="#[bf]">&gt;&gt;</a>&nbsp;&nbsp;&nbsp;xchg_spi
</UL>
<BR>[Called By]<UL><LI><a href="#[a4]">&gt;&gt;</a>&nbsp;&nbsp;&nbsp;Output_Init()
</UL>

<P><STRONG><a name="[df]"></a>Display_DrawPixel(short, short, unsigned short)</STRONG> (Thumb, 64 bytes, Stack size 24 bytes, display.o(.text), UNUSED)
<BR><BR>[Calls]<UL><LI><a href="#[de]">&gt;&gt;</a>&nbsp;&nbsp;&nbsp;pushColor(unsigned short)
<LI><a href="#[d6]">&gt;&gt;</a>&nbsp;&nbsp;&nbsp;setAddrWindow(unsigned char, unsigned char, unsigned char, unsigned char)
</UL>
<BR>[Called By]<UL><LI><a href="#[f3]">&gt;&gt;</a>&nbsp;&nbsp;&nbsp;Display_PlotPoints(int, int)
<LI><a href="#[f2]">&gt;&gt;</a>&nbsp;&nbsp;&nbsp;Display_PlotLine(int)
<LI><a href="#[f1]">&gt;&gt;</a>&nbsp;&nbsp;&nbsp;Display_PlotPoint(int)
<LI><a href="#[e8]">&gt;&gt;</a>&nbsp;&nbsp;&nbsp;Display_DrawCharS(short, short, char, short, short, unsigned char)
<LI><a href="#[e7]">&gt;&gt;</a>&nbsp;&nbsp;&nbsp;Display_UnrenderCursor(short, short, short, short, const unsigned short*)
<LI><a href="#[e6]">&gt;&gt;</a>&nbsp;&nbsp;&nbsp;Display_RenderCursor(short, short, short, short, unsigned short)
</UL>

<P><STRONG><a name="[e0]"></a>Display_DrawFastVLine(short, short, short, unsigned short)</STRONG> (Thumb, 124 bytes, Stack size 32 bytes, display.o(.text), UNUSED)
<BR><BR>[Calls]<UL><LI><a href="#[d6]">&gt;&gt;</a>&nbsp;&nbsp;&nbsp;setAddrWindow(unsigned char, unsigned char, unsigned char, unsigned char)
<LI><a href="#[d1]">&gt;&gt;</a>&nbsp;&nbsp;&nbsp;SwitchToDisplay
<LI><a href="#[bf]">&gt;&gt;</a>&nbsp;&nbsp;&nbsp;xchg_spi
</UL>
<BR>[Called By]<UL><LI><a href="#[f6]">&gt;&gt;</a>&nbsp;&nbsp;&nbsp;Display_PlotNextErase()
<LI><a href="#[f5]">&gt;&gt;</a>&nbsp;&nbsp;&nbsp;Display_PlotdBfs(int)
<LI><a href="#[f4]">&gt;&gt;</a>&nbsp;&nbsp;&nbsp;Display_PlotBar(int)
</UL>

<P><STRONG><a name="[e1]"></a>Display_DrawFastHLine(short, short, short, unsigned short)</STRONG> (Thumb, 124 bytes, Stack size 32 bytes, display.o(.text), UNUSED)
<BR><BR>[Calls]<UL><LI><a href="#[d6]">&gt;&gt;</a>&nbsp;&nbsp;&nbsp;setAddrWindow(unsigned char, unsigned char, unsigned char, unsigned char)
<LI><a href="#[d1]">&gt;&gt;</a>&nbsp;&nbsp;&nbsp;SwitchToDisplay
<LI><a href="#[bf]">&gt;&gt;</a>&nbsp;&nbsp;&nbsp;xchg_spi
</UL>

<P><STRONG><a name="[e2]"></a>Display_DrawSmallCircle(short, short, unsigned short)</STRONG> (Thumb, 216 bytes, Stack size 40 bytes, display.o(.text), UNUSED)
[...]
</UL>

<P><STRONG><a name="[8d]"></a>__default_new_handler()</STRONG> (Thumb, 4 bytes, Stack size 0 bytes, arm_newhandler_noexceptions.o(.text))
<BR><BR>[Stack]<UL><LI>Max Depth = 80 + Unknown Stack Size
<LI>Call Chain = __default_new_handler() &rArr; std::terminate() &rArr; __cxa_get_globals &rArr; __ARM_exceptions_buffer_init &rArr; malloc &rArr; __Heap_Full &rArr; __Heap_ProvideMemory &rArr; free
</UL>
<BR>[Calls]<UL><LI><a href="#[102]">&gt;&gt;</a>&nbsp;&nbsp;&nbsp;std::terminate()
</UL>
<BR>[Address Reference Count : 1]<UL><LI> new.o(i._Znwj)
</UL>
<P><STRONG><a name="[15c]"></a>__user_libspace</STRONG> (Thumb, 8 bytes, Stack size 0 bytes, libspace.o(.text), UNUSED)

<P><STRONG><a name="[10a]"></a>__user_perproc_libspace</STRONG> (Thumb, 0 bytes, Stack size 0 bytes, libspace.o(.text))
<BR><BR>[Called By]<UL><LI><a href="#[98]">&gt;&gt;</a>&nbsp;&nbsp;&nbsp;__user_setup_stackheap
</UL>

<P><STRONG><a name="[15d]"></a>__user_perthread_libspace</STRONG> (Thumb, 0 bytes, Stack size 0 bytes, libspace.o(.text), UNUSED)

<P><STRONG><a name="[100]"></a>__rt_heap_descriptor</STRONG> (Thumb, 8 bytes, Stack size 0 bytes, rt_heap_descriptor_intlibspace.o(.text))
<BR><BR>[Called By]<UL><LI><a href="#[ff]">&gt;&gt;</a>&nbsp;&nbsp;&nbsp;malloc
<LI><a href="#[107]">&gt;&gt;</a>&nbsp;&nbsp;&nbsp;free
<LI><a href="#[95]">&gt;&gt;</a>&nbsp;&nbsp;&nbsp;_init_alloc
</UL>

<P><STRONG><a name="[15e]"></a>__use_no_heap</STRONG> (Thumb, 2 bytes, Stack size 0 bytes, hguard.o(.text), UNUSED)

<P><STRONG><a name="[15f]"></a>__heap$guard</STRONG> (Thumb, 2 bytes, Stack size 0 bytes, hguard.o(.text), UNUSED)

<P><STRONG><a name="[f]"></a>_terminate_user_alloc</STRONG> (Thumb, 2 bytes, Stack size 0 bytes, init_alloc.o(.text), UNUSED)

<P><STRONG><a name="[1]"></a>_init_user_alloc</STRONG> (Thumb, 2 bytes, Stack size 0 bytes, init_alloc.o(.text), UNUSED)

<P><STRONG><a name="[101]"></a>__Heap_Full</STRONG> (Thumb, 34 bytes, Stack size 16 bytes, init_alloc.o(.text))
<BR><BR>[Stack]<UL><LI>Max Depth = 32<LI>Call Chain = __Heap_Full &rArr; __Heap_ProvideMemory &rArr; free
</UL>
<BR>[Calls]<UL><LI><a href="#[103]">&gt;&gt;</a>&nbsp;&nbsp;&nbsp;__Heap_ProvideMemory
</UL>
<BR>[Called By]<UL><LI><a href="#[ff]">&gt;&gt;</a>&nbsp;&nbsp;&nbsp;malloc
</UL>

<P><STRONG><a name="[104]"></a>__Heap_Broken</STRONG> (Thumb, 6 bytes, Stack size 0 bytes, init_alloc.o(.text), UNUSED)
<BR><BR>[Calls]<UL><LI><a href="#[105]">&gt;&gt;</a>&nbsp;&nbsp;&nbsp;__rt_SIGRTMEM
</UL>

<P><STRONG><a name="[95]"></a>_init_alloc</STRONG> (Thumb, 94 bytes, Stack size 24 bytes, init_alloc.o(.text))
<BR><BR>[Stack]<UL><LI>Max Depth = 56<LI>Call Chain = _init_alloc &rArr; __rt_SIGRTMEM &rArr; __rt_SIGRTMEM_inner &rArr; __default_signal_display
</UL>
<BR>[Calls]<UL><LI><a href="#[105]">&gt;&gt;</a>&nbsp;&nbsp;&nbsp;__rt_SIGRTMEM
<LI><a href="#[103]">&gt;&gt;</a>&nbsp;&nbsp;&nbsp;__Heap_ProvideMemory
<LI><a href="#[106]">&gt;&gt;</a>&nbsp;&nbsp;&nbsp;__Heap_Initialize
<LI><a href="#[100]">&gt;&gt;</a>&nbsp;&nbsp;&nbsp;__rt_heap_descriptor
</UL>
<BR>[Called By]<UL><LI><a href="#[94]">&gt;&gt;</a>&nbsp;&nbsp;&nbsp;__rt_lib_init_heap_2
</UL>

<P><STRONG><a name="[106]"></a>__Heap_Initialize</STRONG> (Thumb, 10 bytes, Stack size 0 bytes, h1_init.o(.text))
<BR><BR>[Called By]<UL><LI><a href="#[95]">&gt;&gt;</a>&nbsp;&nbsp;&nbsp;_init_alloc
</UL>

<P><STRONG><a name="[6]"></a>__Heap_DescSize</STRONG> (Thumb, 4 bytes, Stack size 0 bytes, h1_init.o(.text), UNUSED)

<P><STRONG><a name="[107]"></a>free</STRONG> (Thumb, 78 bytes, Stack size 16 bytes, h1_free.o(.text))
<BR><BR>[Stack]<UL><LI>Max Depth = 16<LI>Call Chain = free
</UL>
<BR>[Calls]<UL><LI><a href="#[100]">&gt;&gt;</a>&nbsp;&nbsp;&nbsp;__rt_heap_descriptor
</UL>
<BR>[Called By]<UL><LI><a href="#[103]">&gt;&gt;</a>&nbsp;&nbsp;&nbsp;__Heap_ProvideMemory
</UL>

<P><STRONG><a name="[102]"></a>std::terminate()</STRONG> (Thumb, 26 bytes, Stack size 8 bytes, arm_exceptions_terminate.o(.text))
<BR><BR>[Stack]<UL><LI>Max Depth = 80 + Unknown Stack Size
<LI>Call Chain = std::terminate() &rArr; __cxa_get_globals &rArr; __ARM_exceptions_buffer_init &rArr; malloc &rArr; __Heap_Full &rArr; __Heap_ProvideMemory &rArr; free
</UL>
<BR>[Calls]<UL><LI><a href="#[108]">&gt;&gt;</a>&nbsp;&nbsp;&nbsp;__cxa_get_globals
<LI><a href="#[109]">&gt;&gt;</a>&nbsp;&nbsp;&nbsp;abort
</UL>
<BR>[Called By]<UL><LI><a href="#[8d]">&gt;&gt;</a>&nbsp;&nbsp;&nbsp;__default_new_handler()
</UL>

<P><STRONG><a name="[98]"></a>__user_setup_stackheap</STRONG> (Thumb, 74 bytes, Stack size 8 bytes, sys_stackheap_outer.o(.text))
<BR><BR>[Stack]<UL><LI>Max Depth = 8 + Unknown Stack Size
<LI>Call Chain = __user_setup_stackheap
</UL>
<BR>[Calls]<UL><LI><a href="#[10b]">&gt;&gt;</a>&nbsp;&nbsp;&nbsp;__user_initial_stackheap
<LI><a href="#[10a]">&gt;&gt;</a>&nbsp;&nbsp;&nbsp;__user_perproc_libspace
</UL>
<BR>[Called By]<UL><LI><a href="#[97]">&gt;&gt;</a>&nbsp;&nbsp;&nbsp;__rt_entry_sh
</UL>

<P><STRONG><a name="[103]"></a>__Heap_ProvideMemory</STRONG> (Thumb, 52 bytes, Stack size 0 bytes, h1_extend.o(.text))
<BR><BR>[Stack]<UL><LI>Max Depth = 16<LI>Call Chain = __Heap_ProvideMemory &rArr; free
</UL>
<BR>[Calls]<UL><LI><a href="#[107]">&gt;&gt;</a>&nbsp;&nbsp;&nbsp;free
</UL>
<BR>[Called By]<UL><LI><a href="#[95]">&gt;&gt;</a>&nbsp;&nbsp;&nbsp;_init_alloc
<LI><a href="#[101]">&gt;&gt;</a>&nbsp;&nbsp;&nbsp;__Heap_Full
</UL>

<P><STRONG><a name="[9d]"></a>exit</STRONG> (Thumb, 18 bytes, Stack size 8 bytes, exit.o(.text))
<BR><BR>[Stack]<UL><LI>Max Depth = 8 + Unknown Stack Size
<LI>Call Chain = exit
</UL>
<BR>[Calls]<UL><LI><a href="#[10c]">&gt;&gt;</a>&nbsp;&nbsp;&nbsp;__rt_exit
</UL>
<BR>[Called By]<UL><LI><a href="#[9b]">&gt;&gt;</a>&nbsp;&nbsp;&nbsp;__rt_entry_main
</UL>

<P><STRONG><a name="[109]"></a>abort</STRONG> (Thumb, 22 bytes, Stack size 8 bytes, abort.o(.text))
<BR><BR>[Stack]<UL><LI>Max Depth = 40 + Unknown Stack Size
<LI>Call Chain = abort &rArr; __rt_SIGABRT &rArr; __rt_SIGABRT_inner &rArr; __default_signal_display
</UL>
<BR>[Calls]<UL><LI><a href="#[a1]">&gt;&gt;</a>&nbsp;&nbsp;&nbsp;_sys_exit
<LI><a href="#[9f]">&gt;&gt;</a>&nbsp;&nbsp;&nbsp;__rt_lib_shutdown
<LI><a href="#[10d]">&gt;&gt;</a>&nbsp;&nbsp;&nbsp;__rt_SIGABRT
</UL>
<BR>[Called By]<UL><LI><a href="#[108]">&gt;&gt;</a>&nbsp;&nbsp;&nbsp;__cxa_get_globals
<LI><a href="#[8c]">&gt;&gt;</a>&nbsp;&nbsp;&nbsp;[local to arm_exceptions_c]::__default_terminate_handler()
<LI><a href="#[102]">&gt;&gt;</a>&nbsp;&nbsp;&nbsp;std::terminate()
</UL>

<P><STRONG><a name="[105]"></a>__rt_SIGRTMEM</STRONG> (Thumb, 14 bytes, Stack size 8 bytes, defsig_rtmem_outer.o(.text))
<BR><BR>[Stack]<UL><LI>Max Depth = 32<LI>Call Chain = __rt_SIGRTMEM &rArr; __rt_SIGRTMEM_inner &rArr; __default_signal_display
</UL>
<BR>[Calls]<UL><LI><a href="#[10e]">&gt;&gt;</a>&nbsp;&nbsp;&nbsp;__rt_SIGRTMEM_inner
<LI><a href="#[10f]">&gt;&gt;</a>&nbsp;&nbsp;&nbsp;__sig_exit
</UL>
<BR>[Called By]<UL><LI><a href="#[95]">&gt;&gt;</a>&nbsp;&nbsp;&nbsp;_init_alloc
<LI><a href="#[104]">&gt;&gt;</a>&nbsp;&nbsp;&nbsp;__Heap_Broken
</UL>

<P><STRONG><a name="[108]"></a>__cxa_get_globals</STRONG> (Thumb, 62 bytes, Stack size 16 bytes, arm_exceptions_globs.o(.text))
<BR><BR>[Stack]<UL><LI>Max Depth = 72 + Unknown Stack Size
<LI>Call Chain = __cxa_get_globals &rArr; __ARM_exceptions_buffer_init &rArr; malloc &rArr; __Heap_Full &rArr; __Heap_ProvideMemory &rArr; free
</UL>
<BR>[Calls]<UL><LI><a href="#[ff]">&gt;&gt;</a>&nbsp;&nbsp;&nbsp;malloc
<LI><a href="#[111]">&gt;&gt;</a>&nbsp;&nbsp;&nbsp;__ARM_exceptions_buffer_init
<LI><a href="#[110]">&gt;&gt;</a>&nbsp;&nbsp;&nbsp;__rt_eh_globals_addr
<LI><a href="#[109]">&gt;&gt;</a>&nbsp;&nbsp;&nbsp;abort
</UL>
<BR>[Called By]<UL><LI><a href="#[102]">&gt;&gt;</a>&nbsp;&nbsp;&nbsp;std::terminate()
</UL>

<P><STRONG><a name="[110]"></a>__rt_eh_globals_addr</STRONG> (Thumb, 8 bytes, Stack size 0 bytes, rt_eh_globals_addr_intlibspace.o(.text))
<BR><BR>[Called By]<UL><LI><a href="#[108]">&gt;&gt;</a>&nbsp;&nbsp;&nbsp;__cxa_get_globals
</UL>

<P><STRONG><a name="[10f]"></a>__sig_exit</STRONG> (Thumb, 10 bytes, Stack size 0 bytes, defsig_exit.o(.text))
<BR><BR>[Calls]<UL><LI><a href="#[a1]">&gt;&gt;</a>&nbsp;&nbsp;&nbsp;_sys_exit
</UL>
<BR>[Called By]<UL><LI><a href="#[10d]">&gt;&gt;</a>&nbsp;&nbsp;&nbsp;__rt_SIGABRT
<LI><a href="#[105]">&gt;&gt;</a>&nbsp;&nbsp;&nbsp;__rt_SIGRTMEM
</UL>

<P><STRONG><a name="[10d]"></a>__rt_SIGABRT</STRONG> (Thumb, 14 bytes, Stack size 8 bytes, defsig_abrt_outer.o(.text))
<BR><BR>[Stack]<UL><LI>Max Depth = 32<LI>Call Chain = __rt_SIGABRT &rArr; __rt_SIGABRT_inner &rArr; __default_signal_display
</UL>
<BR>[Calls]<UL><LI><a href="#[112]">&gt;&gt;</a>&nbsp;&nbsp;&nbsp;__rt_SIGABRT_inner
<LI><a href="#[10f]">&gt;&gt;</a>&nbsp;&nbsp;&nbsp;__sig_exit
</UL>
<BR>[Called By]<UL><LI><a href="#[109]">&gt;&gt;</a>&nbsp;&nbsp;&nbsp;abort
</UL>

<P><STRONG><a name="[10e]"></a>__rt_SIGRTMEM_inner</STRONG> (Thumb, 22 bytes, Stack size 8 bytes, defsig_rtmem_inner.o(.text))
<BR><BR>[Stack]<UL><LI>Max Depth = 24<LI>Call Chain = __rt_SIGRTMEM_inner &rArr; __default_signal_display
</UL>
<BR>[Calls]<UL><LI><a href="#[113]">&gt;&gt;</a>&nbsp;&nbsp;&nbsp;__default_signal_display
</UL>
<BR>[Called By]<UL><LI><a href="#[105]">&gt;&gt;</a>&nbsp;&nbsp;&nbsp;__rt_SIGRTMEM
</UL>

<P><STRONG><a name="[111]"></a>__ARM_exceptions_buffer_init</STRONG> (Thumb, 18 bytes, Stack size 8 bytes, arm_exceptions_mem.o(.text))
<BR><BR>[Stack]<UL><LI>Max Depth = 56<LI>Call Chain = __ARM_exceptions_buffer_init &rArr; malloc &rArr; __Heap_Full &rArr; __Heap_ProvideMemory &rArr; free
</UL>
<BR>[Calls]<UL><LI><a href="#[ff]">&gt;&gt;</a>&nbsp;&nbsp;&nbsp;malloc
</UL>
<BR>[Called By]<UL><LI><a href="#[108]">&gt;&gt;</a>&nbsp;&nbsp;&nbsp;__cxa_get_globals
</UL>

<P><STRONG><a name="[160]"></a>__ARM_exceptions_buffer_allocate</STRONG> (Thumb, 22 bytes, Stack size 0 bytes, arm_exceptions_mem.o(.text), UNUSED)

<P><STRONG><a name="[161]"></a>__ARM_exceptions_buffer_free</STRONG> (Thumb, 20 bytes, Stack size 0 bytes, arm_exceptions_mem.o(.text), UNUSED)

<P><STRONG><a name="[113]"></a>__default_signal_display</STRONG> (Thumb, 50 bytes, Stack size 16 bytes, defsig_general.o(.text))
<BR><BR>[Stack]<UL><LI>Max Depth = 16<LI>Call Chain = __default_signal_display
</UL>
<BR>[Calls]<UL><LI><a href="#[114]">&gt;&gt;</a>&nbsp;&nbsp;&nbsp;_ttywrch
</UL>
<BR>[Called By]<UL><LI><a href="#[112]">&gt;&gt;</a>&nbsp;&nbsp;&nbsp;__rt_SIGABRT_inner
<LI><a href="#[10e]">&gt;&gt;</a>&nbsp;&nbsp;&nbsp;__rt_SIGRTMEM_inner
</UL>

<P><STRONG><a name="[112]"></a>__rt_SIGABRT_inner</STRONG> (Thumb, 14 bytes, Stack size 8 bytes, defsig_abrt_inner.o(.text))
<BR><BR>[Stack]<UL><LI>Max Depth = 24<LI>Call Chain = __rt_SIGABRT_inner &rArr; __default_signal_display
</UL>
<BR>[Calls]<UL><LI><a href="#[113]">&gt;&gt;</a>&nbsp;&nbsp;&nbsp;__default_signal_display
</UL>
<BR>[Called By]<UL><LI><a href="#[10d]">&gt;&gt;</a>&nbsp;&nbsp;&nbsp;__rt_SIGABRT
</UL>

<P><STRONG><a name="[a9]"></a>operator new(unsigned)</STRONG> (Thumb, 34 bytes, Stack size 8 bytes, new.o(i._Znwj))
<BR><BR>[Stack]<UL><LI>Max Depth = 56<LI>Call Chain = operator new(unsigned) &rArr; malloc &rArr; __Heap_Full &rArr; __Heap_ProvideMemory &rArr; free
</UL>
<BR>[Calls]<UL><LI><a href="#[ff]">&gt;&gt;</a>&nbsp;&nbsp;&nbsp;malloc
<LI><a href="#[115]">&gt;&gt;</a>&nbsp;&nbsp;&nbsp;__rt_new_handler_addr
</UL>
<BR>[Called By]<UL><LI><a href="#[9c]">&gt;&gt;</a>&nbsp;&nbsp;&nbsp;main
</UL>
<P>
<H3>
Local Symbols
</H3>
<P><STRONG><a name="[8e]"></a>__sti___8_UART_cpp_RxFifo</STRONG> (Thumb, 10 bytes, Stack size 8 bytes, uart.o(.text))
<BR><BR>[Stack]<UL><LI>Max Depth = 8<LI>Call Chain = __sti___8_UART_cpp_RxFifo
</UL>
<BR>[Calls]<UL><LI><a href="#[b4]">&gt;&gt;</a>&nbsp;&nbsp;&nbsp;Queue::Queue()
</UL>
<BR>[Address Reference Count : 1]<UL><LI> uart.o(.init_array)
</UL>
<P><STRONG><a name="[b5]"></a>init_spi</STRONG> (Thumb, 26 bytes, Stack size 8 bytes, diskio.o(.text), UNUSED)
<BR><BR>[Calls]<UL><LI><a href="#[b8]">&gt;&gt;</a>&nbsp;&nbsp;&nbsp;TurnSD
<LI><a href="#[b7]">&gt;&gt;</a>&nbsp;&nbsp;&nbsp;SSI0_Init
<LI><a href="#[b9]">&gt;&gt;</a>&nbsp;&nbsp;&nbsp;Delay1ms
<LI><a href="#[b6]">&gt;&gt;</a>&nbsp;&nbsp;&nbsp;Timer1_Init
</UL>
<BR>[Called By]<UL><LI><a href="#[c9]">&gt;&gt;</a>&nbsp;&nbsp;&nbsp;disk_initialize
</UL>

<P><STRONG><a name="[bb]"></a>rcvr_spi</STRONG> (Thumb, 42 bytes, Stack size 0 bytes, diskio.o(.text), UNUSED)
<BR><BR>[Called By]<UL><LI><a href="#[ba]">&gt;&gt;</a>&nbsp;&nbsp;&nbsp;rcvr_spi_multi
</UL>

<P><STRONG><a name="[ba]"></a>rcvr_spi_multi</STRONG> (Thumb, 24 bytes, Stack size 16 bytes, diskio.o(.text), UNUSED)
<BR><BR>[Calls]<UL><LI><a href="#[bb]">&gt;&gt;</a>&nbsp;&nbsp;&nbsp;rcvr_spi
</UL>
<BR>[Called By]<UL><LI><a href="#[c5]">&gt;&gt;</a>&nbsp;&nbsp;&nbsp;rcvr_datablock
</UL>

<P><STRONG><a name="[c7]"></a>xmit_spi_multi</STRONG> (Thumb, 42 bytes, Stack size 8 bytes, diskio.o(.text), UNUSED)
<BR><BR>[Called By]<UL><LI><a href="#[c6]">&gt;&gt;</a>&nbsp;&nbsp;&nbsp;xmit_datablock
</UL>

<P><STRONG><a name="[bc]"></a>wait_ready</STRONG> (Thumb, 60 bytes, Stack size 16 bytes, diskio.o(.text), UNUSED)
<BR><BR>[Calls]<UL><LI><a href="#[bf]">&gt;&gt;</a>&nbsp;&nbsp;&nbsp;xchg_spi
<LI><a href="#[be]">&gt;&gt;</a>&nbsp;&nbsp;&nbsp;SwitchToSD
<LI><a href="#[bd]">&gt;&gt;</a>&nbsp;&nbsp;&nbsp;Timer1_Arm
</UL>
<BR>[Called By]<UL><LI><a href="#[cc]">&gt;&gt;</a>&nbsp;&nbsp;&nbsp;disk_ioctl
<LI><a href="#[c6]">&gt;&gt;</a>&nbsp;&nbsp;&nbsp;xmit_datablock
<LI><a href="#[c4]">&gt;&gt;</a>&nbsp;&nbsp;&nbsp;select
</UL>

<P><STRONG><a name="[c3]"></a>deselect</STRONG> (Thumb, 18 bytes, Stack size 8 bytes, diskio.o(.text), UNUSED)
<BR><BR>[Calls]<UL><LI><a href="#[bf]">&gt;&gt;</a>&nbsp;&nbsp;&nbsp;xchg_spi
<LI><a href="#[b8]">&gt;&gt;</a>&nbsp;&nbsp;&nbsp;TurnSD
</UL>
<BR>[Called By]<UL><LI><a href="#[cc]">&gt;&gt;</a>&nbsp;&nbsp;&nbsp;disk_ioctl
<LI><a href="#[cb]">&gt;&gt;</a>&nbsp;&nbsp;&nbsp;disk_write
<LI><a href="#[ca]">&gt;&gt;</a>&nbsp;&nbsp;&nbsp;disk_read
<LI><a href="#[c9]">&gt;&gt;</a>&nbsp;&nbsp;&nbsp;disk_initialize
<LI><a href="#[c8]">&gt;&gt;</a>&nbsp;&nbsp;&nbsp;send_cmd
<LI><a href="#[c4]">&gt;&gt;</a>&nbsp;&nbsp;&nbsp;select
</UL>

<P><STRONG><a name="[c4]"></a>select</STRONG> (Thumb, 36 bytes, Stack size 8 bytes, diskio.o(.text), UNUSED)
<BR><BR>[Calls]<UL><LI><a href="#[bf]">&gt;&gt;</a>&nbsp;&nbsp;&nbsp;xchg_spi
<LI><a href="#[be]">&gt;&gt;</a>&nbsp;&nbsp;&nbsp;SwitchToSD
<LI><a href="#[c3]">&gt;&gt;</a>&nbsp;&nbsp;&nbsp;deselect
<LI><a href="#[bc]">&gt;&gt;</a>&nbsp;&nbsp;&nbsp;wait_ready
</UL>
<BR>[Called By]<UL><LI><a href="#[cc]">&gt;&gt;</a>&nbsp;&nbsp;&nbsp;disk_ioctl
<LI><a href="#[c8]">&gt;&gt;</a>&nbsp;&nbsp;&nbsp;send_cmd
</UL>

<P><STRONG><a name="[c5]"></a>rcvr_datablock</STRONG> (Thumb, 88 bytes, Stack size 16 bytes, diskio.o(.text), UNUSED)
<BR><BR>[Calls]<UL><LI><a href="#[bf]">&gt;&gt;</a>&nbsp;&nbsp;&nbsp;xchg_spi
<LI><a href="#[be]">&gt;&gt;</a>&nbsp;&nbsp;&nbsp;SwitchToSD
<LI><a href="#[bd]">&gt;&gt;</a>&nbsp;&nbsp;&nbsp;Timer1_Arm
<LI><a href="#[ba]">&gt;&gt;</a>&nbsp;&nbsp;&nbsp;rcvr_spi_multi
</UL>
<BR>[Called By]<UL><LI><a href="#[cc]">&gt;&gt;</a>&nbsp;&nbsp;&nbsp;disk_ioctl
<LI><a href="#[ca]">&gt;&gt;</a>&nbsp;&nbsp;&nbsp;disk_read
</UL>

<P><STRONG><a name="[c6]"></a>xmit_datablock</STRONG> (Thumb, 88 bytes, Stack size 16 bytes, diskio.o(.text), UNUSED)
<BR><BR>[Calls]<UL><LI><a href="#[bf]">&gt;&gt;</a>&nbsp;&nbsp;&nbsp;xchg_spi
<LI><a href="#[be]">&gt;&gt;</a>&nbsp;&nbsp;&nbsp;SwitchToSD
<LI><a href="#[bc]">&gt;&gt;</a>&nbsp;&nbsp;&nbsp;wait_ready
<LI><a href="#[c7]">&gt;&gt;</a>&nbsp;&nbsp;&nbsp;xmit_spi_multi
</UL>
<BR>[Called By]<UL><LI><a href="#[cb]">&gt;&gt;</a>&nbsp;&nbsp;&nbsp;disk_write
</UL>

<P><STRONG><a name="[c8]"></a>send_cmd</STRONG> (Thumb, 176 bytes, Stack size 24 bytes, diskio.o(.text), UNUSED)
<BR><BR>[Calls]<UL><LI><a href="#[bf]">&gt;&gt;</a>&nbsp;&nbsp;&nbsp;xchg_spi
<LI><a href="#[c8]">&gt;&gt;</a>&nbsp;&nbsp;&nbsp;send_cmd
<LI><a href="#[c4]">&gt;&gt;</a>&nbsp;&nbsp;&nbsp;select
<LI><a href="#[c3]">&gt;&gt;</a>&nbsp;&nbsp;&nbsp;deselect
</UL>
<BR>[Called By]<UL><LI><a href="#[cc]">&gt;&gt;</a>&nbsp;&nbsp;&nbsp;disk_ioctl
<LI><a href="#[cb]">&gt;&gt;</a>&nbsp;&nbsp;&nbsp;disk_write
<LI><a href="#[ca]">&gt;&gt;</a>&nbsp;&nbsp;&nbsp;disk_read
<LI><a href="#[c9]">&gt;&gt;</a>&nbsp;&nbsp;&nbsp;disk_initialize
<LI><a href="#[c8]">&gt;&gt;</a>&nbsp;&nbsp;&nbsp;send_cmd
</UL>

<P><STRONG><a name="[d5]"></a>commonInit(const cmdList*)</STRONG> (Thumb, 34 bytes, Stack size 8 bytes, display.o(.text))
<BR><BR>[Stack]<UL><LI>Max Depth = 48 + Unknown Stack Size
<LI>Call Chain = commonInit(const cmdList*) &rArr; commandList &rArr; xchg_spi
</UL>
<BR>[Calls]<UL><LI><a href="#[d1]">&gt;&gt;</a>&nbsp;&nbsp;&nbsp;SwitchToDisplay
<LI><a href="#[d0]">&gt;&gt;</a>&nbsp;&nbsp;&nbsp;commandList
<LI><a href="#[b7]">&gt;&gt;</a>&nbsp;&nbsp;&nbsp;SSI0_Init
</UL>
<BR>[Called By]<UL><LI><a href="#[dd]">&gt;&gt;</a>&nbsp;&nbsp;&nbsp;Display_InitR(initRFlags)
<LI><a href="#[db]">&gt;&gt;</a>&nbsp;&nbsp;&nbsp;Display_InitB()
</UL>

<P><STRONG><a name="[d6]"></a>setAddrWindow(unsigned char, unsigned char, unsigned char, unsigned char)</STRONG> (Thumb, 196 bytes, Stack size 56 bytes, display.o(.text))
<BR><BR>[Stack]<UL><LI>Max Depth = 72 + Unknown Stack Size
<LI>Call Chain = setAddrWindow(unsigned char, unsigned char, unsigned char, unsigned char) &rArr; xchg_spi
</UL>
<BR>[Calls]<UL><LI><a href="#[d7]">&gt;&gt;</a>&nbsp;&nbsp;&nbsp;convX(unsigned char)
<LI><a href="#[d8]">&gt;&gt;</a>&nbsp;&nbsp;&nbsp;convY(unsigned char)
<LI><a href="#[d1]">&gt;&gt;</a>&nbsp;&nbsp;&nbsp;SwitchToDisplay
<LI><a href="#[bf]">&gt;&gt;</a>&nbsp;&nbsp;&nbsp;xchg_spi
</UL>
<BR>[Called By]<UL><LI><a href="#[e9]">&gt;&gt;</a>&nbsp;&nbsp;&nbsp;Display_DrawChar(short, short, char, short, short, unsigned char)
<LI><a href="#[e5]">&gt;&gt;</a>&nbsp;&nbsp;&nbsp;Display_UnrenderSprite(short, short, short, short, const unsigned short*)
<LI><a href="#[e4]">&gt;&gt;</a>&nbsp;&nbsp;&nbsp;Display_RenderSprite(short, short, const unsigned short*, short, short, unsigned short, const unsigned short*)
<LI><a href="#[e3]">&gt;&gt;</a>&nbsp;&nbsp;&nbsp;Display_DrawCircle(short, short, unsigned short)
<LI><a href="#[e2]">&gt;&gt;</a>&nbsp;&nbsp;&nbsp;Display_DrawSmallCircle(short, short, unsigned short)
<LI><a href="#[e1]">&gt;&gt;</a>&nbsp;&nbsp;&nbsp;Display_DrawFastHLine(short, short, short, unsigned short)
<LI><a href="#[e0]">&gt;&gt;</a>&nbsp;&nbsp;&nbsp;Display_DrawFastVLine(short, short, short, unsigned short)
<LI><a href="#[df]">&gt;&gt;</a>&nbsp;&nbsp;&nbsp;Display_DrawPixel(short, short, unsigned short)
<LI><a href="#[d9]">&gt;&gt;</a>&nbsp;&nbsp;&nbsp;Display_FillRect(short, short, short, short, unsigned short)
<LI><a href="#[a8]">&gt;&gt;</a>&nbsp;&nbsp;&nbsp;Display_DrawBitmap(short, short, const unsigned short*, short, short)
</UL>

<P><STRONG><a name="[de]"></a>pushColor(unsigned short)</STRONG> (Thumb, 26 bytes, Stack size 8 bytes, display.o(.text), UNUSED)
<BR><BR>[Calls]<UL><LI><a href="#[d1]">&gt;&gt;</a>&nbsp;&nbsp;&nbsp;SwitchToDisplay
<LI><a href="#[bf]">&gt;&gt;</a>&nbsp;&nbsp;&nbsp;xchg_spi
</UL>
<BR>[Called By]<UL><LI><a href="#[e9]">&gt;&gt;</a>&nbsp;&nbsp;&nbsp;Display_DrawChar(short, short, char, short, short, unsigned char)
<LI><a href="#[df]">&gt;&gt;</a>&nbsp;&nbsp;&nbsp;Display_DrawPixel(short, short, unsigned short)
</UL>

<P><STRONG><a name="[8c]"></a>[local to arm_exceptions_c]::__default_terminate_handler()</STRONG> (Thumb, 6 bytes, Stack size 8 bytes, arm_exceptions_globs.o(.text))
<BR><BR>[Stack]<UL><LI>Max Depth = 48 + Unknown Stack Size
<LI>Call Chain = [local to arm_exceptions_c]::__default_terminate_handler() &rArr; abort &rArr; __rt_SIGABRT &rArr; __rt_SIGABRT_inner &rArr; __default_signal_display
</UL>
<BR>[Calls]<UL><LI><a href="#[109]">&gt;&gt;</a>&nbsp;&nbsp;&nbsp;abort
</UL>
<BR>[Address Reference Count : 1]<UL><LI> arm_exceptions_globs.o(.text)
</UL><P>
<H3>
Undefined Global Symbols
</H3><HR></body></html>
